<?xml version="1.0" encoding="ISO-8859-1" ?>
<link_info>
   <banner>TI ARM Linker PC v20.2.5.LTS</banner>
   <copyright>Copyright (c) 1996-2018 Texas Instruments Incorporated</copyright>
   <link_time>0x62d0f6a7</link_time>
   <link_errors>0x0</link_errors>
   <output_file>boot_apppart.out</output_file>
   <entry_point>
      <name>_c_int00_noargs</name>
      <address>0x6fe5</address>
   </entry_point>
   <input_file_list>
      <input_file id="fl-2">
         <path>.\</path>
         <kind>object</kind>
         <file>main.obj</file>
         <name>main.obj</name>
      </input_file>
      <input_file id="fl-3">
         <path>.\</path>
         <kind>object</kind>
         <file>tm4c1290nczad_startup_ccs.obj</file>
         <name>tm4c1290nczad_startup_ccs.obj</name>
      </input_file>
      <input_file id="fl-4">
         <path>.\MCU_API\src\</path>
         <kind>object</kind>
         <file>API_Uart.obj</file>
         <name>API_Uart.obj</name>
      </input_file>
      <input_file id="fl-5">
         <path>.\MCU_App\src\</path>
         <kind>object</kind>
         <file>app_bootloader.obj</file>
         <name>app_bootloader.obj</name>
      </input_file>
      <input_file id="fl-6">
         <path>.\MCU_bsp\src\</path>
         <kind>object</kind>
         <file>bsp_SPI.obj</file>
         <name>bsp_SPI.obj</name>
      </input_file>
      <input_file id="fl-7">
         <path>.\MCU_bsp\src\</path>
         <kind>object</kind>
         <file>bsp_Time.obj</file>
         <name>bsp_Time.obj</name>
      </input_file>
      <input_file id="fl-8">
         <path>.\MCU_bsp\src\</path>
         <kind>object</kind>
         <file>bsp_Uart.obj</file>
         <name>bsp_Uart.obj</name>
      </input_file>
      <input_file id="fl-9">
         <path>.\MCU_bsp\src\</path>
         <kind>object</kind>
         <file>bsp_gpio.obj</file>
         <name>bsp_gpio.obj</name>
      </input_file>
      <input_file id="fl-a">
         <path>.\driverlib\</path>
         <kind>object</kind>
         <file>adc.obj</file>
         <name>adc.obj</name>
      </input_file>
      <input_file id="fl-b">
         <path>.\driverlib\</path>
         <kind>object</kind>
         <file>aes.obj</file>
         <name>aes.obj</name>
      </input_file>
      <input_file id="fl-c">
         <path>.\driverlib\</path>
         <kind>object</kind>
         <file>can.obj</file>
         <name>can.obj</name>
      </input_file>
      <input_file id="fl-d">
         <path>.\driverlib\</path>
         <kind>object</kind>
         <file>comp.obj</file>
         <name>comp.obj</name>
      </input_file>
      <input_file id="fl-e">
         <path>.\driverlib\</path>
         <kind>object</kind>
         <file>cpu.obj</file>
         <name>cpu.obj</name>
      </input_file>
      <input_file id="fl-f">
         <path>.\driverlib\</path>
         <kind>object</kind>
         <file>crc.obj</file>
         <name>crc.obj</name>
      </input_file>
      <input_file id="fl-10">
         <path>.\driverlib\</path>
         <kind>object</kind>
         <file>des.obj</file>
         <name>des.obj</name>
      </input_file>
      <input_file id="fl-11">
         <path>.\driverlib\</path>
         <kind>object</kind>
         <file>eeprom.obj</file>
         <name>eeprom.obj</name>
      </input_file>
      <input_file id="fl-12">
         <path>.\driverlib\</path>
         <kind>object</kind>
         <file>emac.obj</file>
         <name>emac.obj</name>
      </input_file>
      <input_file id="fl-13">
         <path>.\driverlib\</path>
         <kind>object</kind>
         <file>epi.obj</file>
         <name>epi.obj</name>
      </input_file>
      <input_file id="fl-14">
         <path>.\driverlib\</path>
         <kind>object</kind>
         <file>epi_workaround_ccs.obj</file>
         <name>epi_workaround_ccs.obj</name>
      </input_file>
      <input_file id="fl-15">
         <path>.\driverlib\</path>
         <kind>object</kind>
         <file>flash.obj</file>
         <name>flash.obj</name>
      </input_file>
      <input_file id="fl-16">
         <path>.\driverlib\</path>
         <kind>object</kind>
         <file>fpu.obj</file>
         <name>fpu.obj</name>
      </input_file>
      <input_file id="fl-17">
         <path>.\driverlib\</path>
         <kind>object</kind>
         <file>gpio.obj</file>
         <name>gpio.obj</name>
      </input_file>
      <input_file id="fl-18">
         <path>.\driverlib\</path>
         <kind>object</kind>
         <file>hibernate.obj</file>
         <name>hibernate.obj</name>
      </input_file>
      <input_file id="fl-19">
         <path>.\driverlib\</path>
         <kind>object</kind>
         <file>i2c.obj</file>
         <name>i2c.obj</name>
      </input_file>
      <input_file id="fl-1a">
         <path>.\driverlib\</path>
         <kind>object</kind>
         <file>interrupt.obj</file>
         <name>interrupt.obj</name>
      </input_file>
      <input_file id="fl-1b">
         <path>.\driverlib\</path>
         <kind>object</kind>
         <file>lcd.obj</file>
         <name>lcd.obj</name>
      </input_file>
      <input_file id="fl-1c">
         <path>.\driverlib\</path>
         <kind>object</kind>
         <file>mpu.obj</file>
         <name>mpu.obj</name>
      </input_file>
      <input_file id="fl-1d">
         <path>.\driverlib\</path>
         <kind>object</kind>
         <file>onewire.obj</file>
         <name>onewire.obj</name>
      </input_file>
      <input_file id="fl-1e">
         <path>.\driverlib\</path>
         <kind>object</kind>
         <file>pwm.obj</file>
         <name>pwm.obj</name>
      </input_file>
      <input_file id="fl-1f">
         <path>.\driverlib\</path>
         <kind>object</kind>
         <file>qei.obj</file>
         <name>qei.obj</name>
      </input_file>
      <input_file id="fl-20">
         <path>.\driverlib\</path>
         <kind>object</kind>
         <file>shamd5.obj</file>
         <name>shamd5.obj</name>
      </input_file>
      <input_file id="fl-21">
         <path>.\driverlib\</path>
         <kind>object</kind>
         <file>ssi.obj</file>
         <name>ssi.obj</name>
      </input_file>
      <input_file id="fl-22">
         <path>.\driverlib\</path>
         <kind>object</kind>
         <file>sw_crc.obj</file>
         <name>sw_crc.obj</name>
      </input_file>
      <input_file id="fl-23">
         <path>.\driverlib\</path>
         <kind>object</kind>
         <file>sysctl.obj</file>
         <name>sysctl.obj</name>
      </input_file>
      <input_file id="fl-24">
         <path>.\driverlib\</path>
         <kind>object</kind>
         <file>sysexc.obj</file>
         <name>sysexc.obj</name>
      </input_file>
      <input_file id="fl-25">
         <path>.\driverlib\</path>
         <kind>object</kind>
         <file>systick.obj</file>
         <name>systick.obj</name>
      </input_file>
      <input_file id="fl-26">
         <path>.\driverlib\</path>
         <kind>object</kind>
         <file>timer.obj</file>
         <name>timer.obj</name>
      </input_file>
      <input_file id="fl-27">
         <path>.\driverlib\</path>
         <kind>object</kind>
         <file>uart.obj</file>
         <name>uart.obj</name>
      </input_file>
      <input_file id="fl-28">
         <path>.\driverlib\</path>
         <kind>object</kind>
         <file>udma.obj</file>
         <name>udma.obj</name>
      </input_file>
      <input_file id="fl-29">
         <path>.\driverlib\</path>
         <kind>object</kind>
         <file>usb.obj</file>
         <name>usb.obj</name>
      </input_file>
      <input_file id="fl-2a">
         <path>.\driverlib\</path>
         <kind>object</kind>
         <file>watchdog.obj</file>
         <name>watchdog.obj</name>
      </input_file>
      <input_file id="fl-32">
         <kind>object</kind>
         <file>&lt;internal&gt;</file>
         <name>&lt;internal&gt;</name>
      </input_file>
      <input_file id="fl-e8">
         <path>C:\ti\ccs1040\ccs\tools\compiler\ti-cgt-arm_20.2.5.LTS\lib\</path>
         <kind>archive</kind>
         <file>rtsv7M4_T_le_v4SPD16_eabi.lib</file>
         <name>memcpy_t2.asm.obj</name>
      </input_file>
      <input_file id="fl-e9">
         <path>C:\ti\ccs1040\ccs\tools\compiler\ti-cgt-arm_20.2.5.LTS\lib\</path>
         <kind>archive</kind>
         <file>rtsv7M4_T_le_v4SPD16_eabi.lib</file>
         <name>copy_zero_init.c.obj</name>
      </input_file>
      <input_file id="fl-ea">
         <path>C:\ti\ccs1040\ccs\tools\compiler\ti-cgt-arm_20.2.5.LTS\lib\</path>
         <kind>archive</kind>
         <file>rtsv7M4_T_le_v4SPD16_eabi.lib</file>
         <name>copy_decompress_none.c.obj</name>
      </input_file>
      <input_file id="fl-eb">
         <path>C:\ti\ccs1040\ccs\tools\compiler\ti-cgt-arm_20.2.5.LTS\lib\</path>
         <kind>archive</kind>
         <file>rtsv7M4_T_le_v4SPD16_eabi.lib</file>
         <name>copy_decompress_lzss.c.obj</name>
      </input_file>
      <input_file id="fl-ec">
         <path>C:\ti\ccs1040\ccs\tools\compiler\ti-cgt-arm_20.2.5.LTS\lib\</path>
         <kind>archive</kind>
         <file>rtsv7M4_T_le_v4SPD16_eabi.lib</file>
         <name>boot_cortex_m.c.obj</name>
      </input_file>
      <input_file id="fl-ed">
         <path>C:\ti\ccs1040\ccs\tools\compiler\ti-cgt-arm_20.2.5.LTS\lib\</path>
         <kind>archive</kind>
         <file>rtsv7M4_T_le_v4SPD16_eabi.lib</file>
         <name>memset_t2.asm.obj</name>
      </input_file>
      <input_file id="fl-ee">
         <path>C:\ti\ccs1040\ccs\tools\compiler\ti-cgt-arm_20.2.5.LTS\lib\</path>
         <kind>archive</kind>
         <file>rtsv7M4_T_le_v4SPD16_eabi.lib</file>
         <name>autoinit.c.obj</name>
      </input_file>
      <input_file id="fl-ef">
         <path>C:\ti\ccs1040\ccs\tools\compiler\ti-cgt-arm_20.2.5.LTS\lib\</path>
         <kind>archive</kind>
         <file>rtsv7M4_T_le_v4SPD16_eabi.lib</file>
         <name>pre_init.c.obj</name>
      </input_file>
      <input_file id="fl-f0">
         <path>C:\ti\ccs1040\ccs\tools\compiler\ti-cgt-arm_20.2.5.LTS\lib\</path>
         <kind>archive</kind>
         <file>rtsv7M4_T_le_v4SPD16_eabi.lib</file>
         <name>cpy_tbl.c.obj</name>
      </input_file>
      <input_file id="fl-f1">
         <path>C:\ti\ccs1040\ccs\tools\compiler\ti-cgt-arm_20.2.5.LTS\lib\</path>
         <kind>archive</kind>
         <file>rtsv7M4_T_le_v4SPD16_eabi.lib</file>
         <name>exit.c.obj</name>
      </input_file>
      <input_file id="fl-f2">
         <path>C:\ti\ccs1040\ccs\tools\compiler\ti-cgt-arm_20.2.5.LTS\lib\</path>
         <kind>archive</kind>
         <file>rtsv7M4_T_le_v4SPD16_eabi.lib</file>
         <name>_lock.c.obj</name>
      </input_file>
      <input_file id="fl-f3">
         <path>C:\ti\ccs1040\ccs\tools\compiler\ti-cgt-arm_20.2.5.LTS\lib\</path>
         <kind>archive</kind>
         <file>rtsv7M4_T_le_v4SPD16_eabi.lib</file>
         <name>args_main.c.obj</name>
      </input_file>
   </input_file_list>
   <object_component_list>
      <object_component id="oc-12">
         <name>.intvecs</name>
         <load_address>0x4000</load_address>
         <run_address>0x4000</run_address>
         <size>0x208</size>
         <input_file_ref idref="fl-3"/>
      </object_component>
      <object_component id="oc-7a">
         <name>.text</name>
         <load_address>0x4208</load_address>
         <run_address>0x4208</run_address>
         <size>0xf80</size>
         <input_file_ref idref="fl-23"/>
      </object_component>
      <object_component id="oc-80">
         <name>.text</name>
         <load_address>0x5188</load_address>
         <run_address>0x5188</run_address>
         <size>0xb94</size>
         <input_file_ref idref="fl-17"/>
      </object_component>
      <object_component id="oc-86">
         <name>.text</name>
         <load_address>0x5d1c</load_address>
         <run_address>0x5d1c</run_address>
         <size>0x62e</size>
         <input_file_ref idref="fl-27"/>
      </object_component>
      <object_component id="oc-8c">
         <name>.text</name>
         <load_address>0x634c</load_address>
         <run_address>0x634c</run_address>
         <size>0x3c0</size>
         <input_file_ref idref="fl-1a"/>
      </object_component>
      <object_component id="oc-b5">
         <name>.text</name>
         <load_address>0x670c</load_address>
         <run_address>0x670c</run_address>
         <size>0x336</size>
         <input_file_ref idref="fl-21"/>
      </object_component>
      <object_component id="oc-17c">
         <name>.text</name>
         <load_address>0x6a44</load_address>
         <run_address>0x6a44</run_address>
         <size>0x164</size>
         <input_file_ref idref="fl-5"/>
      </object_component>
      <object_component id="oc-92">
         <name>.text</name>
         <load_address>0x6ba8</load_address>
         <run_address>0x6ba8</run_address>
         <size>0x10c</size>
         <input_file_ref idref="fl-4"/>
      </object_component>
      <object_component id="oc-2d">
         <name>.text</name>
         <load_address>0x6cb4</load_address>
         <run_address>0x6cb4</run_address>
         <size>0xf8</size>
         <input_file_ref idref="fl-8"/>
      </object_component>
      <object_component id="oc-33">
         <name>.text</name>
         <load_address>0x6dac</load_address>
         <run_address>0x6dac</run_address>
         <size>0xb0</size>
         <input_file_ref idref="fl-6"/>
      </object_component>
      <object_component id="oc-47">
         <name>.text</name>
         <load_address>0x6e5c</load_address>
         <run_address>0x6e5c</run_address>
         <size>0x9c</size>
         <input_file_ref idref="fl-e8"/>
      </object_component>
      <object_component id="oc-15">
         <name>.text:decompress:lzss:__TI_decompress_lzss</name>
         <load_address>0x6ef8</load_address>
         <run_address>0x6ef8</run_address>
         <size>0x68</size>
         <input_file_ref idref="fl-eb"/>
      </object_component>
      <object_component id="oc-18f">
         <name>.text:__TI_auto_init_nobinit_nopinit:__TI_auto_init_nobinit_nopinit</name>
         <load_address>0x6f60</load_address>
         <run_address>0x6f60</run_address>
         <size>0x44</size>
         <input_file_ref idref="fl-ee"/>
      </object_component>
      <object_component id="oc-fa">
         <name>.text</name>
         <load_address>0x6fa4</load_address>
         <run_address>0x6fa4</run_address>
         <size>0x3e</size>
         <input_file_ref idref="fl-e"/>
      </object_component>
      <object_component id="oc-65">
         <name>.text:_c_int00_noargs:_c_int00_noargs</name>
         <load_address>0x6fe4</load_address>
         <run_address>0x6fe4</run_address>
         <size>0x34</size>
         <input_file_ref idref="fl-ec"/>
      </object_component>
      <object_component id="oc-176">
         <name>.text</name>
         <load_address>0x7018</load_address>
         <run_address>0x7018</run_address>
         <size>0x20</size>
         <input_file_ref idref="fl-7"/>
      </object_component>
      <object_component id="oc-53">
         <name>.text:decompress:ZI:__TI_zero_init_nomemset:__TI_zero_init_nomemset</name>
         <load_address>0x7038</load_address>
         <run_address>0x7038</run_address>
         <size>0x1c</size>
         <input_file_ref idref="fl-e9"/>
      </object_component>
      <object_component id="oc-e5">
         <name>.text</name>
         <load_address>0x7054</load_address>
         <run_address>0x7054</run_address>
         <size>0x10</size>
         <input_file_ref idref="fl-2"/>
      </object_component>
      <object_component id="oc-1b">
         <name>.text:decompress:none:__TI_decompress_none</name>
         <load_address>0x7064</load_address>
         <run_address>0x7064</run_address>
         <size>0xe</size>
         <input_file_ref idref="fl-ea"/>
      </object_component>
      <object_component id="oc-27">
         <name>.text</name>
         <load_address>0x7072</load_address>
         <run_address>0x7072</run_address>
         <size>0xc</size>
         <input_file_ref idref="fl-3"/>
      </object_component>
      <object_component id="oc-109">
         <name>.text:SysCtlDelay</name>
         <load_address>0x707e</load_address>
         <run_address>0x707e</run_address>
         <size>0x6</size>
         <input_file_ref idref="fl-23"/>
      </object_component>
      <object_component id="oc-df">
         <name>.text:_system_pre_init</name>
         <load_address>0x7084</load_address>
         <run_address>0x7084</run_address>
         <size>0x4</size>
         <input_file_ref idref="fl-ef"/>
      </object_component>
      <object_component id="oc-183">
         <name>.text:abort:abort</name>
         <load_address>0x7088</load_address>
         <run_address>0x7088</run_address>
         <size>0x4</size>
         <input_file_ref idref="fl-f1"/>
      </object_component>
      <object_component id="oc-106">
         <name>.const:g_pppui32XTALtoVCO</name>
         <load_address>0x708c</load_address>
         <run_address>0x708c</run_address>
         <size>0x1b0</size>
         <input_file_ref idref="fl-23"/>
      </object_component>
      <object_component id="oc-114">
         <name>.const:g_ppui32GPIOIntMapSnowflake</name>
         <load_address>0x723c</load_address>
         <run_address>0x723c</run_address>
         <size>0xd8</size>
         <input_file_ref idref="fl-17"/>
      </object_component>
      <object_component id="oc-111">
         <name>.const:g_ppui32GPIOIntMapBlizzard</name>
         <load_address>0x7314</load_address>
         <run_address>0x7314</run_address>
         <size>0xc0</size>
         <input_file_ref idref="fl-17"/>
      </object_component>
      <object_component id="oc-12a">
         <name>.const:g_pui32Regs</name>
         <load_address>0x73d4</load_address>
         <run_address>0x73d4</run_address>
         <size>0x9c</size>
         <input_file_ref idref="fl-1a"/>
      </object_component>
      <object_component id="oc-117">
         <name>.const:g_pui32GPIOBaseAddrs</name>
         <load_address>0x7470</load_address>
         <run_address>0x7470</run_address>
         <size>0x90</size>
         <input_file_ref idref="fl-17"/>
      </object_component>
      <object_component id="oc-100">
         <name>.const:g_pui32Xtals</name>
         <load_address>0x7500</load_address>
         <run_address>0x7500</run_address>
         <size>0x6c</size>
         <input_file_ref idref="fl-23"/>
      </object_component>
      <object_component id="oc-11c">
         <name>.const:g_ppui32UARTIntMap</name>
         <load_address>0x756c</load_address>
         <run_address>0x756c</run_address>
         <size>0x40</size>
         <input_file_ref idref="fl-27"/>
      </object_component>
      <object_component id="oc-11f">
         <name>.const:g_ppui32UARTIntMapSnowflake</name>
         <load_address>0x75ac</load_address>
         <run_address>0x75ac</run_address>
         <size>0x40</size>
         <input_file_ref idref="fl-27"/>
      </object_component>
      <object_component id="oc-f7">
         <name>.const:g_sXTALtoMEMTIM</name>
         <load_address>0x75ec</load_address>
         <run_address>0x75ec</run_address>
         <size>0x30</size>
         <input_file_ref idref="fl-23"/>
      </object_component>
      <object_component id="oc-15e">
         <name>.const:g_ppui32SSIIntMap</name>
         <load_address>0x761c</load_address>
         <run_address>0x761c</run_address>
         <size>0x20</size>
         <input_file_ref idref="fl-21"/>
      </object_component>
      <object_component id="oc-161">
         <name>.const:g_ppui32SSIIntMapSnowflake</name>
         <load_address>0x763c</load_address>
         <run_address>0x763c</run_address>
         <size>0x20</size>
         <input_file_ref idref="fl-21"/>
      </object_component>
      <object_component id="oc-127">
         <name>.const:g_pui32Priority</name>
         <load_address>0x765c</load_address>
         <run_address>0x765c</run_address>
         <size>0x20</size>
         <input_file_ref idref="fl-1a"/>
      </object_component>
      <object_component id="oc-130">
         <name>.const:g_pui32Dii16Regs</name>
         <load_address>0x767c</load_address>
         <run_address>0x767c</run_address>
         <size>0x14</size>
         <input_file_ref idref="fl-1a"/>
      </object_component>
      <object_component id="oc-12d">
         <name>.const:g_pui32EnRegs</name>
         <load_address>0x7690</load_address>
         <run_address>0x7690</run_address>
         <size>0x14</size>
         <input_file_ref idref="fl-1a"/>
      </object_component>
      <object_component id="oc-133">
         <name>.const:g_pui32PendRegs</name>
         <load_address>0x76a4</load_address>
         <run_address>0x76a4</run_address>
         <size>0x14</size>
         <input_file_ref idref="fl-1a"/>
      </object_component>
      <object_component id="oc-136">
         <name>.const:g_pui32UnpendRegs</name>
         <load_address>0x76b8</load_address>
         <run_address>0x76b8</run_address>
         <size>0x14</size>
         <input_file_ref idref="fl-1a"/>
      </object_component>
      <object_component id="oc-103">
         <name>.const:g_pui32VCOFrequencies</name>
         <load_address>0x76cc</load_address>
         <run_address>0x76cc</run_address>
         <size>0x8</size>
         <input_file_ref idref="fl-23"/>
      </object_component>
      <object_component id="oc-28c">
         <name>.cinit..data.load</name>
         <load_address>0x76d8</load_address>
         <run_address>0x76d8</run_address>
         <size>0x35</size>
      </object_component>
      <object_component id="oc-289">
         <name>__TI_handler_table</name>
         <load_address>0x7710</load_address>
         <run_address>0x7710</run_address>
         <size>0xc</size>
      </object_component>
      <object_component id="oc-28d">
         <name>.cinit..bss.load</name>
         <load_address>0x7720</load_address>
         <run_address>0x7720</run_address>
         <size>0x8</size>
      </object_component>
      <object_component id="oc-28b">
         <name>.cinit..vtable.load</name>
         <load_address>0x7728</load_address>
         <run_address>0x7728</run_address>
         <size>0x8</size>
      </object_component>
      <object_component id="oc-28a">
         <name>__TI_cinit_table</name>
         <load_address>0x7730</load_address>
         <run_address>0x7730</run_address>
         <size>0x18</size>
      </object_component>
      <object_component id="oc-124">
         <name>.vtable</name>
         <uninitialized>true</uninitialized>
         <run_address>0x20000000</run_address>
         <size>0x26c</size>
         <input_file_ref idref="fl-1a"/>
      </object_component>
      <object_component id="oc-202">
         <name>.data</name>
         <load_address>0x200004ce</load_address>
         <run_address>0x200004ce</run_address>
         <size>0x1</size>
         <input_file_ref idref="fl-5"/>
      </object_component>
      <object_component id="oc-1f9">
         <name>.data:Mod_List</name>
         <load_address>0x200004cb</load_address>
         <run_address>0x200004cb</run_address>
         <size>0x3</size>
         <input_file_ref idref="fl-5"/>
      </object_component>
      <object_component id="oc-1fc">
         <name>.data:CMD_List</name>
         <load_address>0x200004c8</load_address>
         <run_address>0x200004c8</run_address>
         <size>0x3</size>
         <input_file_ref idref="fl-5"/>
      </object_component>
      <object_component id="oc-1f5">
         <name>.data:Fonction_List</name>
         <load_address>0x200004ba</load_address>
         <run_address>0x200004ba</run_address>
         <size>0xe</size>
         <input_file_ref idref="fl-5"/>
      </object_component>
      <object_component id="oc-1ff">
         <name>.data:StatusRegister_list</name>
         <load_address>0x200004a2</load_address>
         <run_address>0x200004a2</run_address>
         <size>0x18</size>
         <input_file_ref idref="fl-5"/>
      </object_component>
      <object_component id="oc-98">
         <name>.common:g_ui32SysClock</name>
         <uninitialized>true</uninitialized>
         <run_address>0x20000498</run_address>
         <size>0x8</size>
      </object_component>
      <object_component id="oc-bb">
         <name>.common:g_breceiveFlag</name>
         <uninitialized>true</uninitialized>
         <run_address>0x200004a1</run_address>
         <size>0x1</size>
      </object_component>
      <object_component id="oc-1f8">
         <name>.common:TxMessage</name>
         <uninitialized>true</uninitialized>
         <run_address>0x20000490</run_address>
         <size>0x8</size>
      </object_component>
      <object_component id="oc-a7">
         <name>.common:rxBuffer</name>
         <uninitialized>true</uninitialized>
         <run_address>0x20000480</run_address>
         <size>0x10</size>
      </object_component>
      <object_component id="oc-a8">
         <name>.common:Buffer</name>
         <uninitialized>true</uninitialized>
         <run_address>0x20000470</run_address>
         <size>0x10</size>
      </object_component>
      <object_component id="oc-a9">
         <name>.common:Reciveflag</name>
         <uninitialized>true</uninitialized>
         <run_address>0x200004a0</run_address>
         <size>0x1</size>
      </object_component>
      <object_component id="oc-24">
         <name>.stack</name>
         <uninitialized>true</uninitialized>
         <run_address>0x20000270</run_address>
         <size>0x4</size>
         <input_file_ref idref="fl-ec"/>
      </object_component>
      <object_component id="oc-28f">
         <name>.stack</name>
         <uninitialized>true</uninitialized>
         <run_address>0x20000270</run_address>
         <size>0x0</size>
      </object_component>
      <object_component id="oc-99">
         <name>.debug_info</name>
         <load_address>0x0</load_address>
         <run_address>0x0</run_address>
         <size>0x3b6</size>
         <input_file_ref idref="fl-2"/>
      </object_component>
      <object_component id="oc-e6">
         <name>.debug_info</name>
         <load_address>0x3b6</load_address>
         <run_address>0x3b6</run_address>
         <size>0x128</size>
         <input_file_ref idref="fl-2"/>
      </object_component>
      <object_component id="oc-143">
         <name>.debug_info</name>
         <load_address>0x4de</load_address>
         <run_address>0x4de</run_address>
         <size>0x2b5</size>
         <input_file_ref idref="fl-2"/>
      </object_component>
      <object_component id="oc-bf">
         <name>.debug_info</name>
         <load_address>0x793</load_address>
         <run_address>0x793</run_address>
         <size>0x26b</size>
         <input_file_ref idref="fl-2"/>
      </object_component>
      <object_component id="oc-13e">
         <name>.debug_info</name>
         <load_address>0x9fe</load_address>
         <run_address>0x9fe</run_address>
         <size>0x2b3</size>
         <input_file_ref idref="fl-2"/>
      </object_component>
      <object_component id="oc-b0">
         <name>.debug_info</name>
         <load_address>0xcb1</load_address>
         <run_address>0xcb1</run_address>
         <size>0x8b</size>
         <input_file_ref idref="fl-2"/>
      </object_component>
      <object_component id="oc-159">
         <name>.debug_info</name>
         <load_address>0xd3c</load_address>
         <run_address>0xd3c</run_address>
         <size>0x2a4</size>
         <input_file_ref idref="fl-2"/>
      </object_component>
      <object_component id="oc-10b">
         <name>.debug_info</name>
         <load_address>0xfe0</load_address>
         <run_address>0xfe0</run_address>
         <size>0xef</size>
         <input_file_ref idref="fl-2"/>
      </object_component>
      <object_component id="oc-ab">
         <name>.debug_info</name>
         <load_address>0x10cf</load_address>
         <run_address>0x10cf</run_address>
         <size>0xbb</size>
         <input_file_ref idref="fl-2"/>
      </object_component>
      <object_component id="oc-3b">
         <name>.debug_info</name>
         <load_address>0x118a</load_address>
         <run_address>0x118a</run_address>
         <size>0x303</size>
         <input_file_ref idref="fl-3"/>
      </object_component>
      <object_component id="oc-13">
         <name>.debug_info</name>
         <load_address>0x148d</load_address>
         <run_address>0x148d</run_address>
         <size>0xf6</size>
         <input_file_ref idref="fl-3"/>
      </object_component>
      <object_component id="oc-28">
         <name>.debug_info</name>
         <load_address>0x1583</load_address>
         <run_address>0x1583</run_address>
         <size>0x275</size>
         <input_file_ref idref="fl-3"/>
      </object_component>
      <object_component id="oc-42">
         <name>.debug_info</name>
         <load_address>0x17f8</load_address>
         <run_address>0x17f8</run_address>
         <size>0x84</size>
         <input_file_ref idref="fl-3"/>
      </object_component>
      <object_component id="oc-9b">
         <name>.debug_info</name>
         <load_address>0x187c</load_address>
         <run_address>0x187c</run_address>
         <size>0x41b</size>
         <input_file_ref idref="fl-4"/>
      </object_component>
      <object_component id="oc-96">
         <name>.debug_info</name>
         <load_address>0x1c97</load_address>
         <run_address>0x1c97</run_address>
         <size>0x366</size>
         <input_file_ref idref="fl-4"/>
      </object_component>
      <object_component id="oc-14a">
         <name>.debug_info</name>
         <load_address>0x1ffd</load_address>
         <run_address>0x1ffd</run_address>
         <size>0x2b5</size>
         <input_file_ref idref="fl-4"/>
      </object_component>
      <object_component id="oc-9d">
         <name>.debug_info</name>
         <load_address>0x22b2</load_address>
         <run_address>0x22b2</run_address>
         <size>0x3be</size>
         <input_file_ref idref="fl-5"/>
      </object_component>
      <object_component id="oc-203">
         <name>.debug_info</name>
         <load_address>0x2670</load_address>
         <run_address>0x2670</run_address>
         <size>0xf4</size>
         <input_file_ref idref="fl-5"/>
      </object_component>
      <object_component id="oc-1fa">
         <name>.debug_info</name>
         <load_address>0x2764</load_address>
         <run_address>0x2764</run_address>
         <size>0xef</size>
         <input_file_ref idref="fl-5"/>
      </object_component>
      <object_component id="oc-1fd">
         <name>.debug_info</name>
         <load_address>0x2853</load_address>
         <run_address>0x2853</run_address>
         <size>0xef</size>
         <input_file_ref idref="fl-5"/>
      </object_component>
      <object_component id="oc-1f6">
         <name>.debug_info</name>
         <load_address>0x2942</load_address>
         <run_address>0x2942</run_address>
         <size>0xf9</size>
         <input_file_ref idref="fl-5"/>
      </object_component>
      <object_component id="oc-200">
         <name>.debug_info</name>
         <load_address>0x2a3b</load_address>
         <run_address>0x2a3b</run_address>
         <size>0x105</size>
         <input_file_ref idref="fl-5"/>
      </object_component>
      <object_component id="oc-17f">
         <name>.debug_info</name>
         <load_address>0x2b40</load_address>
         <run_address>0x2b40</run_address>
         <size>0x2e8</size>
         <input_file_ref idref="fl-5"/>
      </object_component>
      <object_component id="oc-9f">
         <name>.debug_info</name>
         <load_address>0x2e28</load_address>
         <run_address>0x2e28</run_address>
         <size>0x59e</size>
         <input_file_ref idref="fl-6"/>
      </object_component>
      <object_component id="oc-35">
         <name>.debug_info</name>
         <load_address>0x33c6</load_address>
         <run_address>0x33c6</run_address>
         <size>0x30f</size>
         <input_file_ref idref="fl-6"/>
      </object_component>
      <object_component id="oc-a1">
         <name>.debug_info</name>
         <load_address>0x36d5</load_address>
         <run_address>0x36d5</run_address>
         <size>0x3ba</size>
         <input_file_ref idref="fl-7"/>
      </object_component>
      <object_component id="oc-177">
         <name>.debug_info</name>
         <load_address>0x3a8f</load_address>
         <run_address>0x3a8f</run_address>
         <size>0x14e</size>
         <input_file_ref idref="fl-7"/>
      </object_component>
      <object_component id="oc-a3">
         <name>.debug_info</name>
         <load_address>0x3bdd</load_address>
         <run_address>0x3bdd</run_address>
         <size>0x5e5</size>
         <input_file_ref idref="fl-8"/>
      </object_component>
      <object_component id="oc-30">
         <name>.debug_info</name>
         <load_address>0x41c2</load_address>
         <run_address>0x41c2</run_address>
         <size>0x539</size>
         <input_file_ref idref="fl-8"/>
      </object_component>
      <object_component id="oc-a5">
         <name>.debug_info</name>
         <load_address>0x46fb</load_address>
         <run_address>0x46fb</run_address>
         <size>0x3ef</size>
         <input_file_ref idref="fl-9"/>
      </object_component>
      <object_component id="oc-fc">
         <name>.debug_info</name>
         <load_address>0x4aea</load_address>
         <run_address>0x4aea</run_address>
         <size>0x342</size>
         <input_file_ref idref="fl-e"/>
      </object_component>
      <object_component id="oc-11b">
         <name>.debug_info</name>
         <load_address>0x4e2c</load_address>
         <run_address>0x4e2c</run_address>
         <size>0x366</size>
         <input_file_ref idref="fl-17"/>
      </object_component>
      <object_component id="oc-112">
         <name>.debug_info</name>
         <load_address>0x5192</load_address>
         <run_address>0x5192</run_address>
         <size>0x106</size>
         <input_file_ref idref="fl-17"/>
      </object_component>
      <object_component id="oc-115">
         <name>.debug_info</name>
         <load_address>0x5298</load_address>
         <run_address>0x5298</run_address>
         <size>0x108</size>
         <input_file_ref idref="fl-17"/>
      </object_component>
      <object_component id="oc-118">
         <name>.debug_info</name>
         <load_address>0x53a0</load_address>
         <run_address>0x53a0</run_address>
         <size>0xfa</size>
         <input_file_ref idref="fl-17"/>
      </object_component>
      <object_component id="oc-84">
         <name>.debug_info</name>
         <load_address>0x549a</load_address>
         <run_address>0x549a</run_address>
         <size>0x3129</size>
         <input_file_ref idref="fl-17"/>
      </object_component>
      <object_component id="oc-13a">
         <name>.debug_info</name>
         <load_address>0x85c3</load_address>
         <run_address>0x85c3</run_address>
         <size>0x343</size>
         <input_file_ref idref="fl-1a"/>
      </object_component>
      <object_component id="oc-128">
         <name>.debug_info</name>
         <load_address>0x8906</load_address>
         <run_address>0x8906</run_address>
         <size>0xf5</size>
         <input_file_ref idref="fl-1a"/>
      </object_component>
      <object_component id="oc-12b">
         <name>.debug_info</name>
         <load_address>0x89fb</load_address>
         <run_address>0x89fb</run_address>
         <size>0xed</size>
         <input_file_ref idref="fl-1a"/>
      </object_component>
      <object_component id="oc-12e">
         <name>.debug_info</name>
         <load_address>0x8ae8</load_address>
         <run_address>0x8ae8</run_address>
         <size>0xf1</size>
         <input_file_ref idref="fl-1a"/>
      </object_component>
      <object_component id="oc-131">
         <name>.debug_info</name>
         <load_address>0x8bd9</load_address>
         <run_address>0x8bd9</run_address>
         <size>0xf7</size>
         <input_file_ref idref="fl-1a"/>
      </object_component>
      <object_component id="oc-134">
         <name>.debug_info</name>
         <load_address>0x8cd0</load_address>
         <run_address>0x8cd0</run_address>
         <size>0xf5</size>
         <input_file_ref idref="fl-1a"/>
      </object_component>
      <object_component id="oc-137">
         <name>.debug_info</name>
         <load_address>0x8dc5</load_address>
         <run_address>0x8dc5</run_address>
         <size>0xf9</size>
         <input_file_ref idref="fl-1a"/>
      </object_component>
      <object_component id="oc-125">
         <name>.debug_info</name>
         <load_address>0x8ebe</load_address>
         <run_address>0x8ebe</run_address>
         <size>0xf6</size>
         <input_file_ref idref="fl-1a"/>
      </object_component>
      <object_component id="oc-8f">
         <name>.debug_info</name>
         <load_address>0x8fb4</load_address>
         <run_address>0x8fb4</run_address>
         <size>0xcf6</size>
         <input_file_ref idref="fl-1a"/>
      </object_component>
      <object_component id="oc-165">
         <name>.debug_info</name>
         <load_address>0x9caa</load_address>
         <run_address>0x9caa</run_address>
         <size>0x347</size>
         <input_file_ref idref="fl-21"/>
      </object_component>
      <object_component id="oc-15f">
         <name>.debug_info</name>
         <load_address>0x9ff1</load_address>
         <run_address>0x9ff1</run_address>
         <size>0xf3</size>
         <input_file_ref idref="fl-21"/>
      </object_component>
      <object_component id="oc-162">
         <name>.debug_info</name>
         <load_address>0xa0e4</load_address>
         <run_address>0xa0e4</run_address>
         <size>0x105</size>
         <input_file_ref idref="fl-21"/>
      </object_component>
      <object_component id="oc-b6">
         <name>.debug_info</name>
         <load_address>0xa1e9</load_address>
         <run_address>0xa1e9</run_address>
         <size>0x1532</size>
         <input_file_ref idref="fl-21"/>
      </object_component>
      <object_component id="oc-110">
         <name>.debug_info</name>
         <load_address>0xb71b</load_address>
         <run_address>0xb71b</run_address>
         <size>0x3c8</size>
         <input_file_ref idref="fl-23"/>
      </object_component>
      <object_component id="oc-101">
         <name>.debug_info</name>
         <load_address>0xbae3</load_address>
         <run_address>0xbae3</run_address>
         <size>0xec</size>
         <input_file_ref idref="fl-23"/>
      </object_component>
      <object_component id="oc-107">
         <name>.debug_info</name>
         <load_address>0xbbcf</load_address>
         <run_address>0xbbcf</run_address>
         <size>0xf8</size>
         <input_file_ref idref="fl-23"/>
      </object_component>
      <object_component id="oc-f8">
         <name>.debug_info</name>
         <load_address>0xbcc7</load_address>
         <run_address>0xbcc7</run_address>
         <size>0xf2</size>
         <input_file_ref idref="fl-23"/>
      </object_component>
      <object_component id="oc-104">
         <name>.debug_info</name>
         <load_address>0xbdb9</load_address>
         <run_address>0xbdb9</run_address>
         <size>0xff</size>
         <input_file_ref idref="fl-23"/>
      </object_component>
      <object_component id="oc-7e">
         <name>.debug_info</name>
         <load_address>0xbeb8</load_address>
         <run_address>0xbeb8</run_address>
         <size>0x2b3c</size>
         <input_file_ref idref="fl-23"/>
      </object_component>
      <object_component id="oc-1cc">
         <name>.debug_info</name>
         <load_address>0xe9f4</load_address>
         <run_address>0xe9f4</run_address>
         <size>0x51</size>
         <input_file_ref idref="fl-23"/>
      </object_component>
      <object_component id="oc-123">
         <name>.debug_info</name>
         <load_address>0xea45</load_address>
         <run_address>0xea45</run_address>
         <size>0x348</size>
         <input_file_ref idref="fl-27"/>
      </object_component>
      <object_component id="oc-11d">
         <name>.debug_info</name>
         <load_address>0xed8d</load_address>
         <run_address>0xed8d</run_address>
         <size>0xf6</size>
         <input_file_ref idref="fl-27"/>
      </object_component>
      <object_component id="oc-120">
         <name>.debug_info</name>
         <load_address>0xee83</load_address>
         <run_address>0xee83</run_address>
         <size>0x108</size>
         <input_file_ref idref="fl-27"/>
      </object_component>
      <object_component id="oc-87">
         <name>.debug_info</name>
         <load_address>0xef8b</load_address>
         <run_address>0xef8b</run_address>
         <size>0x2708</size>
         <input_file_ref idref="fl-27"/>
      </object_component>
      <object_component id="oc-48">
         <name>.debug_info</name>
         <load_address>0x11693</load_address>
         <run_address>0x11693</run_address>
         <size>0x119</size>
         <input_file_ref idref="fl-e8"/>
      </object_component>
      <object_component id="oc-d8">
         <name>.debug_info</name>
         <load_address>0x117ac</load_address>
         <run_address>0x117ac</run_address>
         <size>0x2d4</size>
         <input_file_ref idref="fl-e9"/>
      </object_component>
      <object_component id="oc-54">
         <name>.debug_info</name>
         <load_address>0x11a80</load_address>
         <run_address>0x11a80</run_address>
         <size>0x1d2</size>
         <input_file_ref idref="fl-e9"/>
      </object_component>
      <object_component id="oc-d3">
         <name>.debug_info</name>
         <load_address>0x11c52</load_address>
         <run_address>0x11c52</run_address>
         <size>0x46</size>
         <input_file_ref idref="fl-e9"/>
      </object_component>
      <object_component id="oc-16d">
         <name>.debug_info</name>
         <load_address>0x11c98</load_address>
         <run_address>0x11c98</run_address>
         <size>0x2c</size>
         <input_file_ref idref="fl-e9"/>
      </object_component>
      <object_component id="oc-52">
         <name>.debug_info</name>
         <load_address>0x11cc4</load_address>
         <run_address>0x11cc4</run_address>
         <size>0x2a8</size>
         <input_file_ref idref="fl-ea"/>
      </object_component>
      <object_component id="oc-1d">
         <name>.debug_info</name>
         <load_address>0x11f6c</load_address>
         <run_address>0x11f6c</run_address>
         <size>0x1ea</size>
         <input_file_ref idref="fl-ea"/>
      </object_component>
      <object_component id="oc-4d">
         <name>.debug_info</name>
         <load_address>0x12156</load_address>
         <run_address>0x12156</run_address>
         <size>0x46</size>
         <input_file_ref idref="fl-ea"/>
      </object_component>
      <object_component id="oc-cb">
         <name>.debug_info</name>
         <load_address>0x1219c</load_address>
         <run_address>0x1219c</run_address>
         <size>0x2c</size>
         <input_file_ref idref="fl-ea"/>
      </object_component>
      <object_component id="oc-c9">
         <name>.debug_info</name>
         <load_address>0x121c8</load_address>
         <run_address>0x121c8</run_address>
         <size>0x29e</size>
         <input_file_ref idref="fl-eb"/>
      </object_component>
      <object_component id="oc-18">
         <name>.debug_info</name>
         <load_address>0x12466</load_address>
         <run_address>0x12466</run_address>
         <size>0x250</size>
         <input_file_ref idref="fl-eb"/>
      </object_component>
      <object_component id="oc-3d">
         <name>.debug_info</name>
         <load_address>0x126b6</load_address>
         <run_address>0x126b6</run_address>
         <size>0x60</size>
         <input_file_ref idref="fl-eb"/>
      </object_component>
      <object_component id="oc-166">
         <name>.debug_info</name>
         <load_address>0x12716</load_address>
         <run_address>0x12716</run_address>
         <size>0x46</size>
         <input_file_ref idref="fl-eb"/>
      </object_component>
      <object_component id="oc-c4">
         <name>.debug_info</name>
         <load_address>0x1275c</load_address>
         <run_address>0x1275c</run_address>
         <size>0x39</size>
         <input_file_ref idref="fl-eb"/>
      </object_component>
      <object_component id="oc-25">
         <name>.debug_info</name>
         <load_address>0x12795</load_address>
         <run_address>0x12795</run_address>
         <size>0x10b</size>
         <input_file_ref idref="fl-ec"/>
      </object_component>
      <object_component id="oc-66">
         <name>.debug_info</name>
         <load_address>0x128a0</load_address>
         <run_address>0x128a0</run_address>
         <size>0x1a9</size>
         <input_file_ref idref="fl-ec"/>
      </object_component>
      <object_component id="oc-211">
         <name>.debug_info</name>
         <load_address>0x12a49</load_address>
         <run_address>0x12a49</run_address>
         <size>0x4b3</size>
         <input_file_ref idref="fl-ee"/>
      </object_component>
      <object_component id="oc-190">
         <name>.debug_info</name>
         <load_address>0x12efc</load_address>
         <run_address>0x12efc</run_address>
         <size>0x1a6</size>
         <input_file_ref idref="fl-ee"/>
      </object_component>
      <object_component id="oc-240">
         <name>.debug_info</name>
         <load_address>0x130a2</load_address>
         <run_address>0x130a2</run_address>
         <size>0x39</size>
         <input_file_ref idref="fl-ee"/>
      </object_component>
      <object_component id="oc-254">
         <name>.debug_info</name>
         <load_address>0x130db</load_address>
         <run_address>0x130db</run_address>
         <size>0x39</size>
         <input_file_ref idref="fl-ee"/>
      </object_component>
      <object_component id="oc-245">
         <name>.debug_info</name>
         <load_address>0x13114</load_address>
         <run_address>0x13114</run_address>
         <size>0x39</size>
         <input_file_ref idref="fl-ee"/>
      </object_component>
      <object_component id="oc-24a">
         <name>.debug_info</name>
         <load_address>0x1314d</load_address>
         <run_address>0x1314d</run_address>
         <size>0xcd</size>
         <input_file_ref idref="fl-ee"/>
      </object_component>
      <object_component id="oc-e1">
         <name>.debug_info</name>
         <load_address>0x1321a</load_address>
         <run_address>0x1321a</run_address>
         <size>0x153</size>
         <input_file_ref idref="fl-ef"/>
      </object_component>
      <object_component id="oc-185">
         <name>.debug_info</name>
         <load_address>0x1336d</load_address>
         <run_address>0x1336d</run_address>
         <size>0x122</size>
         <input_file_ref idref="fl-f1"/>
      </object_component>
      <object_component id="oc-290">
         <name>.debug_info</name>
         <load_address>0x1348f</load_address>
         <run_address>0x1348f</run_address>
         <size>0xa8</size>
      </object_component>
      <object_component id="oc-13d">
         <name>.debug_line</name>
         <load_address>0x0</load_address>
         <run_address>0x0</run_address>
         <size>0x1ac</size>
         <input_file_ref idref="fl-2"/>
      </object_component>
      <object_component id="oc-ea">
         <name>.debug_line</name>
         <load_address>0x1ac</load_address>
         <run_address>0x1ac</run_address>
         <size>0x49</size>
         <input_file_ref idref="fl-2"/>
      </object_component>
      <object_component id="oc-146">
         <name>.debug_line</name>
         <load_address>0x1f5</load_address>
         <run_address>0x1f5</run_address>
         <size>0x6e</size>
         <input_file_ref idref="fl-2"/>
      </object_component>
      <object_component id="oc-c2">
         <name>.debug_line</name>
         <load_address>0x263</load_address>
         <run_address>0x263</run_address>
         <size>0x6f</size>
         <input_file_ref idref="fl-2"/>
      </object_component>
      <object_component id="oc-141">
         <name>.debug_line</name>
         <load_address>0x2d2</load_address>
         <run_address>0x2d2</run_address>
         <size>0x6e</size>
         <input_file_ref idref="fl-2"/>
      </object_component>
      <object_component id="oc-b3">
         <name>.debug_line</name>
         <load_address>0x340</load_address>
         <run_address>0x340</run_address>
         <size>0x20</size>
         <input_file_ref idref="fl-2"/>
      </object_component>
      <object_component id="oc-15c">
         <name>.debug_line</name>
         <load_address>0x360</load_address>
         <run_address>0x360</run_address>
         <size>0x73</size>
         <input_file_ref idref="fl-2"/>
      </object_component>
      <object_component id="oc-10e">
         <name>.debug_line</name>
         <load_address>0x3d3</load_address>
         <run_address>0x3d3</run_address>
         <size>0x6f</size>
         <input_file_ref idref="fl-2"/>
      </object_component>
      <object_component id="oc-ae">
         <name>.debug_line</name>
         <load_address>0x442</load_address>
         <run_address>0x442</run_address>
         <size>0x70</size>
         <input_file_ref idref="fl-2"/>
      </object_component>
      <object_component id="oc-be">
         <name>.debug_line</name>
         <load_address>0x4b2</load_address>
         <run_address>0x4b2</run_address>
         <size>0x42</size>
         <input_file_ref idref="fl-3"/>
      </object_component>
      <object_component id="oc-3a">
         <name>.debug_line</name>
         <load_address>0x4f4</load_address>
         <run_address>0x4f4</run_address>
         <size>0x42</size>
         <input_file_ref idref="fl-3"/>
      </object_component>
      <object_component id="oc-2b">
         <name>.debug_line</name>
         <load_address>0x536</load_address>
         <run_address>0x536</run_address>
         <size>0xa2</size>
         <input_file_ref idref="fl-3"/>
      </object_component>
      <object_component id="oc-45">
         <name>.debug_line</name>
         <load_address>0x5d8</load_address>
         <run_address>0x5d8</run_address>
         <size>0x20</size>
         <input_file_ref idref="fl-3"/>
      </object_component>
      <object_component id="oc-149">
         <name>.debug_line</name>
         <load_address>0x5f8</load_address>
         <run_address>0x5f8</run_address>
         <size>0x1e8</size>
         <input_file_ref idref="fl-4"/>
      </object_component>
      <object_component id="oc-95">
         <name>.debug_line</name>
         <load_address>0x7e0</load_address>
         <run_address>0x7e0</run_address>
         <size>0x98</size>
         <input_file_ref idref="fl-4"/>
      </object_component>
      <object_component id="oc-14d">
         <name>.debug_line</name>
         <load_address>0x878</load_address>
         <run_address>0x878</run_address>
         <size>0x6e</size>
         <input_file_ref idref="fl-4"/>
      </object_component>
      <object_component id="oc-150">
         <name>.debug_line</name>
         <load_address>0x8e6</load_address>
         <run_address>0x8e6</run_address>
         <size>0x10a</size>
         <input_file_ref idref="fl-5"/>
      </object_component>
      <object_component id="oc-22f">
         <name>.debug_line</name>
         <load_address>0x9f0</load_address>
         <run_address>0x9f0</run_address>
         <size>0x74</size>
         <input_file_ref idref="fl-5"/>
      </object_component>
      <object_component id="oc-229">
         <name>.debug_line</name>
         <load_address>0xa64</load_address>
         <run_address>0xa64</run_address>
         <size>0x43</size>
         <input_file_ref idref="fl-5"/>
      </object_component>
      <object_component id="oc-22b">
         <name>.debug_line</name>
         <load_address>0xaa7</load_address>
         <run_address>0xaa7</run_address>
         <size>0x43</size>
         <input_file_ref idref="fl-5"/>
      </object_component>
      <object_component id="oc-227">
         <name>.debug_line</name>
         <load_address>0xaea</load_address>
         <run_address>0xaea</run_address>
         <size>0x43</size>
         <input_file_ref idref="fl-5"/>
      </object_component>
      <object_component id="oc-22d">
         <name>.debug_line</name>
         <load_address>0xb2d</load_address>
         <run_address>0xb2d</run_address>
         <size>0x43</size>
         <input_file_ref idref="fl-5"/>
      </object_component>
      <object_component id="oc-17d">
         <name>.debug_line</name>
         <load_address>0xb70</load_address>
         <run_address>0xb70</run_address>
         <size>0xc9</size>
         <input_file_ref idref="fl-5"/>
      </object_component>
      <object_component id="oc-152">
         <name>.debug_line</name>
         <load_address>0xc39</load_address>
         <run_address>0xc39</run_address>
         <size>0x230</size>
         <input_file_ref idref="fl-6"/>
      </object_component>
      <object_component id="oc-37">
         <name>.debug_line</name>
         <load_address>0xe69</load_address>
         <run_address>0xe69</run_address>
         <size>0x77</size>
         <input_file_ref idref="fl-6"/>
      </object_component>
      <object_component id="oc-154">
         <name>.debug_line</name>
         <load_address>0xee0</load_address>
         <run_address>0xee0</run_address>
         <size>0x154</size>
         <input_file_ref idref="fl-7"/>
      </object_component>
      <object_component id="oc-17a">
         <name>.debug_line</name>
         <load_address>0x1034</load_address>
         <run_address>0x1034</run_address>
         <size>0x52</size>
         <input_file_ref idref="fl-7"/>
      </object_component>
      <object_component id="oc-156">
         <name>.debug_line</name>
         <load_address>0x1086</load_address>
         <run_address>0x1086</run_address>
         <size>0x231</size>
         <input_file_ref idref="fl-8"/>
      </object_component>
      <object_component id="oc-32">
         <name>.debug_line</name>
         <load_address>0x12b7</load_address>
         <run_address>0x12b7</run_address>
         <size>0xc9</size>
         <input_file_ref idref="fl-8"/>
      </object_component>
      <object_component id="oc-158">
         <name>.debug_line</name>
         <load_address>0x1380</load_address>
         <run_address>0x1380</run_address>
         <size>0x152</size>
         <input_file_ref idref="fl-9"/>
      </object_component>
      <object_component id="oc-fb">
         <name>.debug_line</name>
         <load_address>0x14d2</load_address>
         <run_address>0x14d2</run_address>
         <size>0xd9</size>
         <input_file_ref idref="fl-e"/>
      </object_component>
      <object_component id="oc-1d7">
         <name>.debug_line</name>
         <load_address>0x15ab</load_address>
         <run_address>0x15ab</run_address>
         <size>0x6d</size>
         <input_file_ref idref="fl-17"/>
      </object_component>
      <object_component id="oc-1d1">
         <name>.debug_line</name>
         <load_address>0x1618</load_address>
         <run_address>0x1618</run_address>
         <size>0x37</size>
         <input_file_ref idref="fl-17"/>
      </object_component>
      <object_component id="oc-1d3">
         <name>.debug_line</name>
         <load_address>0x164f</load_address>
         <run_address>0x164f</run_address>
         <size>0x37</size>
         <input_file_ref idref="fl-17"/>
      </object_component>
      <object_component id="oc-1d5">
         <name>.debug_line</name>
         <load_address>0x1686</load_address>
         <run_address>0x1686</run_address>
         <size>0x37</size>
         <input_file_ref idref="fl-17"/>
      </object_component>
      <object_component id="oc-81">
         <name>.debug_line</name>
         <load_address>0x16bd</load_address>
         <run_address>0x16bd</run_address>
         <size>0x62d</size>
         <input_file_ref idref="fl-17"/>
      </object_component>
      <object_component id="oc-1ed">
         <name>.debug_line</name>
         <load_address>0x1cea</load_address>
         <run_address>0x1cea</run_address>
         <size>0x67</size>
         <input_file_ref idref="fl-1a"/>
      </object_component>
      <object_component id="oc-1e1">
         <name>.debug_line</name>
         <load_address>0x1d51</load_address>
         <run_address>0x1d51</run_address>
         <size>0x3c</size>
         <input_file_ref idref="fl-1a"/>
      </object_component>
      <object_component id="oc-1e3">
         <name>.debug_line</name>
         <load_address>0x1d8d</load_address>
         <run_address>0x1d8d</run_address>
         <size>0x3c</size>
         <input_file_ref idref="fl-1a"/>
      </object_component>
      <object_component id="oc-1e5">
         <name>.debug_line</name>
         <load_address>0x1dc9</load_address>
         <run_address>0x1dc9</run_address>
         <size>0x3c</size>
         <input_file_ref idref="fl-1a"/>
      </object_component>
      <object_component id="oc-1e7">
         <name>.debug_line</name>
         <load_address>0x1e05</load_address>
         <run_address>0x1e05</run_address>
         <size>0x3c</size>
         <input_file_ref idref="fl-1a"/>
      </object_component>
      <object_component id="oc-1e9">
         <name>.debug_line</name>
         <load_address>0x1e41</load_address>
         <run_address>0x1e41</run_address>
         <size>0x3c</size>
         <input_file_ref idref="fl-1a"/>
      </object_component>
      <object_component id="oc-1eb">
         <name>.debug_line</name>
         <load_address>0x1e7d</load_address>
         <run_address>0x1e7d</run_address>
         <size>0x3c</size>
         <input_file_ref idref="fl-1a"/>
      </object_component>
      <object_component id="oc-1df">
         <name>.debug_line</name>
         <load_address>0x1eb9</load_address>
         <run_address>0x1eb9</run_address>
         <size>0x3c</size>
         <input_file_ref idref="fl-1a"/>
      </object_component>
      <object_component id="oc-8e">
         <name>.debug_line</name>
         <load_address>0x1ef5</load_address>
         <run_address>0x1ef5</run_address>
         <size>0x2ba</size>
         <input_file_ref idref="fl-1a"/>
      </object_component>
      <object_component id="oc-1f3">
         <name>.debug_line</name>
         <load_address>0x21af</load_address>
         <run_address>0x21af</run_address>
         <size>0x6d</size>
         <input_file_ref idref="fl-21"/>
      </object_component>
      <object_component id="oc-1ef">
         <name>.debug_line</name>
         <load_address>0x221c</load_address>
         <run_address>0x221c</run_address>
         <size>0x36</size>
         <input_file_ref idref="fl-21"/>
      </object_component>
      <object_component id="oc-1f1">
         <name>.debug_line</name>
         <load_address>0x2252</load_address>
         <run_address>0x2252</run_address>
         <size>0x36</size>
         <input_file_ref idref="fl-21"/>
      </object_component>
      <object_component id="oc-b9">
         <name>.debug_line</name>
         <load_address>0x2288</load_address>
         <run_address>0x2288</run_address>
         <size>0x318</size>
         <input_file_ref idref="fl-21"/>
      </object_component>
      <object_component id="oc-1cb">
         <name>.debug_line</name>
         <load_address>0x25a0</load_address>
         <run_address>0x25a0</run_address>
         <size>0xfe</size>
         <input_file_ref idref="fl-23"/>
      </object_component>
      <object_component id="oc-1c5">
         <name>.debug_line</name>
         <load_address>0x269e</load_address>
         <run_address>0x269e</run_address>
         <size>0x39</size>
         <input_file_ref idref="fl-23"/>
      </object_component>
      <object_component id="oc-1c9">
         <name>.debug_line</name>
         <load_address>0x26d7</load_address>
         <run_address>0x26d7</run_address>
         <size>0x39</size>
         <input_file_ref idref="fl-23"/>
      </object_component>
      <object_component id="oc-1c2">
         <name>.debug_line</name>
         <load_address>0x2710</load_address>
         <run_address>0x2710</run_address>
         <size>0x39</size>
         <input_file_ref idref="fl-23"/>
      </object_component>
      <object_component id="oc-1c7">
         <name>.debug_line</name>
         <load_address>0x2749</load_address>
         <run_address>0x2749</run_address>
         <size>0x39</size>
         <input_file_ref idref="fl-23"/>
      </object_component>
      <object_component id="oc-7c">
         <name>.debug_line</name>
         <load_address>0x2782</load_address>
         <run_address>0x2782</run_address>
         <size>0x977</size>
         <input_file_ref idref="fl-23"/>
      </object_component>
      <object_component id="oc-1ce">
         <name>.debug_line</name>
         <load_address>0x30f9</load_address>
         <run_address>0x30f9</run_address>
         <size>0x39</size>
         <input_file_ref idref="fl-23"/>
      </object_component>
      <object_component id="oc-1dd">
         <name>.debug_line</name>
         <load_address>0x3132</load_address>
         <run_address>0x3132</run_address>
         <size>0x6d</size>
         <input_file_ref idref="fl-27"/>
      </object_component>
      <object_component id="oc-1d9">
         <name>.debug_line</name>
         <load_address>0x319f</load_address>
         <run_address>0x319f</run_address>
         <size>0x37</size>
         <input_file_ref idref="fl-27"/>
      </object_component>
      <object_component id="oc-1db">
         <name>.debug_line</name>
         <load_address>0x31d6</load_address>
         <run_address>0x31d6</run_address>
         <size>0x37</size>
         <input_file_ref idref="fl-27"/>
      </object_component>
      <object_component id="oc-8a">
         <name>.debug_line</name>
         <load_address>0x320d</load_address>
         <run_address>0x320d</run_address>
         <size>0x5ac</size>
         <input_file_ref idref="fl-27"/>
      </object_component>
      <object_component id="oc-4b">
         <name>.debug_line</name>
         <load_address>0x37b9</load_address>
         <run_address>0x37b9</run_address>
         <size>0x88</size>
         <input_file_ref idref="fl-e8"/>
      </object_component>
      <object_component id="oc-173">
         <name>.debug_line</name>
         <load_address>0x3841</load_address>
         <run_address>0x3841</run_address>
         <size>0x92</size>
         <input_file_ref idref="fl-e9"/>
      </object_component>
      <object_component id="oc-58">
         <name>.debug_line</name>
         <load_address>0x38d3</load_address>
         <run_address>0x38d3</run_address>
         <size>0x56</size>
         <input_file_ref idref="fl-e9"/>
      </object_component>
      <object_component id="oc-d6">
         <name>.debug_line</name>
         <load_address>0x3929</load_address>
         <run_address>0x3929</run_address>
         <size>0x34</size>
         <input_file_ref idref="fl-e9"/>
      </object_component>
      <object_component id="oc-170">
         <name>.debug_line</name>
         <load_address>0x395d</load_address>
         <run_address>0x395d</run_address>
         <size>0x92</size>
         <input_file_ref idref="fl-e9"/>
      </object_component>
      <object_component id="oc-d1">
         <name>.debug_line</name>
         <load_address>0x39ef</load_address>
         <run_address>0x39ef</run_address>
         <size>0x20</size>
         <input_file_ref idref="fl-ea"/>
      </object_component>
      <object_component id="oc-20">
         <name>.debug_line</name>
         <load_address>0x3a0f</load_address>
         <run_address>0x3a0f</run_address>
         <size>0x55</size>
         <input_file_ref idref="fl-ea"/>
      </object_component>
      <object_component id="oc-50">
         <name>.debug_line</name>
         <load_address>0x3a64</load_address>
         <run_address>0x3a64</run_address>
         <size>0x3a</size>
         <input_file_ref idref="fl-ea"/>
      </object_component>
      <object_component id="oc-ce">
         <name>.debug_line</name>
         <load_address>0x3a9e</load_address>
         <run_address>0x3a9e</run_address>
         <size>0x92</size>
         <input_file_ref idref="fl-ea"/>
      </object_component>
      <object_component id="oc-16c">
         <name>.debug_line</name>
         <load_address>0x3b30</load_address>
         <run_address>0x3b30</run_address>
         <size>0x20</size>
         <input_file_ref idref="fl-eb"/>
      </object_component>
      <object_component id="oc-17">
         <name>.debug_line</name>
         <load_address>0x3b50</load_address>
         <run_address>0x3b50</run_address>
         <size>0xa9</size>
         <input_file_ref idref="fl-eb"/>
      </object_component>
      <object_component id="oc-40">
         <name>.debug_line</name>
         <load_address>0x3bf9</load_address>
         <run_address>0x3bf9</run_address>
         <size>0x3a</size>
         <input_file_ref idref="fl-eb"/>
      </object_component>
      <object_component id="oc-169">
         <name>.debug_line</name>
         <load_address>0x3c33</load_address>
         <run_address>0x3c33</run_address>
         <size>0x9a</size>
         <input_file_ref idref="fl-eb"/>
      </object_component>
      <object_component id="oc-c7">
         <name>.debug_line</name>
         <load_address>0x3ccd</load_address>
         <run_address>0x3ccd</run_address>
         <size>0x96</size>
         <input_file_ref idref="fl-eb"/>
      </object_component>
      <object_component id="oc-78">
         <name>.debug_line</name>
         <load_address>0x3d63</load_address>
         <run_address>0x3d63</run_address>
         <size>0x33</size>
         <input_file_ref idref="fl-ec"/>
      </object_component>
      <object_component id="oc-69">
         <name>.debug_line</name>
         <load_address>0x3d96</load_address>
         <run_address>0x3d96</run_address>
         <size>0x45</size>
         <input_file_ref idref="fl-ec"/>
      </object_component>
      <object_component id="oc-23f">
         <name>.debug_line</name>
         <load_address>0x3ddb</load_address>
         <run_address>0x3ddb</run_address>
         <size>0xbf</size>
         <input_file_ref idref="fl-ee"/>
      </object_component>
      <object_component id="oc-193">
         <name>.debug_line</name>
         <load_address>0x3e9a</load_address>
         <run_address>0x3e9a</run_address>
         <size>0x6f</size>
         <input_file_ref idref="fl-ee"/>
      </object_component>
      <object_component id="oc-243">
         <name>.debug_line</name>
         <load_address>0x3f09</load_address>
         <run_address>0x3f09</run_address>
         <size>0x2e</size>
         <input_file_ref idref="fl-ee"/>
      </object_component>
      <object_component id="oc-257">
         <name>.debug_line</name>
         <load_address>0x3f37</load_address>
         <run_address>0x3f37</run_address>
         <size>0x9a</size>
         <input_file_ref idref="fl-ee"/>
      </object_component>
      <object_component id="oc-248">
         <name>.debug_line</name>
         <load_address>0x3fd1</load_address>
         <run_address>0x3fd1</run_address>
         <size>0x97</size>
         <input_file_ref idref="fl-ee"/>
      </object_component>
      <object_component id="oc-24d">
         <name>.debug_line</name>
         <load_address>0x4068</load_address>
         <run_address>0x4068</run_address>
         <size>0x93</size>
         <input_file_ref idref="fl-ee"/>
      </object_component>
      <object_component id="oc-e4">
         <name>.debug_line</name>
         <load_address>0x40fb</load_address>
         <run_address>0x40fb</run_address>
         <size>0x40</size>
         <input_file_ref idref="fl-ef"/>
      </object_component>
      <object_component id="oc-188">
         <name>.debug_line</name>
         <load_address>0x413b</load_address>
         <run_address>0x413b</run_address>
         <size>0x3c</size>
         <input_file_ref idref="fl-f1"/>
      </object_component>
      <object_component id="oc-e9">
         <name>.debug_frame</name>
         <load_address>0x0</load_address>
         <run_address>0x0</run_address>
         <size>0x58</size>
         <input_file_ref idref="fl-2"/>
      </object_component>
      <object_component id="oc-2c">
         <name>.debug_frame</name>
         <load_address>0x58</load_address>
         <run_address>0x58</run_address>
         <size>0x90</size>
         <input_file_ref idref="fl-3"/>
      </object_component>
      <object_component id="oc-94">
         <name>.debug_frame</name>
         <load_address>0xe8</load_address>
         <run_address>0xe8</run_address>
         <size>0x78</size>
         <input_file_ref idref="fl-4"/>
      </object_component>
      <object_component id="oc-17e">
         <name>.debug_frame</name>
         <load_address>0x160</load_address>
         <run_address>0x160</run_address>
         <size>0x8c</size>
         <input_file_ref idref="fl-5"/>
      </object_component>
      <object_component id="oc-38">
         <name>.debug_frame</name>
         <load_address>0x1ec</load_address>
         <run_address>0x1ec</run_address>
         <size>0x74</size>
         <input_file_ref idref="fl-6"/>
      </object_component>
      <object_component id="oc-17b">
         <name>.debug_frame</name>
         <load_address>0x260</load_address>
         <run_address>0x260</run_address>
         <size>0x58</size>
         <input_file_ref idref="fl-7"/>
      </object_component>
      <object_component id="oc-2f">
         <name>.debug_frame</name>
         <load_address>0x2b8</load_address>
         <run_address>0x2b8</run_address>
         <size>0xb8</size>
         <input_file_ref idref="fl-8"/>
      </object_component>
      <object_component id="oc-ff">
         <name>.debug_frame</name>
         <load_address>0x370</load_address>
         <run_address>0x370</run_address>
         <size>0xbc</size>
         <input_file_ref idref="fl-e"/>
      </object_component>
      <object_component id="oc-83">
         <name>.debug_frame</name>
         <load_address>0x42c</load_address>
         <run_address>0x42c</run_address>
         <size>0x564</size>
         <input_file_ref idref="fl-17"/>
      </object_component>
      <object_component id="oc-91">
         <name>.debug_frame</name>
         <load_address>0x990</load_address>
         <run_address>0x990</run_address>
         <size>0x1d4</size>
         <input_file_ref idref="fl-1a"/>
      </object_component>
      <object_component id="oc-ba">
         <name>.debug_frame</name>
         <load_address>0xb64</load_address>
         <run_address>0xb64</run_address>
         <size>0x288</size>
         <input_file_ref idref="fl-21"/>
      </object_component>
      <object_component id="oc-7b">
         <name>.debug_frame</name>
         <load_address>0xdec</load_address>
         <run_address>0xdec</run_address>
         <size>0x5a8</size>
         <input_file_ref idref="fl-23"/>
      </object_component>
      <object_component id="oc-8b">
         <name>.debug_frame</name>
         <load_address>0x1394</load_address>
         <run_address>0x1394</run_address>
         <size>0x4cc</size>
         <input_file_ref idref="fl-27"/>
      </object_component>
      <object_component id="oc-57">
         <name>.debug_frame</name>
         <load_address>0x1860</load_address>
         <run_address>0x1860</run_address>
         <size>0x54</size>
         <input_file_ref idref="fl-e9"/>
      </object_component>
      <object_component id="oc-1c">
         <name>.debug_frame</name>
         <load_address>0x18b4</load_address>
         <run_address>0x18b4</run_address>
         <size>0x54</size>
         <input_file_ref idref="fl-ea"/>
      </object_component>
      <object_component id="oc-16">
         <name>.debug_frame</name>
         <load_address>0x1908</load_address>
         <run_address>0x1908</run_address>
         <size>0x60</size>
         <input_file_ref idref="fl-eb"/>
      </object_component>
      <object_component id="oc-6a">
         <name>.debug_frame</name>
         <load_address>0x1968</load_address>
         <run_address>0x1968</run_address>
         <size>0x50</size>
         <input_file_ref idref="fl-ec"/>
      </object_component>
      <object_component id="oc-194">
         <name>.debug_frame</name>
         <load_address>0x19b8</load_address>
         <run_address>0x19b8</run_address>
         <size>0x5c</size>
         <input_file_ref idref="fl-ee"/>
      </object_component>
      <object_component id="oc-e0">
         <name>.debug_frame</name>
         <load_address>0x1a14</load_address>
         <run_address>0x1a14</run_address>
         <size>0x54</size>
         <input_file_ref idref="fl-ef"/>
      </object_component>
      <object_component id="oc-184">
         <name>.debug_frame</name>
         <load_address>0x1a68</load_address>
         <run_address>0x1a68</run_address>
         <size>0x54</size>
         <input_file_ref idref="fl-f1"/>
      </object_component>
      <object_component id="oc-13c">
         <name>.debug_abbrev</name>
         <load_address>0x0</load_address>
         <run_address>0x0</run_address>
         <size>0x65</size>
         <input_file_ref idref="fl-2"/>
      </object_component>
      <object_component id="oc-182">
         <name>.debug_abbrev</name>
         <load_address>0x65</load_address>
         <run_address>0x65</run_address>
         <size>0x54</size>
         <input_file_ref idref="fl-2"/>
      </object_component>
      <object_component id="oc-145">
         <name>.debug_abbrev</name>
         <load_address>0xb9</load_address>
         <run_address>0xb9</run_address>
         <size>0x70</size>
         <input_file_ref idref="fl-2"/>
      </object_component>
      <object_component id="oc-c1">
         <name>.debug_abbrev</name>
         <load_address>0x129</load_address>
         <run_address>0x129</run_address>
         <size>0x69</size>
         <input_file_ref idref="fl-2"/>
      </object_component>
      <object_component id="oc-140">
         <name>.debug_abbrev</name>
         <load_address>0x192</load_address>
         <run_address>0x192</run_address>
         <size>0x5c</size>
         <input_file_ref idref="fl-2"/>
      </object_component>
      <object_component id="oc-b2">
         <name>.debug_abbrev</name>
         <load_address>0x1ee</load_address>
         <run_address>0x1ee</run_address>
         <size>0x1f</size>
         <input_file_ref idref="fl-2"/>
      </object_component>
      <object_component id="oc-15b">
         <name>.debug_abbrev</name>
         <load_address>0x20d</load_address>
         <run_address>0x20d</run_address>
         <size>0x5c</size>
         <input_file_ref idref="fl-2"/>
      </object_component>
      <object_component id="oc-10d">
         <name>.debug_abbrev</name>
         <load_address>0x269</load_address>
         <run_address>0x269</run_address>
         <size>0x24</size>
         <input_file_ref idref="fl-2"/>
      </object_component>
      <object_component id="oc-ad">
         <name>.debug_abbrev</name>
         <load_address>0x28d</load_address>
         <run_address>0x28d</run_address>
         <size>0x24</size>
         <input_file_ref idref="fl-2"/>
      </object_component>
      <object_component id="oc-bd">
         <name>.debug_abbrev</name>
         <load_address>0x2b1</load_address>
         <run_address>0x2b1</run_address>
         <size>0x7c</size>
         <input_file_ref idref="fl-3"/>
      </object_component>
      <object_component id="oc-39">
         <name>.debug_abbrev</name>
         <load_address>0x32d</load_address>
         <run_address>0x32d</run_address>
         <size>0x29</size>
         <input_file_ref idref="fl-3"/>
      </object_component>
      <object_component id="oc-79">
         <name>.debug_abbrev</name>
         <load_address>0x356</load_address>
         <run_address>0x356</run_address>
         <size>0xcb</size>
         <input_file_ref idref="fl-3"/>
      </object_component>
      <object_component id="oc-44">
         <name>.debug_abbrev</name>
         <load_address>0x421</load_address>
         <run_address>0x421</run_address>
         <size>0x1f</size>
         <input_file_ref idref="fl-3"/>
      </object_component>
      <object_component id="oc-148">
         <name>.debug_abbrev</name>
         <load_address>0x440</load_address>
         <run_address>0x440</run_address>
         <size>0x86</size>
         <input_file_ref idref="fl-4"/>
      </object_component>
      <object_component id="oc-13b">
         <name>.debug_abbrev</name>
         <load_address>0x4c6</load_address>
         <run_address>0x4c6</run_address>
         <size>0xa9</size>
         <input_file_ref idref="fl-4"/>
      </object_component>
      <object_component id="oc-14c">
         <name>.debug_abbrev</name>
         <load_address>0x56f</load_address>
         <run_address>0x56f</run_address>
         <size>0x70</size>
         <input_file_ref idref="fl-4"/>
      </object_component>
      <object_component id="oc-14f">
         <name>.debug_abbrev</name>
         <load_address>0x5df</load_address>
         <run_address>0x5df</run_address>
         <size>0x6e</size>
         <input_file_ref idref="fl-5"/>
      </object_component>
      <object_component id="oc-22e">
         <name>.debug_abbrev</name>
         <load_address>0x64d</load_address>
         <run_address>0x64d</run_address>
         <size>0x27</size>
         <input_file_ref idref="fl-5"/>
      </object_component>
      <object_component id="oc-228">
         <name>.debug_abbrev</name>
         <load_address>0x674</load_address>
         <run_address>0x674</run_address>
         <size>0x29</size>
         <input_file_ref idref="fl-5"/>
      </object_component>
      <object_component id="oc-22a">
         <name>.debug_abbrev</name>
         <load_address>0x69d</load_address>
         <run_address>0x69d</run_address>
         <size>0x29</size>
         <input_file_ref idref="fl-5"/>
      </object_component>
      <object_component id="oc-226">
         <name>.debug_abbrev</name>
         <load_address>0x6c6</load_address>
         <run_address>0x6c6</run_address>
         <size>0x29</size>
         <input_file_ref idref="fl-5"/>
      </object_component>
      <object_component id="oc-22c">
         <name>.debug_abbrev</name>
         <load_address>0x6ef</load_address>
         <run_address>0x6ef</run_address>
         <size>0x29</size>
         <input_file_ref idref="fl-5"/>
      </object_component>
      <object_component id="oc-205">
         <name>.debug_abbrev</name>
         <load_address>0x718</load_address>
         <run_address>0x718</run_address>
         <size>0x89</size>
         <input_file_ref idref="fl-5"/>
      </object_component>
      <object_component id="oc-151">
         <name>.debug_abbrev</name>
         <load_address>0x7a1</load_address>
         <run_address>0x7a1</run_address>
         <size>0xb2</size>
         <input_file_ref idref="fl-6"/>
      </object_component>
      <object_component id="oc-bc">
         <name>.debug_abbrev</name>
         <load_address>0x853</load_address>
         <run_address>0x853</run_address>
         <size>0x6c</size>
         <input_file_ref idref="fl-6"/>
      </object_component>
      <object_component id="oc-153">
         <name>.debug_abbrev</name>
[...]
      </symbol>
      <symbol id="sm-331">
         <name>SSIClockSourceSet</name>
         <value>0x696f</value>
         <object_component_ref idref="oc-b5"/>
      </symbol>
      <symbol id="sm-332">
         <name>SSIBusy</name>
         <value>0x6951</value>
         <object_component_ref idref="oc-b5"/>
      </symbol>
      <symbol id="sm-333">
         <name>SSIDisable</name>
         <value>0x67fb</value>
         <object_component_ref idref="oc-b5"/>
      </symbol>
      <symbol id="sm-334">
         <name>SSIAdvDataPutFrameEndNonBlocking</name>
         <value>0x69eb</value>
         <object_component_ref idref="oc-b5"/>
      </symbol>
      <symbol id="sm-335">
         <name>SSIIntRegister</name>
         <value>0x6811</value>
         <object_component_ref idref="oc-b5"/>
      </symbol>
      <symbol id="sm-477">
         <name>SysCtlGPIOAHBEnable</name>
         <value>0x4fb3</value>
         <object_component_ref idref="oc-7a"/>
      </symbol>
      <symbol id="sm-478">
         <name>SysCtlIntRegister</name>
         <value>0x4691</value>
         <object_component_ref idref="oc-7a"/>
      </symbol>
      <symbol id="sm-479">
         <name>SysCtlFlashSizeGet</name>
         <value>0x42d3</value>
         <object_component_ref idref="oc-7a"/>
      </symbol>
      <symbol id="sm-47a">
         <name>SysCtlPeripheralDeepSleepEnable</name>
         <value>0x45a5</value>
         <object_component_ref idref="oc-7a"/>
      </symbol>
      <symbol id="sm-47b">
         <name>SysCtlLDODeepSleepGet</name>
         <value>0x4737</value>
         <object_component_ref idref="oc-7a"/>
      </symbol>
      <symbol id="sm-47c">
         <name>SysCtlFlashSectorSizeGet</name>
         <value>0x42ff</value>
         <object_component_ref idref="oc-7a"/>
      </symbol>
      <symbol id="sm-47d">
         <name>SysCtlIntDisable</name>
         <value>0x46cd</value>
         <object_component_ref idref="oc-7a"/>
      </symbol>
      <symbol id="sm-47e">
         <name>SysCtlResetBehaviorGet</name>
         <value>0x481d</value>
         <object_component_ref idref="oc-7a"/>
      </symbol>
      <symbol id="sm-47f">
         <name>SysCtlPeripheralPresent</name>
         <value>0x4325</value>
         <object_component_ref idref="oc-7a"/>
      </symbol>
      <symbol id="sm-480">
         <name>SysCtlDeepSleepClockSet</name>
         <value>0x4edb</value>
         <object_component_ref idref="oc-7a"/>
      </symbol>
      <symbol id="sm-481">
         <name>SysCtlClockSet</name>
         <value>0x4b65</value>
         <object_component_ref idref="oc-7a"/>
      </symbol>
      <symbol id="sm-482">
         <name>SysCtlAltClkConfig</name>
         <value>0x5145</value>
         <object_component_ref idref="oc-7a"/>
      </symbol>
      <symbol id="sm-483">
         <name>SysCtlPeripheralClockGating</name>
         <value>0x463d</value>
         <object_component_ref idref="oc-7a"/>
      </symbol>
      <symbol id="sm-484">
         <name>SysCtlIntStatus</name>
         <value>0x46f5</value>
         <object_component_ref idref="oc-7a"/>
      </symbol>
      <symbol id="sm-485">
         <name>SysCtlIntClear</name>
         <value>0x46e5</value>
         <object_component_ref idref="oc-7a"/>
      </symbol>
      <symbol id="sm-486">
         <name>SysCtlVoltageEventStatus</name>
         <value>0x5019</value>
         <object_component_ref idref="oc-7a"/>
      </symbol>
      <symbol id="sm-487">
         <name>SysCtlVoltageEventConfig</name>
         <value>0x5009</value>
         <object_component_ref idref="oc-7a"/>
      </symbol>
      <symbol id="sm-488">
         <name>SysCtlResetCauseGet</name>
         <value>0x478d</value>
         <object_component_ref idref="oc-7a"/>
      </symbol>
      <symbol id="sm-489">
         <name>SysCtlSleep</name>
         <value>0x4769</value>
         <object_component_ref idref="oc-7a"/>
      </symbol>
      <symbol id="sm-48a">
         <name>SysCtlPWMClockGet</name>
         <value>0x4f9d</value>
         <object_component_ref idref="oc-7a"/>
      </symbol>
      <symbol id="sm-48b">
         <name>SysCtlDeepSleepPowerSet</name>
         <value>0x4751</value>
         <object_component_ref idref="oc-7a"/>
      </symbol>
      <symbol id="sm-48c">
         <name>SysCtlClockOutConfig</name>
         <value>0x5129</value>
         <object_component_ref idref="oc-7a"/>
      </symbol>
      <symbol id="sm-48d">
         <name>SysCtlNMIStatus</name>
         <value>0x50f9</value>
         <object_component_ref idref="oc-7a"/>
      </symbol>
      <symbol id="sm-48e">
         <name>SysCtlDeepSleepClockConfigSet</name>
         <value>0x4ef9</value>
         <object_component_ref idref="oc-7a"/>
      </symbol>
      <symbol id="sm-48f">
         <name>SysCtlDelay</name>
         <value>0x707f</value>
         <object_component_ref idref="oc-109"/>
      </symbol>
      <symbol id="sm-490">
         <name>SysCtlVoltageEventClear</name>
         <value>0x5025</value>
         <object_component_ref idref="oc-7a"/>
      </symbol>
      <symbol id="sm-491">
         <name>SysCtlLDOSleepSet</name>
         <value>0x4711</value>
         <object_component_ref idref="oc-7a"/>
      </symbol>
      <symbol id="sm-492">
         <name>SysCtlMOSCConfigSet</name>
         <value>0x47a7</value>
         <object_component_ref idref="oc-7a"/>
      </symbol>
      <symbol id="sm-493">
         <name>SysCtlPeripheralEnable</name>
         <value>0x44a5</value>
         <object_component_ref idref="oc-7a"/>
      </symbol>
      <symbol id="sm-494">
         <name>SysCtlIntEnable</name>
         <value>0x46b9</value>
         <object_component_ref idref="oc-7a"/>
      </symbol>
      <symbol id="sm-495">
         <name>SysCtlNMIClear</name>
         <value>0x510d</value>
         <object_component_ref idref="oc-7a"/>
      </symbol>
      <symbol id="sm-496">
         <name>SysCtlPeripheralPowerOff</name>
         <value>0x43e1</value>
         <object_component_ref idref="oc-7a"/>
      </symbol>
      <symbol id="sm-497">
         <name>SysCtlSleepPowerSet</name>
         <value>0x473d</value>
         <object_component_ref idref="oc-7a"/>
      </symbol>
      <symbol id="sm-498">
         <name>SysCtlDeepSleep</name>
         <value>0x4771</value>
         <object_component_ref idref="oc-7a"/>
      </symbol>
      <symbol id="sm-499">
         <name>SysCtlLDODeepSleepSet</name>
         <value>0x4727</value>
         <object_component_ref idref="oc-7a"/>
      </symbol>
      <symbol id="sm-49a">
         <name>SysCtlPeripheralPowerOn</name>
         <value>0x43a5</value>
         <object_component_ref idref="oc-7a"/>
      </symbol>
      <symbol id="sm-49b">
         <name>SysCtlPeripheralDeepSleepDisable</name>
         <value>0x45f5</value>
         <object_component_ref idref="oc-7a"/>
      </symbol>
      <symbol id="sm-49c">
         <name>SysCtlPeripheralSleepDisable</name>
         <value>0x4569</value>
         <object_component_ref idref="oc-7a"/>
      </symbol>
      <symbol id="sm-49d">
         <name>SysCtlVCOGet</name>
         <value>0x503d</value>
         <object_component_ref idref="oc-7a"/>
      </symbol>
      <symbol id="sm-49e">
         <name>SysCtlResetBehaviorSet</name>
         <value>0x480d</value>
         <object_component_ref idref="oc-7a"/>
      </symbol>
      <symbol id="sm-49f">
         <name>SysCtlReset</name>
         <value>0x4761</value>
         <object_component_ref idref="oc-7a"/>
      </symbol>
      <symbol id="sm-4a0">
         <name>SysCtlGPIOAHBDisable</name>
         <value>0x4fcf</value>
         <object_component_ref idref="oc-7a"/>
      </symbol>
      <symbol id="sm-4a1">
         <name>SysCtlSRAMSizeGet</name>
         <value>0x42c9</value>
         <object_component_ref idref="oc-7a"/>
      </symbol>
      <symbol id="sm-4a2">
         <name>SysCtlClockGet</name>
         <value>0x4d35</value>
         <object_component_ref idref="oc-7a"/>
      </symbol>
      <symbol id="sm-4a3">
         <name>SysCtlPeripheralDisable</name>
         <value>0x44e1</value>
         <object_component_ref idref="oc-7a"/>
      </symbol>
      <symbol id="sm-4a4">
         <name>SysCtlPWMClockSet</name>
         <value>0x4f83</value>
         <object_component_ref idref="oc-7a"/>
      </symbol>
      <symbol id="sm-4a5">
         <name>SysCtlUSBPLLEnable</name>
         <value>0x4feb</value>
         <object_component_ref idref="oc-7a"/>
      </symbol>
      <symbol id="sm-4a6">
         <name>SysCtlPeripheralSleepEnable</name>
         <value>0x4525</value>
         <object_component_ref idref="oc-7a"/>
      </symbol>
      <symbol id="sm-4a7">
         <name>SysCtlIntUnregister</name>
         <value>0x46a9</value>
         <object_component_ref idref="oc-7a"/>
      </symbol>
      <symbol id="sm-4a8">
         <name>SysCtlUSBPLLDisable</name>
         <value>0x4ff7</value>
         <object_component_ref idref="oc-7a"/>
      </symbol>
      <symbol id="sm-4a9">
         <name>SysCtlPeripheralReady</name>
         <value>0x4365</value>
         <object_component_ref idref="oc-7a"/>
      </symbol>
      <symbol id="sm-4aa">
         <name>SysCtlPIOSCCalibrate</name>
         <value>0x47bd</value>
         <object_component_ref idref="oc-7a"/>
      </symbol>
      <symbol id="sm-4ab">
         <name>SysCtlResetCauseClear</name>
         <value>0x4793</value>
         <object_component_ref idref="oc-7a"/>
      </symbol>
      <symbol id="sm-4ac">
         <name>SysCtlLDOSleepGet</name>
         <value>0x4721</value>
         <object_component_ref idref="oc-7a"/>
      </symbol>
      <symbol id="sm-4ad">
         <name>SysCtlClockFreqSet</name>
         <value>0x486d</value>
         <object_component_ref idref="oc-7a"/>
      </symbol>
      <symbol id="sm-4ae">
         <name>SysCtlPeripheralReset</name>
         <value>0x441d</value>
         <object_component_ref idref="oc-7a"/>
      </symbol>
      <symbol id="sm-524">
         <name>UARTClockSourceGet</name>
         <value>0x628b</value>
         <object_component_ref idref="oc-86"/>
      </symbol>
      <symbol id="sm-525">
         <name>UARTCharPutNonBlocking</name>
         <value>0x60fd</value>
         <object_component_ref idref="oc-86"/>
      </symbol>
      <symbol id="sm-526">
         <name>UARTDMAEnable</name>
         <value>0x6225</value>
         <object_component_ref idref="oc-86"/>
      </symbol>
      <symbol id="sm-527">
         <name>UARTTxIntModeSet</name>
         <value>0x6061</value>
         <object_component_ref idref="oc-86"/>
      </symbol>
      <symbol id="sm-528">
         <name>UARTFIFODisable</name>
         <value>0x5f0f</value>
         <object_component_ref idref="oc-86"/>
      </symbol>
      <symbol id="sm-529">
         <name>UARTIntUnregister</name>
         <value>0x61a5</value>
         <object_component_ref idref="oc-86"/>
      </symbol>
      <symbol id="sm-52a">
         <name>UARTRxErrorClear</name>
         <value>0x6267</value>
         <object_component_ref idref="oc-86"/>
      </symbol>
      <symbol id="sm-52b">
         <name>UARTModemControlSet</name>
         <value>0x5fb1</value>
         <object_component_ref idref="oc-86"/>
      </symbol>
      <symbol id="sm-52c">
         <name>UARTFlowControlSet</name>
         <value>0x6033</value>
         <object_component_ref idref="oc-86"/>
      </symbol>
      <symbol id="sm-52d">
         <name>UARTConfigSetExpClk</name>
         <value>0x5de9</value>
         <object_component_ref idref="oc-86"/>
      </symbol>
      <symbol id="sm-52e">
         <name>UARTSmartCardDisable</name>
         <value>0x5f9b</value>
         <object_component_ref idref="oc-86"/>
      </symbol>
      <symbol id="sm-52f">
         <name>UARTDisable</name>
         <value>0x5ecf</value>
         <object_component_ref idref="oc-86"/>
      </symbol>
      <symbol id="sm-530">
         <name>UART9BitDisable</name>
         <value>0x62b1</value>
         <object_component_ref idref="oc-86"/>
      </symbol>
      <symbol id="sm-531">
         <name>UARTFIFOLevelGet</name>
         <value>0x5dc1</value>
         <object_component_ref idref="oc-86"/>
      </symbol>
      <symbol id="sm-532">
         <name>UARTBusy</name>
         <value>0x6169</value>
         <object_component_ref idref="oc-86"/>
      </symbol>
      <symbol id="sm-533">
         <name>UARTDisableSIR</name>
         <value>0x5f53</value>
         <object_component_ref idref="oc-86"/>
      </symbol>
      <symbol id="sm-534">
         <name>UARTLoopbackEnable</name>
         <value>0x6335</value>
         <object_component_ref idref="oc-86"/>
      </symbol>
      <symbol id="sm-535">
         <name>UARTIntEnable</name>
         <value>0x61c5</value>
         <object_component_ref idref="oc-86"/>
      </symbol>
      <symbol id="sm-536">
         <name>UARTCharsAvail</name>
         <value>0x608f</value>
         <object_component_ref idref="oc-86"/>
      </symbol>
      <symbol id="sm-537">
         <name>UARTCharGetNonBlocking</name>
         <value>0x60cb</value>
         <object_component_ref idref="oc-86"/>
      </symbol>
      <symbol id="sm-538">
         <name>UARTClockSourceSet</name>
         <value>0x6277</value>
         <object_component_ref idref="oc-86"/>
      </symbol>
      <symbol id="sm-539">
         <name>UARTTxIntModeGet</name>
         <value>0x607d</value>
         <object_component_ref idref="oc-86"/>
      </symbol>
      <symbol id="sm-53a">
         <name>UARTModemStatusGet</name>
         <value>0x601f</value>
         <object_component_ref idref="oc-86"/>
      </symbol>
      <symbol id="sm-53b">
         <name>UARTIntDisable</name>
         <value>0x61dd</value>
         <object_component_ref idref="oc-86"/>
      </symbol>
      <symbol id="sm-53c">
         <name>UARTCharPut</name>
         <value>0x6121</value>
         <object_component_ref idref="oc-86"/>
      </symbol>
      <symbol id="sm-53d">
         <name>UARTParityModeSet</name>
         <value>0x5d7b</value>
         <object_component_ref idref="oc-86"/>
      </symbol>
      <symbol id="sm-53e">
         <name>UARTRxErrorGet</name>
         <value>0x6255</value>
         <object_component_ref idref="oc-86"/>
      </symbol>
      <symbol id="sm-53f">
         <name>UARTConfigGetExpClk</name>
         <value>0x5e5f</value>
         <object_component_ref idref="oc-86"/>
      </symbol>
      <symbol id="sm-540">
         <name>UARTEnableSIR</name>
         <value>0x5f25</value>
         <object_component_ref idref="oc-86"/>
      </symbol>
      <symbol id="sm-541">
         <name>UARTEnable</name>
         <value>0x5eab</value>
         <object_component_ref idref="oc-86"/>
      </symbol>
      <symbol id="sm-542">
         <name>UART9BitAddrSend</name>
         <value>0x62ed</value>
         <object_component_ref idref="oc-86"/>
      </symbol>
      <symbol id="sm-543">
         <name>UARTModemControlGet</name>
         <value>0x600d</value>
         <object_component_ref idref="oc-86"/>
      </symbol>
      <symbol id="sm-544">
         <name>UARTSmartCardEnable</name>
         <value>0x5f69</value>
         <object_component_ref idref="oc-86"/>
      </symbol>
      <symbol id="sm-545">
         <name>UARTFlowControlGet</name>
         <value>0x604f</value>
         <object_component_ref idref="oc-86"/>
      </symbol>
      <symbol id="sm-546">
         <name>UARTFIFOEnable</name>
         <value>0x5ef9</value>
         <object_component_ref idref="oc-86"/>
      </symbol>
      <symbol id="sm-547">
         <name>UARTIntClear</name>
         <value>0x6213</value>
         <object_component_ref idref="oc-86"/>
      </symbol>
      <symbol id="sm-548">
         <name>UARTIntStatus</name>
         <value>0x61f5</value>
         <object_component_ref idref="oc-86"/>
      </symbol>
      <symbol id="sm-549">
         <name>UARTDMADisable</name>
         <value>0x623d</value>
         <object_component_ref idref="oc-86"/>
      </symbol>
      <symbol id="sm-54a">
         <name>UART9BitEnable</name>
         <value>0x629b</value>
         <object_component_ref idref="oc-86"/>
      </symbol>
      <symbol id="sm-54b">
         <name>UARTSpaceAvail</name>
         <value>0x60ad</value>
         <object_component_ref idref="oc-86"/>
      </symbol>
      <symbol id="sm-54c">
         <name>UARTCharGet</name>
         <value>0x60e7</value>
         <object_component_ref idref="oc-86"/>
      </symbol>
      <symbol id="sm-54d">
         <name>UARTFIFOLevelSet</name>
         <value>0x5da9</value>
         <object_component_ref idref="oc-86"/>
      </symbol>
      <symbol id="sm-54e">
         <name>UARTModemControlClear</name>
         <value>0x5fe9</value>
         <object_component_ref idref="oc-86"/>
      </symbol>
      <symbol id="sm-54f">
         <name>UARTParityModeGet</name>
         <value>0x5d97</value>
         <object_component_ref idref="oc-86"/>
      </symbol>
      <symbol id="sm-550">
         <name>UARTIntRegister</name>
         <value>0x6187</value>
         <object_component_ref idref="oc-86"/>
      </symbol>
      <symbol id="sm-551">
         <name>UARTBreakCtl</name>
         <value>0x613f</value>
         <object_component_ref idref="oc-86"/>
      </symbol>
      <symbol id="sm-552">
         <name>UART9BitAddrSet</name>
         <value>0x62c7</value>
         <object_component_ref idref="oc-86"/>
      </symbol>
      <symbol id="sm-570">
         <name>memcpy</name>
         <value>0x6e5d</value>
         <object_component_ref idref="oc-47"/>
      </symbol>
      <symbol id="sm-571">
         <name>__aeabi_memcpy</name>
         <value>0x6e5d</value>
         <object_component_ref idref="oc-47"/>
      </symbol>
      <symbol id="sm-572">
         <name>__aeabi_memcpy8</name>
         <value>0x6e5d</value>
         <object_component_ref idref="oc-47"/>
      </symbol>
      <symbol id="sm-573">
         <name>__aeabi_memcpy4</name>
         <value>0x6e5d</value>
         <object_component_ref idref="oc-47"/>
      </symbol>
      <symbol id="sm-58c">
         <name>__TI_zero_init_nomemset</name>
         <value>0x7039</value>
         <object_component_ref idref="oc-53"/>
      </symbol>
      <symbol id="sm-5a3">
         <name>__TI_decompress_none</name>
         <value>0x7065</value>
         <object_component_ref idref="oc-1b"/>
      </symbol>
      <symbol id="sm-5c6">
         <name>__TI_decompress_lzss</name>
         <value>0x6ef9</value>
         <object_component_ref idref="oc-15"/>
      </symbol>
      <symbol id="sm-5d9">
         <name>__stack</name>
         <value>0x20000270</value>
         <object_component_ref idref="oc-24"/>
      </symbol>
      <symbol id="sm-5da">
         <name>_c_int00_noargs</name>
         <value>0x6fe5</value>
         <object_component_ref idref="oc-65"/>
      </symbol>
      <symbol id="sm-603">
         <name>__TI_auto_init_nobinit_nopinit</name>
         <value>0x6f61</value>
         <object_component_ref idref="oc-18f"/>
      </symbol>
      <symbol id="sm-60d">
         <name>_system_pre_init</name>
         <value>0x7085</value>
         <object_component_ref idref="oc-df"/>
      </symbol>
      <symbol id="sm-619">
         <name>C$$EXIT</name>
         <value>0x7089</value>
         <object_component_ref idref="oc-183"/>
      </symbol>
      <symbol id="sm-61a">
         <name>abort</name>
         <value>0x7089</value>
         <object_component_ref idref="oc-183"/>
      </symbol>
      <symbol id="sm-61d">
         <name>__TI_static_base__</name>
         <value>0x76d8</value>
      </symbol>
      <symbol id="sm-620">
         <name>__mpu_init</name>
         <value>0x0</value>
      </symbol>
      <symbol id="sm-621">
         <name>_system_post_cinit</name>
         <value>0x0</value>
      </symbol>
   </symbol_table>
   <title>Link successful</title>
</link_info>
