<?xml version="1.0" encoding="ISO-8859-1" ?>
<link_info>
   <banner>TI ARM Linker PC v20.2.5.LTS</banner>
   <copyright>Copyright (c) 1996-2018 Texas Instruments Incorporated</copyright>
   <link_time>0x62d26ad4</link_time>
   <link_errors>0x0</link_errors>
   <output_file>boot_apppart.out</output_file>
   <entry_point>
      <name>_c_int00_noargs</name>
      <address>0x6ebd</address>
   </entry_point>
   <input_file_list>
      <input_file id="fl-2">
         <path>.\</path>
         <kind>object</kind>
         <file>main.obj</file>
         <name>main.obj</name>
      </input_file>
      <input_file id="fl-3">
         <path>.\</path>
         <kind>object</kind>
         <file>tm4c1290nczad_startup_ccs.obj</file>
         <name>tm4c1290nczad_startup_ccs.obj</name>
      </input_file>
      <input_file id="fl-4">
         <path>.\MCU_API\src\</path>
         <kind>object</kind>
         <file>API_SPI.obj</file>
         <name>API_SPI.obj</name>
      </input_file>
      <input_file id="fl-5">
         <path>.\MCU_API\src\</path>
         <kind>object</kind>
         <file>API_Uart.obj</file>
         <name>API_Uart.obj</name>
      </input_file>
      <input_file id="fl-6">
         <path>.\MCU_App\src\</path>
         <kind>object</kind>
         <file>app_bootloader.obj</file>
         <name>app_bootloader.obj</name>
      </input_file>
      <input_file id="fl-7">
         <path>.\MCU_bsp\src\</path>
         <kind>object</kind>
         <file>bsp_SPI.obj</file>
         <name>bsp_SPI.obj</name>
      </input_file>
      <input_file id="fl-8">
         <path>.\MCU_bsp\src\</path>
         <kind>object</kind>
         <file>bsp_Time.obj</file>
         <name>bsp_Time.obj</name>
      </input_file>
      <input_file id="fl-9">
         <path>.\MCU_bsp\src\</path>
         <kind>object</kind>
         <file>bsp_Uart.obj</file>
         <name>bsp_Uart.obj</name>
      </input_file>
      <input_file id="fl-a">
         <path>.\MCU_bsp\src\</path>
         <kind>object</kind>
         <file>bsp_gpio.obj</file>
         <name>bsp_gpio.obj</name>
      </input_file>
      <input_file id="fl-b">
         <path>.\driverlib\</path>
         <kind>object</kind>
         <file>adc.obj</file>
         <name>adc.obj</name>
      </input_file>
      <input_file id="fl-c">
         <path>.\driverlib\</path>
         <kind>object</kind>
         <file>aes.obj</file>
         <name>aes.obj</name>
      </input_file>
      <input_file id="fl-d">
         <path>.\driverlib\</path>
         <kind>object</kind>
         <file>can.obj</file>
         <name>can.obj</name>
      </input_file>
      <input_file id="fl-e">
         <path>.\driverlib\</path>
         <kind>object</kind>
         <file>comp.obj</file>
         <name>comp.obj</name>
      </input_file>
      <input_file id="fl-f">
         <path>.\driverlib\</path>
         <kind>object</kind>
         <file>cpu.obj</file>
         <name>cpu.obj</name>
      </input_file>
      <input_file id="fl-10">
         <path>.\driverlib\</path>
         <kind>object</kind>
         <file>crc.obj</file>
         <name>crc.obj</name>
      </input_file>
      <input_file id="fl-11">
         <path>.\driverlib\</path>
         <kind>object</kind>
         <file>des.obj</file>
         <name>des.obj</name>
      </input_file>
      <input_file id="fl-12">
         <path>.\driverlib\</path>
         <kind>object</kind>
         <file>eeprom.obj</file>
         <name>eeprom.obj</name>
      </input_file>
      <input_file id="fl-13">
         <path>.\driverlib\</path>
         <kind>object</kind>
         <file>emac.obj</file>
         <name>emac.obj</name>
      </input_file>
      <input_file id="fl-14">
         <path>.\driverlib\</path>
         <kind>object</kind>
         <file>epi.obj</file>
         <name>epi.obj</name>
      </input_file>
      <input_file id="fl-15">
         <path>.\driverlib\</path>
         <kind>object</kind>
         <file>epi_workaround_ccs.obj</file>
         <name>epi_workaround_ccs.obj</name>
      </input_file>
      <input_file id="fl-16">
         <path>.\driverlib\</path>
         <kind>object</kind>
         <file>flash.obj</file>
         <name>flash.obj</name>
      </input_file>
      <input_file id="fl-17">
         <path>.\driverlib\</path>
         <kind>object</kind>
         <file>fpu.obj</file>
         <name>fpu.obj</name>
      </input_file>
      <input_file id="fl-18">
         <path>.\driverlib\</path>
         <kind>object</kind>
         <file>gpio.obj</file>
         <name>gpio.obj</name>
      </input_file>
      <input_file id="fl-19">
         <path>.\driverlib\</path>
         <kind>object</kind>
         <file>hibernate.obj</file>
         <name>hibernate.obj</name>
      </input_file>
      <input_file id="fl-1a">
         <path>.\driverlib\</path>
         <kind>object</kind>
         <file>i2c.obj</file>
         <name>i2c.obj</name>
      </input_file>
      <input_file id="fl-1b">
         <path>.\driverlib\</path>
         <kind>object</kind>
         <file>interrupt.obj</file>
         <name>interrupt.obj</name>
      </input_file>
      <input_file id="fl-1c">
         <path>.\driverlib\</path>
         <kind>object</kind>
         <file>lcd.obj</file>
         <name>lcd.obj</name>
      </input_file>
      <input_file id="fl-1d">
         <path>.\driverlib\</path>
         <kind>object</kind>
         <file>mpu.obj</file>
         <name>mpu.obj</name>
      </input_file>
      <input_file id="fl-1e">
         <path>.\driverlib\</path>
         <kind>object</kind>
         <file>onewire.obj</file>
         <name>onewire.obj</name>
      </input_file>
      <input_file id="fl-1f">
         <path>.\driverlib\</path>
         <kind>object</kind>
         <file>pwm.obj</file>
         <name>pwm.obj</name>
      </input_file>
      <input_file id="fl-20">
         <path>.\driverlib\</path>
         <kind>object</kind>
         <file>qei.obj</file>
         <name>qei.obj</name>
      </input_file>
      <input_file id="fl-21">
         <path>.\driverlib\</path>
         <kind>object</kind>
         <file>shamd5.obj</file>
         <name>shamd5.obj</name>
      </input_file>
      <input_file id="fl-22">
         <path>.\driverlib\</path>
         <kind>object</kind>
         <file>ssi.obj</file>
         <name>ssi.obj</name>
      </input_file>
      <input_file id="fl-23">
         <path>.\driverlib\</path>
         <kind>object</kind>
         <file>sw_crc.obj</file>
         <name>sw_crc.obj</name>
      </input_file>
      <input_file id="fl-24">
         <path>.\driverlib\</path>
         <kind>object</kind>
         <file>sysctl.obj</file>
         <name>sysctl.obj</name>
      </input_file>
      <input_file id="fl-25">
         <path>.\driverlib\</path>
         <kind>object</kind>
         <file>sysexc.obj</file>
         <name>sysexc.obj</name>
      </input_file>
      <input_file id="fl-26">
         <path>.\driverlib\</path>
         <kind>object</kind>
         <file>systick.obj</file>
         <name>systick.obj</name>
      </input_file>
      <input_file id="fl-27">
         <path>.\driverlib\</path>
         <kind>object</kind>
         <file>timer.obj</file>
         <name>timer.obj</name>
      </input_file>
      <input_file id="fl-28">
         <path>.\driverlib\</path>
         <kind>object</kind>
         <file>uart.obj</file>
         <name>uart.obj</name>
      </input_file>
      <input_file id="fl-29">
         <path>.\driverlib\</path>
         <kind>object</kind>
         <file>udma.obj</file>
         <name>udma.obj</name>
      </input_file>
      <input_file id="fl-2a">
         <path>.\driverlib\</path>
         <kind>object</kind>
         <file>usb.obj</file>
         <name>usb.obj</name>
      </input_file>
      <input_file id="fl-2b">
         <path>.\driverlib\</path>
         <kind>object</kind>
         <file>watchdog.obj</file>
         <name>watchdog.obj</name>
      </input_file>
      <input_file id="fl-33">
         <kind>object</kind>
         <file>&lt;internal&gt;</file>
         <name>&lt;internal&gt;</name>
      </input_file>
      <input_file id="fl-e9">
         <path>C:\ti\ccs1120\ccs\tools\compiler\ti-cgt-arm_20.2.5.LTS\lib\</path>
         <kind>archive</kind>
         <file>rtsv7M4_T_le_v4SPD16_eabi.lib</file>
         <name>memcpy_t2.asm.obj</name>
      </input_file>
      <input_file id="fl-ea">
         <path>C:\ti\ccs1120\ccs\tools\compiler\ti-cgt-arm_20.2.5.LTS\lib\</path>
         <kind>archive</kind>
         <file>rtsv7M4_T_le_v4SPD16_eabi.lib</file>
         <name>copy_zero_init.c.obj</name>
      </input_file>
      <input_file id="fl-eb">
         <path>C:\ti\ccs1120\ccs\tools\compiler\ti-cgt-arm_20.2.5.LTS\lib\</path>
         <kind>archive</kind>
         <file>rtsv7M4_T_le_v4SPD16_eabi.lib</file>
         <name>copy_decompress_none.c.obj</name>
      </input_file>
      <input_file id="fl-ec">
         <path>C:\ti\ccs1120\ccs\tools\compiler\ti-cgt-arm_20.2.5.LTS\lib\</path>
         <kind>archive</kind>
         <file>rtsv7M4_T_le_v4SPD16_eabi.lib</file>
         <name>copy_decompress_lzss.c.obj</name>
      </input_file>
      <input_file id="fl-ed">
         <path>C:\ti\ccs1120\ccs\tools\compiler\ti-cgt-arm_20.2.5.LTS\lib\</path>
         <kind>archive</kind>
         <file>rtsv7M4_T_le_v4SPD16_eabi.lib</file>
         <name>boot_cortex_m.c.obj</name>
      </input_file>
      <input_file id="fl-ee">
         <path>C:\ti\ccs1120\ccs\tools\compiler\ti-cgt-arm_20.2.5.LTS\lib\</path>
         <kind>archive</kind>
         <file>rtsv7M4_T_le_v4SPD16_eabi.lib</file>
         <name>memset_t2.asm.obj</name>
      </input_file>
      <input_file id="fl-ef">
         <path>C:\ti\ccs1120\ccs\tools\compiler\ti-cgt-arm_20.2.5.LTS\lib\</path>
         <kind>archive</kind>
         <file>rtsv7M4_T_le_v4SPD16_eabi.lib</file>
         <name>autoinit.c.obj</name>
      </input_file>
      <input_file id="fl-f0">
         <path>C:\ti\ccs1120\ccs\tools\compiler\ti-cgt-arm_20.2.5.LTS\lib\</path>
         <kind>archive</kind>
         <file>rtsv7M4_T_le_v4SPD16_eabi.lib</file>
         <name>pre_init.c.obj</name>
      </input_file>
      <input_file id="fl-f1">
         <path>C:\ti\ccs1120\ccs\tools\compiler\ti-cgt-arm_20.2.5.LTS\lib\</path>
         <kind>archive</kind>
         <file>rtsv7M4_T_le_v4SPD16_eabi.lib</file>
         <name>cpy_tbl.c.obj</name>
      </input_file>
      <input_file id="fl-f2">
         <path>C:\ti\ccs1120\ccs\tools\compiler\ti-cgt-arm_20.2.5.LTS\lib\</path>
         <kind>archive</kind>
         <file>rtsv7M4_T_le_v4SPD16_eabi.lib</file>
         <name>exit.c.obj</name>
      </input_file>
      <input_file id="fl-f3">
         <path>C:\ti\ccs1120\ccs\tools\compiler\ti-cgt-arm_20.2.5.LTS\lib\</path>
         <kind>archive</kind>
         <file>rtsv7M4_T_le_v4SPD16_eabi.lib</file>
         <name>_lock.c.obj</name>
      </input_file>
      <input_file id="fl-f4">
         <path>C:\ti\ccs1120\ccs\tools\compiler\ti-cgt-arm_20.2.5.LTS\lib\</path>
         <kind>archive</kind>
         <file>rtsv7M4_T_le_v4SPD16_eabi.lib</file>
         <name>args_main.c.obj</name>
      </input_file>
   </input_file_list>
   <object_component_list>
      <object_component id="oc-12">
         <name>.intvecs</name>
         <load_address>0x4000</load_address>
         <run_address>0x4000</run_address>
         <size>0x208</size>
         <input_file_ref idref="fl-3"/>
      </object_component>
      <object_component id="oc-7a">
         <name>.text</name>
         <load_address>0x4208</load_address>
         <run_address>0x4208</run_address>
         <size>0xf80</size>
         <input_file_ref idref="fl-24"/>
      </object_component>
      <object_component id="oc-80">
         <name>.text</name>
         <load_address>0x5188</load_address>
         <run_address>0x5188</run_address>
         <size>0xb94</size>
         <input_file_ref idref="fl-18"/>
      </object_component>
      <object_component id="oc-86">
         <name>.text</name>
         <load_address>0x5d1c</load_address>
         <run_address>0x5d1c</run_address>
         <size>0x62e</size>
         <input_file_ref idref="fl-28"/>
      </object_component>
      <object_component id="oc-8c">
         <name>.text</name>
         <load_address>0x634c</load_address>
         <run_address>0x634c</run_address>
         <size>0x3c0</size>
         <input_file_ref idref="fl-1b"/>
      </object_component>
      <object_component id="oc-b7">
         <name>.text</name>
         <load_address>0x670c</load_address>
         <run_address>0x670c</run_address>
         <size>0x336</size>
         <input_file_ref idref="fl-22"/>
      </object_component>
      <object_component id="oc-33">
         <name>.text</name>
         <load_address>0x6a44</load_address>
         <run_address>0x6a44</run_address>
         <size>0x154</size>
         <input_file_ref idref="fl-7"/>
      </object_component>
      <object_component id="oc-92">
         <name>.text</name>
         <load_address>0x6b98</load_address>
         <run_address>0x6b98</run_address>
         <size>0x10c</size>
         <input_file_ref idref="fl-5"/>
      </object_component>
      <object_component id="oc-2d">
         <name>.text</name>
         <load_address>0x6ca4</load_address>
         <run_address>0x6ca4</run_address>
         <size>0xf8</size>
         <input_file_ref idref="fl-9"/>
      </object_component>
      <object_component id="oc-47">
         <name>.text</name>
         <load_address>0x6d9c</load_address>
         <run_address>0x6d9c</run_address>
         <size>0x9c</size>
         <input_file_ref idref="fl-e9"/>
      </object_component>
      <object_component id="oc-18d">
         <name>.text:__TI_auto_init_nobinit_nopinit:__TI_auto_init_nobinit_nopinit</name>
         <load_address>0x6e38</load_address>
         <run_address>0x6e38</run_address>
         <size>0x44</size>
         <input_file_ref idref="fl-ef"/>
      </object_component>
      <object_component id="oc-fc">
         <name>.text</name>
         <load_address>0x6e7c</load_address>
         <run_address>0x6e7c</run_address>
         <size>0x3e</size>
         <input_file_ref idref="fl-f"/>
      </object_component>
      <object_component id="oc-65">
         <name>.text:_c_int00_noargs:_c_int00_noargs</name>
         <load_address>0x6ebc</load_address>
         <run_address>0x6ebc</run_address>
         <size>0x34</size>
         <input_file_ref idref="fl-ed"/>
      </object_component>
      <object_component id="oc-17a">
         <name>.text</name>
         <load_address>0x6ef0</load_address>
         <run_address>0x6ef0</run_address>
         <size>0x20</size>
         <input_file_ref idref="fl-8"/>
      </object_component>
      <object_component id="oc-53">
         <name>.text:decompress:ZI:__TI_zero_init_nomemset:__TI_zero_init_nomemset</name>
         <load_address>0x6f10</load_address>
         <run_address>0x6f10</run_address>
         <size>0x1c</size>
         <input_file_ref idref="fl-ea"/>
      </object_component>
      <object_component id="oc-e7">
         <name>.text</name>
         <load_address>0x6f2c</load_address>
         <run_address>0x6f2c</run_address>
         <size>0x12</size>
         <input_file_ref idref="fl-2"/>
      </object_component>
      <object_component id="oc-27">
         <name>.text</name>
         <load_address>0x6f3e</load_address>
         <run_address>0x6f3e</run_address>
         <size>0xc</size>
         <input_file_ref idref="fl-3"/>
      </object_component>
      <object_component id="oc-10b">
         <name>.text:SysCtlDelay</name>
         <load_address>0x6f4a</load_address>
         <run_address>0x6f4a</run_address>
         <size>0x6</size>
         <input_file_ref idref="fl-24"/>
      </object_component>
      <object_component id="oc-e1">
         <name>.text:_system_pre_init</name>
         <load_address>0x6f50</load_address>
         <run_address>0x6f50</run_address>
         <size>0x4</size>
         <input_file_ref idref="fl-f0"/>
      </object_component>
      <object_component id="oc-181">
         <name>.text:abort:abort</name>
         <load_address>0x6f54</load_address>
         <run_address>0x6f54</run_address>
         <size>0x4</size>
         <input_file_ref idref="fl-f2"/>
      </object_component>
      <object_component id="oc-108">
         <name>.const:g_pppui32XTALtoVCO</name>
         <load_address>0x6f58</load_address>
         <run_address>0x6f58</run_address>
         <size>0x1b0</size>
         <input_file_ref idref="fl-24"/>
      </object_component>
      <object_component id="oc-116">
         <name>.const:g_ppui32GPIOIntMapSnowflake</name>
         <load_address>0x7108</load_address>
         <run_address>0x7108</run_address>
         <size>0xd8</size>
         <input_file_ref idref="fl-18"/>
      </object_component>
      <object_component id="oc-113">
         <name>.const:g_ppui32GPIOIntMapBlizzard</name>
         <load_address>0x71e0</load_address>
         <run_address>0x71e0</run_address>
         <size>0xc0</size>
         <input_file_ref idref="fl-18"/>
      </object_component>
      <object_component id="oc-12c">
         <name>.const:g_pui32Regs</name>
         <load_address>0x72a0</load_address>
         <run_address>0x72a0</run_address>
         <size>0x9c</size>
         <input_file_ref idref="fl-1b"/>
      </object_component>
      <object_component id="oc-119">
         <name>.const:g_pui32GPIOBaseAddrs</name>
         <load_address>0x733c</load_address>
         <run_address>0x733c</run_address>
         <size>0x90</size>
         <input_file_ref idref="fl-18"/>
      </object_component>
      <object_component id="oc-102">
         <name>.const:g_pui32Xtals</name>
         <load_address>0x73cc</load_address>
         <run_address>0x73cc</run_address>
         <size>0x6c</size>
         <input_file_ref idref="fl-24"/>
      </object_component>
      <object_component id="oc-11e">
         <name>.const:g_ppui32UARTIntMap</name>
         <load_address>0x7438</load_address>
         <run_address>0x7438</run_address>
         <size>0x40</size>
         <input_file_ref idref="fl-28"/>
      </object_component>
      <object_component id="oc-121">
         <name>.const:g_ppui32UARTIntMapSnowflake</name>
         <load_address>0x7478</load_address>
         <run_address>0x7478</run_address>
         <size>0x40</size>
         <input_file_ref idref="fl-28"/>
      </object_component>
      <object_component id="oc-f9">
         <name>.const:g_sXTALtoMEMTIM</name>
         <load_address>0x74b8</load_address>
         <run_address>0x74b8</run_address>
         <size>0x30</size>
         <input_file_ref idref="fl-24"/>
      </object_component>
      <object_component id="oc-162">
         <name>.const:g_ppui32SSIIntMap</name>
         <load_address>0x74e8</load_address>
         <run_address>0x74e8</run_address>
         <size>0x20</size>
         <input_file_ref idref="fl-22"/>
      </object_component>
      <object_component id="oc-165">
         <name>.const:g_ppui32SSIIntMapSnowflake</name>
         <load_address>0x7508</load_address>
         <run_address>0x7508</run_address>
         <size>0x20</size>
         <input_file_ref idref="fl-22"/>
      </object_component>
      <object_component id="oc-129">
         <name>.const:g_pui32Priority</name>
         <load_address>0x7528</load_address>
         <run_address>0x7528</run_address>
         <size>0x20</size>
         <input_file_ref idref="fl-1b"/>
      </object_component>
      <object_component id="oc-132">
         <name>.const:g_pui32Dii16Regs</name>
         <load_address>0x7548</load_address>
         <run_address>0x7548</run_address>
         <size>0x14</size>
         <input_file_ref idref="fl-1b"/>
      </object_component>
      <object_component id="oc-12f">
         <name>.const:g_pui32EnRegs</name>
         <load_address>0x755c</load_address>
         <run_address>0x755c</run_address>
         <size>0x14</size>
         <input_file_ref idref="fl-1b"/>
      </object_component>
      <object_component id="oc-135">
         <name>.const:g_pui32PendRegs</name>
         <load_address>0x7570</load_address>
         <run_address>0x7570</run_address>
         <size>0x14</size>
         <input_file_ref idref="fl-1b"/>
      </object_component>
      <object_component id="oc-138">
         <name>.const:g_pui32UnpendRegs</name>
         <load_address>0x7584</load_address>
         <run_address>0x7584</run_address>
         <size>0x14</size>
         <input_file_ref idref="fl-1b"/>
      </object_component>
      <object_component id="oc-105">
         <name>.const:g_pui32VCOFrequencies</name>
         <load_address>0x7598</load_address>
         <run_address>0x7598</run_address>
         <size>0x8</size>
         <input_file_ref idref="fl-24"/>
      </object_component>
      <object_component id="oc-26f">
         <name>.cinit..bss.load</name>
         <load_address>0x75a0</load_address>
         <run_address>0x75a0</run_address>
         <size>0x8</size>
      </object_component>
      <object_component id="oc-26e">
         <name>.cinit..vtable.load</name>
         <load_address>0x75a8</load_address>
         <run_address>0x75a8</run_address>
         <size>0x8</size>
      </object_component>
      <object_component id="oc-26c">
         <name>__TI_handler_table</name>
         <load_address>0x75b0</load_address>
         <run_address>0x75b0</run_address>
         <size>0x4</size>
      </object_component>
      <object_component id="oc-26d">
         <name>__TI_cinit_table</name>
         <load_address>0x75b4</load_address>
         <run_address>0x75b4</run_address>
         <size>0x10</size>
      </object_component>
      <object_component id="oc-126">
         <name>.vtable</name>
         <uninitialized>true</uninitialized>
         <run_address>0x20000000</run_address>
         <size>0x26c</size>
         <input_file_ref idref="fl-1b"/>
      </object_component>
      <object_component id="oc-98">
         <name>.common:g_ui32SysClock</name>
         <uninitialized>true</uninitialized>
         <run_address>0x20000490</run_address>
         <size>0x8</size>
      </object_component>
      <object_component id="oc-bd">
         <name>.common:g_breceiveFlag</name>
         <uninitialized>true</uninitialized>
         <run_address>0x20000499</run_address>
         <size>0x1</size>
      </object_component>
      <object_component id="oc-a9">
         <name>.common:rxBuffer</name>
         <uninitialized>true</uninitialized>
         <run_address>0x20000480</run_address>
         <size>0x10</size>
      </object_component>
      <object_component id="oc-aa">
         <name>.common:Buffer</name>
         <uninitialized>true</uninitialized>
         <run_address>0x20000470</run_address>
         <size>0x10</size>
      </object_component>
      <object_component id="oc-ab">
         <name>.common:Reciveflag</name>
         <uninitialized>true</uninitialized>
         <run_address>0x20000498</run_address>
         <size>0x1</size>
      </object_component>
      <object_component id="oc-24">
         <name>.stack</name>
         <uninitialized>true</uninitialized>
         <run_address>0x20000270</run_address>
         <size>0x4</size>
         <input_file_ref idref="fl-ed"/>
      </object_component>
      <object_component id="oc-271">
         <name>.stack</name>
         <uninitialized>true</uninitialized>
         <run_address>0x20000270</run_address>
         <size>0x0</size>
      </object_component>
      <object_component id="oc-99">
         <name>.debug_info</name>
         <load_address>0x0</load_address>
         <run_address>0x0</run_address>
         <size>0x394</size>
         <input_file_ref idref="fl-2"/>
      </object_component>
      <object_component id="oc-e8">
         <name>.debug_info</name>
         <load_address>0x394</load_address>
         <run_address>0x394</run_address>
         <size>0x10c</size>
         <input_file_ref idref="fl-2"/>
      </object_component>
      <object_component id="oc-145">
         <name>.debug_info</name>
         <load_address>0x4a0</load_address>
         <run_address>0x4a0</run_address>
         <size>0x2b5</size>
         <input_file_ref idref="fl-2"/>
      </object_component>
      <object_component id="oc-c1">
         <name>.debug_info</name>
         <load_address>0x755</load_address>
         <run_address>0x755</run_address>
         <size>0x26b</size>
         <input_file_ref idref="fl-2"/>
      </object_component>
      <object_component id="oc-140">
         <name>.debug_info</name>
         <load_address>0x9c0</load_address>
         <run_address>0x9c0</run_address>
         <size>0x2b3</size>
         <input_file_ref idref="fl-2"/>
      </object_component>
      <object_component id="oc-b2">
         <name>.debug_info</name>
         <load_address>0xc73</load_address>
         <run_address>0xc73</run_address>
         <size>0x8b</size>
         <input_file_ref idref="fl-2"/>
      </object_component>
      <object_component id="oc-15d">
         <name>.debug_info</name>
         <load_address>0xcfe</load_address>
         <run_address>0xcfe</run_address>
         <size>0x2a4</size>
         <input_file_ref idref="fl-2"/>
      </object_component>
      <object_component id="oc-10d">
         <name>.debug_info</name>
         <load_address>0xfa2</load_address>
         <run_address>0xfa2</run_address>
         <size>0xef</size>
         <input_file_ref idref="fl-2"/>
      </object_component>
      <object_component id="oc-ad">
         <name>.debug_info</name>
         <load_address>0x1091</load_address>
         <run_address>0x1091</run_address>
         <size>0xbb</size>
         <input_file_ref idref="fl-2"/>
      </object_component>
      <object_component id="oc-3b">
         <name>.debug_info</name>
         <load_address>0x114c</load_address>
         <run_address>0x114c</run_address>
         <size>0x2e1</size>
         <input_file_ref idref="fl-3"/>
      </object_component>
      <object_component id="oc-13">
         <name>.debug_info</name>
         <load_address>0x142d</load_address>
         <run_address>0x142d</run_address>
         <size>0xd4</size>
         <input_file_ref idref="fl-3"/>
      </object_component>
      <object_component id="oc-28">
         <name>.debug_info</name>
         <load_address>0x1501</load_address>
         <run_address>0x1501</run_address>
         <size>0x253</size>
         <input_file_ref idref="fl-3"/>
      </object_component>
      <object_component id="oc-42">
         <name>.debug_info</name>
         <load_address>0x1754</load_address>
         <run_address>0x1754</run_address>
         <size>0x84</size>
         <input_file_ref idref="fl-3"/>
      </object_component>
      <object_component id="oc-9b">
         <name>.debug_info</name>
         <load_address>0x17d8</load_address>
         <run_address>0x17d8</run_address>
         <size>0x1bd</size>
         <input_file_ref idref="fl-4"/>
      </object_component>
      <object_component id="oc-9d">
         <name>.debug_info</name>
         <load_address>0x1995</load_address>
         <run_address>0x1995</run_address>
         <size>0x3f9</size>
         <input_file_ref idref="fl-5"/>
      </object_component>
      <object_component id="oc-94">
         <name>.debug_info</name>
         <load_address>0x1d8e</load_address>
         <run_address>0x1d8e</run_address>
         <size>0x344</size>
         <input_file_ref idref="fl-5"/>
      </object_component>
      <object_component id="oc-14e">
         <name>.debug_info</name>
         <load_address>0x20d2</load_address>
         <run_address>0x20d2</run_address>
         <size>0x2b5</size>
         <input_file_ref idref="fl-5"/>
      </object_component>
      <object_component id="oc-9f">
         <name>.debug_info</name>
         <load_address>0x2387</load_address>
         <run_address>0x2387</run_address>
         <size>0x39c</size>
         <input_file_ref idref="fl-6"/>
      </object_component>
      <object_component id="oc-a1">
         <name>.debug_info</name>
         <load_address>0x2723</load_address>
         <run_address>0x2723</run_address>
         <size>0x636</size>
         <input_file_ref idref="fl-7"/>
      </object_component>
      <object_component id="oc-36">
         <name>.debug_info</name>
         <load_address>0x2d59</load_address>
         <run_address>0x2d59</run_address>
         <size>0x636</size>
         <input_file_ref idref="fl-7"/>
      </object_component>
      <object_component id="oc-a3">
         <name>.debug_info</name>
         <load_address>0x338f</load_address>
         <run_address>0x338f</run_address>
         <size>0x398</size>
         <input_file_ref idref="fl-8"/>
      </object_component>
      <object_component id="oc-17d">
         <name>.debug_info</name>
         <load_address>0x3727</load_address>
         <run_address>0x3727</run_address>
         <size>0x12c</size>
         <input_file_ref idref="fl-8"/>
      </object_component>
      <object_component id="oc-a5">
         <name>.debug_info</name>
         <load_address>0x3853</load_address>
         <run_address>0x3853</run_address>
         <size>0x5c3</size>
         <input_file_ref idref="fl-9"/>
      </object_component>
      <object_component id="oc-2e">
         <name>.debug_info</name>
         <load_address>0x3e16</load_address>
         <run_address>0x3e16</run_address>
         <size>0x517</size>
         <input_file_ref idref="fl-9"/>
      </object_component>
      <object_component id="oc-a7">
         <name>.debug_info</name>
         <load_address>0x432d</load_address>
         <run_address>0x432d</run_address>
         <size>0x3cd</size>
         <input_file_ref idref="fl-a"/>
      </object_component>
      <object_component id="oc-fe">
         <name>.debug_info</name>
         <load_address>0x46fa</load_address>
         <run_address>0x46fa</run_address>
         <size>0x320</size>
         <input_file_ref idref="fl-f"/>
      </object_component>
      <object_component id="oc-11d">
         <name>.debug_info</name>
         <load_address>0x4a1a</load_address>
         <run_address>0x4a1a</run_address>
         <size>0x344</size>
         <input_file_ref idref="fl-18"/>
      </object_component>
      <object_component id="oc-114">
         <name>.debug_info</name>
         <load_address>0x4d5e</load_address>
         <run_address>0x4d5e</run_address>
         <size>0xe4</size>
         <input_file_ref idref="fl-18"/>
      </object_component>
      <object_component id="oc-117">
         <name>.debug_info</name>
         <load_address>0x4e42</load_address>
         <run_address>0x4e42</run_address>
         <size>0xe6</size>
         <input_file_ref idref="fl-18"/>
      </object_component>
      <object_component id="oc-11a">
         <name>.debug_info</name>
         <load_address>0x4f28</load_address>
         <run_address>0x4f28</run_address>
         <size>0xd8</size>
         <input_file_ref idref="fl-18"/>
      </object_component>
      <object_component id="oc-81">
         <name>.debug_info</name>
         <load_address>0x5000</load_address>
         <run_address>0x5000</run_address>
         <size>0x3107</size>
         <input_file_ref idref="fl-18"/>
      </object_component>
      <object_component id="oc-13c">
         <name>.debug_info</name>
         <load_address>0x8107</load_address>
         <run_address>0x8107</run_address>
         <size>0x321</size>
         <input_file_ref idref="fl-1b"/>
      </object_component>
      <object_component id="oc-12a">
         <name>.debug_info</name>
         <load_address>0x8428</load_address>
         <run_address>0x8428</run_address>
         <size>0xd3</size>
         <input_file_ref idref="fl-1b"/>
      </object_component>
      <object_component id="oc-12d">
         <name>.debug_info</name>
         <load_address>0x84fb</load_address>
         <run_address>0x84fb</run_address>
         <size>0xcb</size>
         <input_file_ref idref="fl-1b"/>
      </object_component>
      <object_component id="oc-130">
         <name>.debug_info</name>
         <load_address>0x85c6</load_address>
         <run_address>0x85c6</run_address>
         <size>0xcf</size>
         <input_file_ref idref="fl-1b"/>
      </object_component>
      <object_component id="oc-133">
         <name>.debug_info</name>
         <load_address>0x8695</load_address>
         <run_address>0x8695</run_address>
         <size>0xd5</size>
         <input_file_ref idref="fl-1b"/>
      </object_component>
      <object_component id="oc-136">
         <name>.debug_info</name>
         <load_address>0x876a</load_address>
         <run_address>0x876a</run_address>
         <size>0xd3</size>
         <input_file_ref idref="fl-1b"/>
      </object_component>
      <object_component id="oc-139">
         <name>.debug_info</name>
         <load_address>0x883d</load_address>
         <run_address>0x883d</run_address>
         <size>0xd7</size>
         <input_file_ref idref="fl-1b"/>
      </object_component>
      <object_component id="oc-127">
         <name>.debug_info</name>
         <load_address>0x8914</load_address>
         <run_address>0x8914</run_address>
         <size>0xd4</size>
         <input_file_ref idref="fl-1b"/>
      </object_component>
      <object_component id="oc-90">
         <name>.debug_info</name>
         <load_address>0x89e8</load_address>
         <run_address>0x89e8</run_address>
         <size>0xcd4</size>
         <input_file_ref idref="fl-1b"/>
      </object_component>
      <object_component id="oc-169">
         <name>.debug_info</name>
         <load_address>0x96bc</load_address>
         <run_address>0x96bc</run_address>
         <size>0x325</size>
         <input_file_ref idref="fl-22"/>
      </object_component>
      <object_component id="oc-163">
         <name>.debug_info</name>
         <load_address>0x99e1</load_address>
         <run_address>0x99e1</run_address>
         <size>0xd1</size>
         <input_file_ref idref="fl-22"/>
      </object_component>
      <object_component id="oc-166">
         <name>.debug_info</name>
         <load_address>0x9ab2</load_address>
         <run_address>0x9ab2</run_address>
         <size>0xe3</size>
         <input_file_ref idref="fl-22"/>
      </object_component>
      <object_component id="oc-b8">
         <name>.debug_info</name>
         <load_address>0x9b95</load_address>
         <run_address>0x9b95</run_address>
         <size>0x1510</size>
         <input_file_ref idref="fl-22"/>
      </object_component>
      <object_component id="oc-112">
         <name>.debug_info</name>
         <load_address>0xb0a5</load_address>
         <run_address>0xb0a5</run_address>
         <size>0x3a6</size>
         <input_file_ref idref="fl-24"/>
      </object_component>
      <object_component id="oc-103">
         <name>.debug_info</name>
         <load_address>0xb44b</load_address>
         <run_address>0xb44b</run_address>
         <size>0xca</size>
         <input_file_ref idref="fl-24"/>
      </object_component>
      <object_component id="oc-109">
         <name>.debug_info</name>
         <load_address>0xb515</load_address>
         <run_address>0xb515</run_address>
         <size>0xd6</size>
         <input_file_ref idref="fl-24"/>
      </object_component>
      <object_component id="oc-fa">
         <name>.debug_info</name>
         <load_address>0xb5eb</load_address>
         <run_address>0xb5eb</run_address>
         <size>0xd0</size>
         <input_file_ref idref="fl-24"/>
      </object_component>
      <object_component id="oc-106">
         <name>.debug_info</name>
         <load_address>0xb6bb</load_address>
         <run_address>0xb6bb</run_address>
         <size>0xdd</size>
         <input_file_ref idref="fl-24"/>
      </object_component>
      <object_component id="oc-7c">
         <name>.debug_info</name>
         <load_address>0xb798</load_address>
         <run_address>0xb798</run_address>
         <size>0x2b1a</size>
         <input_file_ref idref="fl-24"/>
      </object_component>
      <object_component id="oc-1ca">
         <name>.debug_info</name>
         <load_address>0xe2b2</load_address>
         <run_address>0xe2b2</run_address>
         <size>0x51</size>
         <input_file_ref idref="fl-24"/>
      </object_component>
      <object_component id="oc-125">
         <name>.debug_info</name>
         <load_address>0xe303</load_address>
         <run_address>0xe303</run_address>
         <size>0x326</size>
         <input_file_ref idref="fl-28"/>
      </object_component>
      <object_component id="oc-11f">
         <name>.debug_info</name>
         <load_address>0xe629</load_address>
         <run_address>0xe629</run_address>
         <size>0xd4</size>
         <input_file_ref idref="fl-28"/>
      </object_component>
      <object_component id="oc-122">
         <name>.debug_info</name>
         <load_address>0xe6fd</load_address>
         <run_address>0xe6fd</run_address>
         <size>0xe6</size>
         <input_file_ref idref="fl-28"/>
      </object_component>
      <object_component id="oc-89">
         <name>.debug_info</name>
         <load_address>0xe7e3</load_address>
         <run_address>0xe7e3</run_address>
         <size>0x26e6</size>
         <input_file_ref idref="fl-28"/>
      </object_component>
      <object_component id="oc-48">
         <name>.debug_info</name>
         <load_address>0x10ec9</load_address>
         <run_address>0x10ec9</run_address>
         <size>0x119</size>
         <input_file_ref idref="fl-e9"/>
      </object_component>
      <object_component id="oc-da">
         <name>.debug_info</name>
         <load_address>0x10fe2</load_address>
         <run_address>0x10fe2</run_address>
         <size>0x2d4</size>
         <input_file_ref idref="fl-ea"/>
      </object_component>
      <object_component id="oc-54">
         <name>.debug_info</name>
         <load_address>0x112b6</load_address>
         <run_address>0x112b6</run_address>
         <size>0x1d2</size>
         <input_file_ref idref="fl-ea"/>
      </object_component>
      <object_component id="oc-d5">
         <name>.debug_info</name>
         <load_address>0x11488</load_address>
         <run_address>0x11488</run_address>
         <size>0x46</size>
         <input_file_ref idref="fl-ea"/>
      </object_component>
      <object_component id="oc-171">
         <name>.debug_info</name>
         <load_address>0x114ce</load_address>
         <run_address>0x114ce</run_address>
         <size>0x2c</size>
         <input_file_ref idref="fl-ea"/>
      </object_component>
      <object_component id="oc-25">
         <name>.debug_info</name>
         <load_address>0x114fa</load_address>
         <run_address>0x114fa</run_address>
         <size>0x10b</size>
         <input_file_ref idref="fl-ed"/>
      </object_component>
      <object_component id="oc-69">
         <name>.debug_info</name>
         <load_address>0x11605</load_address>
         <run_address>0x11605</run_address>
         <size>0x1a9</size>
         <input_file_ref idref="fl-ed"/>
      </object_component>
      <object_component id="oc-1fe">
         <name>.debug_info</name>
         <load_address>0x117ae</load_address>
         <run_address>0x117ae</run_address>
         <size>0x4b3</size>
         <input_file_ref idref="fl-ef"/>
      </object_component>
      <object_component id="oc-190">
         <name>.debug_info</name>
         <load_address>0x11c61</load_address>
         <run_address>0x11c61</run_address>
         <size>0x1a6</size>
         <input_file_ref idref="fl-ef"/>
      </object_component>
      <object_component id="oc-223">
         <name>.debug_info</name>
         <load_address>0x11e07</load_address>
         <run_address>0x11e07</run_address>
         <size>0x39</size>
         <input_file_ref idref="fl-ef"/>
      </object_component>
      <object_component id="oc-237">
         <name>.debug_info</name>
         <load_address>0x11e40</load_address>
         <run_address>0x11e40</run_address>
         <size>0x39</size>
         <input_file_ref idref="fl-ef"/>
      </object_component>
      <object_component id="oc-228">
         <name>.debug_info</name>
         <load_address>0x11e79</load_address>
         <run_address>0x11e79</run_address>
         <size>0x39</size>
         <input_file_ref idref="fl-ef"/>
      </object_component>
      <object_component id="oc-22d">
         <name>.debug_info</name>
         <load_address>0x11eb2</load_address>
         <run_address>0x11eb2</run_address>
         <size>0xcd</size>
         <input_file_ref idref="fl-ef"/>
      </object_component>
      <object_component id="oc-e2">
         <name>.debug_info</name>
         <load_address>0x11f7f</load_address>
         <run_address>0x11f7f</run_address>
         <size>0x153</size>
         <input_file_ref idref="fl-f0"/>
      </object_component>
      <object_component id="oc-182">
         <name>.debug_info</name>
         <load_address>0x120d2</load_address>
         <run_address>0x120d2</run_address>
         <size>0x122</size>
         <input_file_ref idref="fl-f2"/>
      </object_component>
      <object_component id="oc-272">
         <name>.debug_info</name>
         <load_address>0x121f4</load_address>
         <run_address>0x121f4</run_address>
         <size>0x86</size>
      </object_component>
      <object_component id="oc-13f">
         <name>.debug_line</name>
         <load_address>0x0</load_address>
         <run_address>0x0</run_address>
         <size>0xd0</size>
         <input_file_ref idref="fl-2"/>
      </object_component>
      <object_component id="oc-eb">
         <name>.debug_line</name>
         <load_address>0xd0</load_address>
         <run_address>0xd0</run_address>
         <size>0x44</size>
         <input_file_ref idref="fl-2"/>
      </object_component>
      <object_component id="oc-148">
         <name>.debug_line</name>
         <load_address>0x114</load_address>
         <run_address>0x114</run_address>
         <size>0x4c</size>
         <input_file_ref idref="fl-2"/>
      </object_component>
      <object_component id="oc-c4">
         <name>.debug_line</name>
         <load_address>0x160</load_address>
         <run_address>0x160</run_address>
         <size>0x6f</size>
         <input_file_ref idref="fl-2"/>
      </object_component>
      <object_component id="oc-143">
         <name>.debug_line</name>
         <load_address>0x1cf</load_address>
         <run_address>0x1cf</run_address>
         <size>0x4c</size>
         <input_file_ref idref="fl-2"/>
      </object_component>
      <object_component id="oc-b5">
         <name>.debug_line</name>
         <load_address>0x21b</load_address>
         <run_address>0x21b</run_address>
         <size>0x20</size>
         <input_file_ref idref="fl-2"/>
      </object_component>
      <object_component id="oc-160">
         <name>.debug_line</name>
         <load_address>0x23b</load_address>
         <run_address>0x23b</run_address>
         <size>0x73</size>
         <input_file_ref idref="fl-2"/>
      </object_component>
      <object_component id="oc-110">
         <name>.debug_line</name>
         <load_address>0x2ae</load_address>
         <run_address>0x2ae</run_address>
         <size>0x6f</size>
         <input_file_ref idref="fl-2"/>
      </object_component>
      <object_component id="oc-b0">
         <name>.debug_line</name>
         <load_address>0x31d</load_address>
         <run_address>0x31d</run_address>
         <size>0x70</size>
         <input_file_ref idref="fl-2"/>
      </object_component>
      <object_component id="oc-c0">
         <name>.debug_line</name>
         <load_address>0x38d</load_address>
         <run_address>0x38d</run_address>
         <size>0x42</size>
         <input_file_ref idref="fl-3"/>
      </object_component>
      <object_component id="oc-3a">
         <name>.debug_line</name>
         <load_address>0x3cf</load_address>
         <run_address>0x3cf</run_address>
         <size>0x42</size>
         <input_file_ref idref="fl-3"/>
      </object_component>
      <object_component id="oc-2b">
         <name>.debug_line</name>
         <load_address>0x411</load_address>
         <run_address>0x411</run_address>
         <size>0xa2</size>
         <input_file_ref idref="fl-3"/>
      </object_component>
      <object_component id="oc-45">
         <name>.debug_line</name>
         <load_address>0x4b3</load_address>
         <run_address>0x4b3</run_address>
         <size>0x20</size>
         <input_file_ref idref="fl-3"/>
      </object_component>
      <object_component id="oc-14b">
         <name>.debug_line</name>
         <load_address>0x4d3</load_address>
         <run_address>0x4d3</run_address>
         <size>0xa4</size>
         <input_file_ref idref="fl-4"/>
      </object_component>
      <object_component id="oc-14d">
         <name>.debug_line</name>
         <load_address>0x577</load_address>
         <run_address>0x577</run_address>
         <size>0x11c</size>
         <input_file_ref idref="fl-5"/>
      </object_component>
      <object_component id="oc-97">
         <name>.debug_line</name>
         <load_address>0x693</load_address>
         <run_address>0x693</run_address>
         <size>0x98</size>
         <input_file_ref idref="fl-5"/>
      </object_component>
      <object_component id="oc-151">
         <name>.debug_line</name>
         <load_address>0x72b</load_address>
         <run_address>0x72b</run_address>
         <size>0x4c</size>
         <input_file_ref idref="fl-5"/>
      </object_component>
      <object_component id="oc-154">
         <name>.debug_line</name>
         <load_address>0x777</load_address>
         <run_address>0x777</run_address>
         <size>0xa4</size>
         <input_file_ref idref="fl-6"/>
      </object_component>
      <object_component id="oc-156">
         <name>.debug_line</name>
         <load_address>0x81b</load_address>
         <run_address>0x81b</run_address>
         <size>0x142</size>
         <input_file_ref idref="fl-7"/>
      </object_component>
      <object_component id="oc-34">
         <name>.debug_line</name>
         <load_address>0x95d</load_address>
         <run_address>0x95d</run_address>
         <size>0xf8</size>
         <input_file_ref idref="fl-7"/>
      </object_component>
      <object_component id="oc-158">
         <name>.debug_line</name>
         <load_address>0xa55</load_address>
         <run_address>0xa55</run_address>
         <size>0xcc</size>
         <input_file_ref idref="fl-8"/>
      </object_component>
      <object_component id="oc-17c">
         <name>.debug_line</name>
         <load_address>0xb21</load_address>
         <run_address>0xb21</run_address>
         <size>0x52</size>
         <input_file_ref idref="fl-8"/>
      </object_component>
      <object_component id="oc-15a">
         <name>.debug_line</name>
         <load_address>0xb73</load_address>
         <run_address>0xb73</run_address>
         <size>0x143</size>
         <input_file_ref idref="fl-9"/>
      </object_component>
      <object_component id="oc-31">
         <name>.debug_line</name>
         <load_address>0xcb6</load_address>
         <run_address>0xcb6</run_address>
         <size>0xc9</size>
         <input_file_ref idref="fl-9"/>
      </object_component>
      <object_component id="oc-15c">
         <name>.debug_line</name>
         <load_address>0xd7f</load_address>
         <run_address>0xd7f</run_address>
         <size>0xca</size>
         <input_file_ref idref="fl-a"/>
      </object_component>
      <object_component id="oc-100">
         <name>.debug_line</name>
         <load_address>0xe49</load_address>
         <run_address>0xe49</run_address>
         <size>0xd9</size>
         <input_file_ref idref="fl-f"/>
      </object_component>
      <object_component id="oc-1d5">
         <name>.debug_line</name>
         <load_address>0xf22</load_address>
         <run_address>0xf22</run_address>
         <size>0x4b</size>
         <input_file_ref idref="fl-18"/>
      </object_component>
      <object_component id="oc-1cf">
         <name>.debug_line</name>
         <load_address>0xf6d</load_address>
         <run_address>0xf6d</run_address>
         <size>0x37</size>
         <input_file_ref idref="fl-18"/>
      </object_component>
      <object_component id="oc-1d1">
         <name>.debug_line</name>
         <load_address>0xfa4</load_address>
         <run_address>0xfa4</run_address>
         <size>0x37</size>
         <input_file_ref idref="fl-18"/>
      </object_component>
      <object_component id="oc-1d3">
         <name>.debug_line</name>
         <load_address>0xfdb</load_address>
         <run_address>0xfdb</run_address>
         <size>0x37</size>
         <input_file_ref idref="fl-18"/>
      </object_component>
      <object_component id="oc-85">
         <name>.debug_line</name>
         <load_address>0x1012</load_address>
         <run_address>0x1012</run_address>
         <size>0x62d</size>
         <input_file_ref idref="fl-18"/>
      </object_component>
      <object_component id="oc-1eb">
         <name>.debug_line</name>
         <load_address>0x163f</load_address>
         <run_address>0x163f</run_address>
         <size>0x45</size>
         <input_file_ref idref="fl-1b"/>
      </object_component>
      <object_component id="oc-1df">
         <name>.debug_line</name>
         <load_address>0x1684</load_address>
         <run_address>0x1684</run_address>
         <size>0x3c</size>
         <input_file_ref idref="fl-1b"/>
      </object_component>
      <object_component id="oc-1e1">
         <name>.debug_line</name>
         <load_address>0x16c0</load_address>
         <run_address>0x16c0</run_address>
         <size>0x3c</size>
         <input_file_ref idref="fl-1b"/>
      </object_component>
      <object_component id="oc-1e3">
         <name>.debug_line</name>
         <load_address>0x16fc</load_address>
         <run_address>0x16fc</run_address>
         <size>0x3c</size>
         <input_file_ref idref="fl-1b"/>
      </object_component>
      <object_component id="oc-1e5">
         <name>.debug_line</name>
         <load_address>0x1738</load_address>
         <run_address>0x1738</run_address>
         <size>0x3c</size>
         <input_file_ref idref="fl-1b"/>
      </object_component>
      <object_component id="oc-1e7">
         <name>.debug_line</name>
         <load_address>0x1774</load_address>
         <run_address>0x1774</run_address>
         <size>0x3c</size>
         <input_file_ref idref="fl-1b"/>
      </object_component>
      <object_component id="oc-1e9">
         <name>.debug_line</name>
         <load_address>0x17b0</load_address>
         <run_address>0x17b0</run_address>
         <size>0x3c</size>
         <input_file_ref idref="fl-1b"/>
      </object_component>
      <object_component id="oc-1dd">
         <name>.debug_line</name>
         <load_address>0x17ec</load_address>
         <run_address>0x17ec</run_address>
         <size>0x3c</size>
         <input_file_ref idref="fl-1b"/>
      </object_component>
      <object_component id="oc-8f">
         <name>.debug_line</name>
         <load_address>0x1828</load_address>
         <run_address>0x1828</run_address>
         <size>0x2ba</size>
         <input_file_ref idref="fl-1b"/>
      </object_component>
      <object_component id="oc-1f1">
         <name>.debug_line</name>
         <load_address>0x1ae2</load_address>
         <run_address>0x1ae2</run_address>
         <size>0x4b</size>
         <input_file_ref idref="fl-22"/>
      </object_component>
      <object_component id="oc-1ed">
         <name>.debug_line</name>
         <load_address>0x1b2d</load_address>
         <run_address>0x1b2d</run_address>
         <size>0x36</size>
         <input_file_ref idref="fl-22"/>
      </object_component>
      <object_component id="oc-1ef">
         <name>.debug_line</name>
         <load_address>0x1b63</load_address>
         <run_address>0x1b63</run_address>
         <size>0x36</size>
         <input_file_ref idref="fl-22"/>
      </object_component>
      <object_component id="oc-bb">
         <name>.debug_line</name>
         <load_address>0x1b99</load_address>
         <run_address>0x1b99</run_address>
         <size>0x318</size>
         <input_file_ref idref="fl-22"/>
      </object_component>
      <object_component id="oc-1c9">
         <name>.debug_line</name>
         <load_address>0x1eb1</load_address>
         <run_address>0x1eb1</run_address>
         <size>0x98</size>
         <input_file_ref idref="fl-24"/>
      </object_component>
      <object_component id="oc-1c3">
         <name>.debug_line</name>
         <load_address>0x1f49</load_address>
         <run_address>0x1f49</run_address>
         <size>0x39</size>
         <input_file_ref idref="fl-24"/>
      </object_component>
      <object_component id="oc-1c7">
         <name>.debug_line</name>
         <load_address>0x1f82</load_address>
         <run_address>0x1f82</run_address>
         <size>0x39</size>
         <input_file_ref idref="fl-24"/>
      </object_component>
      <object_component id="oc-1c0">
         <name>.debug_line</name>
         <load_address>0x1fbb</load_address>
         <run_address>0x1fbb</run_address>
         <size>0x39</size>
         <input_file_ref idref="fl-24"/>
      </object_component>
      <object_component id="oc-1c5">
         <name>.debug_line</name>
         <load_address>0x1ff4</load_address>
         <run_address>0x1ff4</run_address>
         <size>0x39</size>
         <input_file_ref idref="fl-24"/>
      </object_component>
      <object_component id="oc-7f">
         <name>.debug_line</name>
         <load_address>0x202d</load_address>
         <run_address>0x202d</run_address>
         <size>0x977</size>
         <input_file_ref idref="fl-24"/>
      </object_component>
      <object_component id="oc-1cc">
         <name>.debug_line</name>
         <load_address>0x29a4</load_address>
         <run_address>0x29a4</run_address>
         <size>0x39</size>
         <input_file_ref idref="fl-24"/>
      </object_component>
      <object_component id="oc-1db">
         <name>.debug_line</name>
         <load_address>0x29dd</load_address>
         <run_address>0x29dd</run_address>
         <size>0x4b</size>
         <input_file_ref idref="fl-28"/>
      </object_component>
      <object_component id="oc-1d7">
         <name>.debug_line</name>
         <load_address>0x2a28</load_address>
         <run_address>0x2a28</run_address>
         <size>0x37</size>
         <input_file_ref idref="fl-28"/>
      </object_component>
      <object_component id="oc-1d9">
         <name>.debug_line</name>
         <load_address>0x2a5f</load_address>
         <run_address>0x2a5f</run_address>
         <size>0x37</size>
         <input_file_ref idref="fl-28"/>
      </object_component>
      <object_component id="oc-88">
         <name>.debug_line</name>
         <load_address>0x2a96</load_address>
         <run_address>0x2a96</run_address>
         <size>0x5ac</size>
         <input_file_ref idref="fl-28"/>
      </object_component>
      <object_component id="oc-4b">
         <name>.debug_line</name>
         <load_address>0x3042</load_address>
         <run_address>0x3042</run_address>
         <size>0x88</size>
         <input_file_ref idref="fl-e9"/>
      </object_component>
      <object_component id="oc-177">
         <name>.debug_line</name>
         <load_address>0x30ca</load_address>
         <run_address>0x30ca</run_address>
         <size>0x92</size>
         <input_file_ref idref="fl-ea"/>
      </object_component>
      <object_component id="oc-58">
         <name>.debug_line</name>
         <load_address>0x315c</load_address>
         <run_address>0x315c</run_address>
         <size>0x56</size>
         <input_file_ref idref="fl-ea"/>
      </object_component>
      <object_component id="oc-d8">
         <name>.debug_line</name>
         <load_address>0x31b2</load_address>
         <run_address>0x31b2</run_address>
         <size>0x34</size>
         <input_file_ref idref="fl-ea"/>
      </object_component>
      <object_component id="oc-174">
         <name>.debug_line</name>
         <load_address>0x31e6</load_address>
         <run_address>0x31e6</run_address>
         <size>0x92</size>
         <input_file_ref idref="fl-ea"/>
      </object_component>
      <object_component id="oc-78">
         <name>.debug_line</name>
         <load_address>0x3278</load_address>
         <run_address>0x3278</run_address>
         <size>0x33</size>
         <input_file_ref idref="fl-ed"/>
      </object_component>
      <object_component id="oc-67">
         <name>.debug_line</name>
         <load_address>0x32ab</load_address>
         <run_address>0x32ab</run_address>
         <size>0x45</size>
         <input_file_ref idref="fl-ed"/>
      </object_component>
      <object_component id="oc-222">
         <name>.debug_line</name>
         <load_address>0x32f0</load_address>
         <run_address>0x32f0</run_address>
         <size>0xbf</size>
         <input_file_ref idref="fl-ef"/>
      </object_component>
      <object_component id="oc-192">
         <name>.debug_line</name>
         <load_address>0x33af</load_address>
         <run_address>0x33af</run_address>
         <size>0x6f</size>
         <input_file_ref idref="fl-ef"/>
      </object_component>
      <object_component id="oc-226">
         <name>.debug_line</name>
         <load_address>0x341e</load_address>
         <run_address>0x341e</run_address>
         <size>0x2e</size>
         <input_file_ref idref="fl-ef"/>
      </object_component>
      <object_component id="oc-23a">
         <name>.debug_line</name>
         <load_address>0x344c</load_address>
         <run_address>0x344c</run_address>
         <size>0x9a</size>
         <input_file_ref idref="fl-ef"/>
      </object_component>
      <object_component id="oc-22b">
         <name>.debug_line</name>
         <load_address>0x34e6</load_address>
         <run_address>0x34e6</run_address>
         <size>0x97</size>
         <input_file_ref idref="fl-ef"/>
      </object_component>
      <object_component id="oc-230">
         <name>.debug_line</name>
         <load_address>0x357d</load_address>
         <run_address>0x357d</run_address>
         <size>0x93</size>
         <input_file_ref idref="fl-ef"/>
      </object_component>
      <object_component id="oc-e5">
         <name>.debug_line</name>
         <load_address>0x3610</load_address>
         <run_address>0x3610</run_address>
         <size>0x40</size>
         <input_file_ref idref="fl-f0"/>
      </object_component>
      <object_component id="oc-186">
         <name>.debug_line</name>
         <load_address>0x3650</load_address>
         <run_address>0x3650</run_address>
         <size>0x3c</size>
         <input_file_ref idref="fl-f2"/>
      </object_component>
      <object_component id="oc-ec">
         <name>.debug_frame</name>
         <load_address>0x0</load_address>
         <run_address>0x0</run_address>
         <size>0x58</size>
         <input_file_ref idref="fl-2"/>
      </object_component>
      <object_component id="oc-2c">
         <name>.debug_frame</name>
         <load_address>0x58</load_address>
         <run_address>0x58</run_address>
         <size>0x90</size>
         <input_file_ref idref="fl-3"/>
      </object_component>
      <object_component id="oc-96">
         <name>.debug_frame</name>
         <load_address>0xe8</load_address>
         <run_address>0xe8</run_address>
         <size>0x78</size>
         <input_file_ref idref="fl-5"/>
      </object_component>
      <object_component id="oc-35">
         <name>.debug_frame</name>
         <load_address>0x160</load_address>
         <run_address>0x160</run_address>
         <size>0xe0</size>
         <input_file_ref idref="fl-7"/>
      </object_component>
      <object_component id="oc-17b">
         <name>.debug_frame</name>
         <load_address>0x240</load_address>
         <run_address>0x240</run_address>
         <size>0x58</size>
         <input_file_ref idref="fl-8"/>
      </object_component>
      <object_component id="oc-32">
         <name>.debug_frame</name>
         <load_address>0x298</load_address>
         <run_address>0x298</run_address>
         <size>0xb8</size>
         <input_file_ref idref="fl-9"/>
      </object_component>
      <object_component id="oc-101">
         <name>.debug_frame</name>
         <load_address>0x350</load_address>
         <run_address>0x350</run_address>
         <size>0xbc</size>
         <input_file_ref idref="fl-f"/>
      </object_component>
      <object_component id="oc-84">
         <name>.debug_frame</name>
         <load_address>0x40c</load_address>
         <run_address>0x40c</run_address>
         <size>0x564</size>
         <input_file_ref idref="fl-18"/>
      </object_component>
      <object_component id="oc-8d">
         <name>.debug_frame</name>
         <load_address>0x970</load_address>
         <run_address>0x970</run_address>
         <size>0x1d4</size>
         <input_file_ref idref="fl-1b"/>
      </object_component>
      <object_component id="oc-bc">
         <name>.debug_frame</name>
         <load_address>0xb44</load_address>
         <run_address>0xb44</run_address>
         <size>0x288</size>
         <input_file_ref idref="fl-22"/>
      </object_component>
      <object_component id="oc-7b">
         <name>.debug_frame</name>
         <load_address>0xdcc</load_address>
         <run_address>0xdcc</run_address>
         <size>0x5a8</size>
         <input_file_ref idref="fl-24"/>
      </object_component>
      <object_component id="oc-8b">
         <name>.debug_frame</name>
         <load_address>0x1374</load_address>
         <run_address>0x1374</run_address>
         <size>0x4cc</size>
         <input_file_ref idref="fl-28"/>
      </object_component>
      <object_component id="oc-57">
         <name>.debug_frame</name>
         <load_address>0x1840</load_address>
         <run_address>0x1840</run_address>
         <size>0x54</size>
         <input_file_ref idref="fl-ea"/>
      </object_component>
      <object_component id="oc-68">
         <name>.debug_frame</name>
         <load_address>0x1894</load_address>
         <run_address>0x1894</run_address>
         <size>0x50</size>
         <input_file_ref idref="fl-ed"/>
      </object_component>
      <object_component id="oc-18f">
         <name>.debug_frame</name>
         <load_address>0x18e4</load_address>
         <run_address>0x18e4</run_address>
         <size>0x5c</size>
         <input_file_ref idref="fl-ef"/>
      </object_component>
      <object_component id="oc-e6">
         <name>.debug_frame</name>
         <load_address>0x1940</load_address>
         <run_address>0x1940</run_address>
         <size>0x54</size>
         <input_file_ref idref="fl-f0"/>
      </object_component>
      <object_component id="oc-185">
         <name>.debug_frame</name>
         <load_address>0x1994</load_address>
         <run_address>0x1994</run_address>
         <size>0x54</size>
         <input_file_ref idref="fl-f2"/>
      </object_component>
      <object_component id="oc-13e">
         <name>.debug_abbrev</name>
         <load_address>0x0</load_address>
         <run_address>0x0</run_address>
         <size>0x65</size>
         <input_file_ref idref="fl-2"/>
      </object_component>
      <object_component id="oc-180">
         <name>.debug_abbrev</name>
         <load_address>0x65</load_address>
         <run_address>0x65</run_address>
         <size>0x60</size>
         <input_file_ref idref="fl-2"/>
      </object_component>
      <object_component id="oc-147">
         <name>.debug_abbrev</name>
         <load_address>0xc5</load_address>
         <run_address>0xc5</run_address>
         <size>0x70</size>
         <input_file_ref idref="fl-2"/>
      </object_component>
      <object_component id="oc-c3">
         <name>.debug_abbrev</name>
         <load_address>0x135</load_address>
         <run_address>0x135</run_address>
         <size>0x69</size>
         <input_file_ref idref="fl-2"/>
      </object_component>
      <object_component id="oc-142">
         <name>.debug_abbrev</name>
         <load_address>0x19e</load_address>
         <run_address>0x19e</run_address>
         <size>0x5c</size>
         <input_file_ref idref="fl-2"/>
      </object_component>
      <object_component id="oc-b4">
         <name>.debug_abbrev</name>
         <load_address>0x1fa</load_address>
         <run_address>0x1fa</run_address>
         <size>0x1f</size>
         <input_file_ref idref="fl-2"/>
      </object_component>
      <object_component id="oc-15f">
         <name>.debug_abbrev</name>
         <load_address>0x219</load_address>
         <run_address>0x219</run_address>
         <size>0x5c</size>
         <input_file_ref idref="fl-2"/>
      </object_component>
      <object_component id="oc-10f">
         <name>.debug_abbrev</name>
         <load_address>0x275</load_address>
         <run_address>0x275</run_address>
         <size>0x24</size>
         <input_file_ref idref="fl-2"/>
      </object_component>
      <object_component id="oc-af">
         <name>.debug_abbrev</name>
         <load_address>0x299</load_address>
         <run_address>0x299</run_address>
         <size>0x24</size>
         <input_file_ref idref="fl-2"/>
      </object_component>
      <object_component id="oc-bf">
         <name>.debug_abbrev</name>
         <load_address>0x2bd</load_address>
         <run_address>0x2bd</run_address>
         <size>0x7c</size>
         <input_file_ref idref="fl-3"/>
      </object_component>
      <object_component id="oc-39">
         <name>.debug_abbrev</name>
         <load_address>0x339</load_address>
         <run_address>0x339</run_address>
         <size>0x29</size>
         <input_file_ref idref="fl-3"/>
      </object_component>
      <object_component id="oc-79">
         <name>.debug_abbrev</name>
         <load_address>0x362</load_address>
         <run_address>0x362</run_address>
         <size>0xcb</size>
         <input_file_ref idref="fl-3"/>
      </object_component>
      <object_component id="oc-44">
         <name>.debug_abbrev</name>
         <load_address>0x42d</load_address>
         <run_address>0x42d</run_address>
         <size>0x1f</size>
         <input_file_ref idref="fl-3"/>
      </object_component>
      <object_component id="oc-14a">
         <name>.debug_abbrev</name>
         <load_address>0x44c</load_address>
         <run_address>0x44c</run_address>
         <size>0x46</size>
         <input_file_ref idref="fl-4"/>
      </object_component>
      <object_component id="oc-14c">
         <name>.debug_abbrev</name>
         <load_address>0x492</load_address>
         <run_address>0x492</run_address>
         <size>0x86</size>
         <input_file_ref idref="fl-5"/>
      </object_component>
      <object_component id="oc-13d">
         <name>.debug_abbrev</name>
         <load_address>0x518</load_address>
         <run_address>0x518</run_address>
         <size>0xa9</size>
         <input_file_ref idref="fl-5"/>
      </object_component>
      <object_component id="oc-150">
         <name>.debug_abbrev</name>
         <load_address>0x5c1</load_address>
         <run_address>0x5c1</run_address>
         <size>0x70</size>
         <input_file_ref idref="fl-5"/>
      </object_component>
      <object_component id="oc-153">
         <name>.debug_abbrev</name>
         <load_address>0x631</load_address>
         <run_address>0x631</run_address>
         <size>0x6e</size>
         <input_file_ref idref="fl-6"/>
      </object_component>
      <object_component id="oc-155">
         <name>.debug_abbrev</name>
         <load_address>0x69f</load_address>
         <run_address>0x69f</run_address>
         <size>0xb9</size>
         <input_file_ref idref="fl-7"/>
      </object_component>
      <object_component id="oc-be">
         <name>.debug_abbrev</name>
         <load_address>0x758</load_address>
         <run_address>0x758</run_address>
         <size>0xa9</size>
         <input_file_ref idref="fl-7"/>
      </object_component>
      <object_component id="oc-157">
         <name>.debug_abbrev</name>
         <load_address>0x801</load_address>
         <run_address>0x801</run_address>
         <size>0x70</size>
         <input_file_ref idref="fl-8"/>
      </object_component>
      <object_component id="oc-1f2">
         <name>.debug_abbrev</name>
         <load_address>0x871</load_address>
         <run_address>0x871</run_address>
         <size>0x5e</size>
         <input_file_ref idref="fl-8"/>
      </object_component>
      <object_component id="oc-159">
         <name>.debug_abbrev</name>
         <load_address>0x8cf</load_address>
         <run_address>0x8cf</run_address>
         <size>0xb9</size>
         <input_file_ref idref="fl-9"/>
      </object_component>
      <object_component id="oc-ac">
         <name>.debug_abbrev</name>
         <load_address>0x988</load_address>
         <run_address>0x988</run_address>
         <size>0x7a</size>
         <input_file_ref idref="fl-9"/>
      </object_component>
      <object_component id="oc-15b">
         <name>.debug_abbrev</name>
         <load_address>0xa02</load_address>
         <run_address>0xa02</run_address>
         <size>0x6e</size>
         <input_file_ref idref="fl-a"/>
      </object_component>
      <object_component id="oc-1c1">
         <name>.debug_abbrev</name>
         <load_address>0xa70</load_address>
         <run_address>0xa70</run_address>
         <size>0xca</size>
         <input_file_ref idref="fl-f"/>
      </object_component>
      <object_component id="oc-1d4">
         <name>.debug_abbrev</name>
         <load_address>0xb3a</load_address>
         <run_address>0xb3a</run_address>
         <size>0x76</size>
         <input_file_ref idref="fl-18"/>
      </object_component>
      <object_component id="oc-1ce">
         <name>.debug_abbrev</name>
         <load_address>0xbb0</load_address>
         <run_address>0xbb0</run_address>
         <size>0x27</size>
         <input_file_ref idref="fl-18"/>
      </object_component>
      <object_component id="oc-1d0">
         <name>.debug_abbrev</name>
         <load_address>0xbd7</load_address>
         <run_address>0xbd7</run_address>
         <size>0x27</size>
         <input_file_ref idref="fl-18"/>
      </object_component>
      <object_component id="oc-1d2">
         <name>.debug_abbrev</name>
         <load_address>0xbfe</load_address>
         <run_address>0xbfe</run_address>
         <size>0x27</size>
         <input_file_ref idref="fl-18"/>
      </object_component>
      <object_component id="oc-11c">
         <name>.debug_abbrev</name>
         <load_address>0xc25</load_address>
         <run_address>0xc25</run_address>
         <size>0xd6</size>
         <input_file_ref idref="fl-18"/>
      </object_component>
      <object_component id="oc-1ea">
         <name>.debug_abbrev</name>
         <load_address>0xcfb</load_address>
         <run_address>0xcfb</run_address>
         <size>0x92</size>
         <input_file_ref idref="fl-1b"/>
      </object_component>
      <object_component id="oc-1de">
         <name>.debug_abbrev</name>
         <load_address>0xd8d</load_address>
         <run_address>0xd8d</run_address>
         <size>0x27</size>
         <input_file_ref idref="fl-1b"/>
      </object_component>
      <object_component id="oc-1e0">
         <name>.debug_abbrev</name>
         <load_address>0xdb4</load_address>
         <run_address>0xdb4</run_address>
         <size>0x27</size>
         <input_file_ref idref="fl-1b"/>
      </object_component>
      <object_component id="oc-1e2">
         <name>.debug_abbrev</name>
         <load_address>0xddb</load_address>
         <run_address>0xddb</run_address>
         <size>0x27</size>
         <input_file_ref idref="fl-1b"/>
      </object_component>
      <object_component id="oc-1e4">
         <name>.debug_abbrev</name>
         <load_address>0xe02</load_address>
         <run_address>0xe02</run_address>
         <size>0x27</size>
         <input_file_ref idref="fl-1b"/>
      </object_component>
      <object_component id="oc-1e6">
         <name>.debug_abbrev</name>
         <load_address>0xe29</load_address>
         <run_address>0xe29</run_address>
         <size>0x27</size>
         <input_file_ref idref="fl-1b"/>
      </object_component>
      <object_component id="oc-1e8">
         <name>.debug_abbrev</name>
         <load_address>0xe50</load_address>
         <run_address>0xe50</run_address>
         <size>0x27</size>
         <input_file_ref idref="fl-1b"/>
      </object_component>
      <object_component id="oc-1dc">
         <name>.debug_abbrev</name>
         <load_address>0xe77</load_address>
         <run_address>0xe77</run_address>
         <size>0x29</size>
         <input_file_ref idref="fl-1b"/>
      </object_component>
      <object_component id="oc-13b">
         <name>.debug_abbrev</name>
         <load_address>0xea0</load_address>
         <run_address>0xea0</run_address>
         <size>0x101</size>
         <input_file_ref idref="fl-1b"/>
      </object_component>
      <object_component id="oc-1f0">
         <name>.debug_abbrev</name>
         <load_address>0xfa1</load_address>
         <run_address>0xfa1</run_address>
         <size>0x76</size>
         <input_file_ref idref="fl-22"/>
      </object_component>
      <object_component id="oc-1ec">
         <name>.debug_abbrev</name>
         <load_address>0x1017</load_address>
         <run_address>0x1017</run_address>
         <size>0x27</size>
         <input_file_ref idref="fl-22"/>
      </object_component>
      <object_component id="oc-1ee">
         <name>.debug_abbrev</name>
         <load_address>0x103e</load_address>
         <run_address>0x103e</run_address>
         <size>0x27</size>
         <input_file_ref idref="fl-22"/>
      </object_component>
      <object_component id="oc-168">
         <name>.debug_abbrev</name>
         <load_address>0x1065</load_address>
         <run_address>0x1065</run_address>
         <size>0x103</size>
         <input_file_ref idref="fl-22"/>
      </object_component>
      <object_component id="oc-1c8">
         <name>.debug_abbrev</name>
         <load_address>0x1168</load_address>
         <run_address>0x1168</run_address>
         <size>0xb4</size>
         <input_file_ref idref="fl-24"/>
      </object_component>
      <object_component id="oc-1c2">
         <name>.debug_abbrev</name>
         <load_address>0x121c</load_address>
         <run_address>0x121c</run_address>
         <size>0x27</size>
         <input_file_ref idref="fl-24"/>
      </object_component>
      <object_component id="oc-1c6">
         <name>.debug_abbrev</name>
         <load_address>0x1243</load_address>
         <run_address>0x1243</run_address>
         <size>0x27</size>
         <input_file_ref idref="fl-24"/>
      </object_component>
      <object_component id="oc-1bf">
         <name>.debug_abbrev</name>
         <load_address>0x126a</load_address>
         <run_address>0x126a</run_address>
         <size>0x27</size>
         <input_file_ref idref="fl-24"/>
      </object_component>
      <object_component id="oc-1c4">
         <name>.debug_abbrev</name>
         <load_address>0x1291</load_address>
         <run_address>0x1291</run_address>
         <size>0x27</size>
         <input_file_ref idref="fl-24"/>
      </object_component>
      <object_component id="oc-10c">
         <name>.debug_abbrev</name>
         <load_address>0x12b8</load_address>
         <run_address>0x12b8</run_address>
         <size>0x12e</size>
         <input_file_ref idref="fl-24"/>
      </object_component>
      <object_component id="oc-1cb">
         <name>.debug_abbrev</name>
         <load_address>0x13e6</load_address>
         <run_address>0x13e6</run_address>
         <size>0x38</size>
         <input_file_ref idref="fl-24"/>
      </object_component>
      <object_component id="oc-1da">
         <name>.debug_abbrev</name>
         <load_address>0x141e</load_address>
         <run_address>0x141e</run_address>
         <size>0x76</size>
         <input_file_ref idref="fl-28"/>
      </object_component>
      <object_component id="oc-1d6">
         <name>.debug_abbrev</name>
         <load_address>0x1494</load_address>
         <run_address>0x1494</run_address>
         <size>0x27</size>
         <input_file_ref idref="fl-28"/>
      </object_component>
      <object_component id="oc-1d8">
         <name>.debug_abbrev</name>
         <load_address>0x14bb</load_address>
         <run_address>0x14bb</run_address>
         <size>0x27</size>
         <input_file_ref idref="fl-28"/>
      </object_component>
      <object_component id="oc-124">
         <name>.debug_abbrev</name>
         <load_address>0x14e2</load_address>
         <run_address>0x14e2</run_address>
         <size>0x132</size>
         <input_file_ref idref="fl-28"/>
      </object_component>
      <object_component id="oc-cc">
         <name>.debug_abbrev</name>
         <load_address>0x1614</load_address>
         <run_address>0x1614</run_address>
         <size>0x3e</size>
         <input_file_ref idref="fl-e9"/>
      </object_component>
      <object_component id="oc-176">
         <name>.debug_abbrev</name>
         <load_address>0x1652</load_address>
         <run_address>0x1652</run_address>
         <size>0x5d</size>
         <input_file_ref idref="fl-ea"/>
      </object_component>
      <object_component id="oc-d4">
         <name>.debug_abbrev</name>
         <load_address>0x16af</load_address>
         <run_address>0x16af</run_address>
         <size>0x6f</size>
         <input_file_ref idref="fl-ea"/>
      </object_component>
      <object_component id="oc-d7">
         <name>.debug_abbrev</name>
         <load_address>0x171e</load_address>
         <run_address>0x171e</run_address>
         <size>0x24</size>
         <input_file_ref idref="fl-ea"/>
      </object_component>
      <object_component id="oc-173">
         <name>.debug_abbrev</name>
         <load_address>0x1742</load_address>
         <run_address>0x1742</run_address>
         <size>0x24</size>
         <input_file_ref idref="fl-ea"/>
      </object_component>
      <object_component id="oc-77">
         <name>.debug_abbrev</name>
         <load_address>0x1766</load_address>
         <run_address>0x1766</run_address>
         <size>0x29</size>
         <input_file_ref idref="fl-ed"/>
      </object_component>
      <object_component id="oc-f0">
         <name>.debug_abbrev</name>
         <load_address>0x178f</load_address>
         <run_address>0x178f</run_address>
         <size>0x55</size>
         <input_file_ref idref="fl-ed"/>
      </object_component>
      <object_component id="oc-221">
         <name>.debug_abbrev</name>
         <load_address>0x17e4</load_address>
         <run_address>0x17e4</run_address>
         <size>0xc0</size>
         <input_file_ref idref="fl-ef"/>
      </object_component>
      <object_component id="oc-1fd">
         <name>.debug_abbrev</name>
         <load_address>0x18a4</load_address>
         <run_address>0x18a4</run_address>
         <size>0x7e</size>
         <input_file_ref idref="fl-ef"/>
      </object_component>
      <object_component id="oc-225">
         <name>.debug_abbrev</name>
         <load_address>0x1922</load_address>
         <run_address>0x1922</run_address>
         <size>0x24</size>
         <input_file_ref idref="fl-ef"/>
      </object_component>
      <object_component id="oc-239">
         <name>.debug_abbrev</name>
         <load_address>0x1946</load_address>
         <run_address>0x1946</run_address>
[...]
         <object_component_ref idref="oc-b7"/>
      </symbol>
      <symbol id="sm-2f6">
         <name>SSIIntEnable</name>
         <value>0x6849</value>
         <object_component_ref idref="oc-b7"/>
      </symbol>
      <symbol id="sm-2f7">
         <name>SSIEnable</name>
         <value>0x67e5</value>
         <object_component_ref idref="oc-b7"/>
      </symbol>
      <symbol id="sm-2f8">
         <name>SSIClockSourceSet</name>
         <value>0x696f</value>
         <object_component_ref idref="oc-b7"/>
      </symbol>
      <symbol id="sm-2f9">
         <name>SSIBusy</name>
         <value>0x6951</value>
         <object_component_ref idref="oc-b7"/>
      </symbol>
      <symbol id="sm-2fa">
         <name>SSIDisable</name>
         <value>0x67fb</value>
         <object_component_ref idref="oc-b7"/>
      </symbol>
      <symbol id="sm-2fb">
         <name>SSIAdvDataPutFrameEndNonBlocking</name>
         <value>0x69eb</value>
         <object_component_ref idref="oc-b7"/>
      </symbol>
      <symbol id="sm-2fc">
         <name>SSIIntRegister</name>
         <value>0x6811</value>
         <object_component_ref idref="oc-b7"/>
      </symbol>
      <symbol id="sm-43e">
         <name>SysCtlGPIOAHBEnable</name>
         <value>0x4fb3</value>
         <object_component_ref idref="oc-7a"/>
      </symbol>
      <symbol id="sm-43f">
         <name>SysCtlIntRegister</name>
         <value>0x4691</value>
         <object_component_ref idref="oc-7a"/>
      </symbol>
      <symbol id="sm-440">
         <name>SysCtlFlashSizeGet</name>
         <value>0x42d3</value>
         <object_component_ref idref="oc-7a"/>
      </symbol>
      <symbol id="sm-441">
         <name>SysCtlPeripheralDeepSleepEnable</name>
         <value>0x45a5</value>
         <object_component_ref idref="oc-7a"/>
      </symbol>
      <symbol id="sm-442">
         <name>SysCtlLDODeepSleepGet</name>
         <value>0x4737</value>
         <object_component_ref idref="oc-7a"/>
      </symbol>
      <symbol id="sm-443">
         <name>SysCtlFlashSectorSizeGet</name>
         <value>0x42ff</value>
         <object_component_ref idref="oc-7a"/>
      </symbol>
      <symbol id="sm-444">
         <name>SysCtlIntDisable</name>
         <value>0x46cd</value>
         <object_component_ref idref="oc-7a"/>
      </symbol>
      <symbol id="sm-445">
         <name>SysCtlResetBehaviorGet</name>
         <value>0x481d</value>
         <object_component_ref idref="oc-7a"/>
      </symbol>
      <symbol id="sm-446">
         <name>SysCtlPeripheralPresent</name>
         <value>0x4325</value>
         <object_component_ref idref="oc-7a"/>
      </symbol>
      <symbol id="sm-447">
         <name>SysCtlDeepSleepClockSet</name>
         <value>0x4edb</value>
         <object_component_ref idref="oc-7a"/>
      </symbol>
      <symbol id="sm-448">
         <name>SysCtlClockSet</name>
         <value>0x4b65</value>
         <object_component_ref idref="oc-7a"/>
      </symbol>
      <symbol id="sm-449">
         <name>SysCtlAltClkConfig</name>
         <value>0x5145</value>
         <object_component_ref idref="oc-7a"/>
      </symbol>
      <symbol id="sm-44a">
         <name>SysCtlPeripheralClockGating</name>
         <value>0x463d</value>
         <object_component_ref idref="oc-7a"/>
      </symbol>
      <symbol id="sm-44b">
         <name>SysCtlIntStatus</name>
         <value>0x46f5</value>
         <object_component_ref idref="oc-7a"/>
      </symbol>
      <symbol id="sm-44c">
         <name>SysCtlIntClear</name>
         <value>0x46e5</value>
         <object_component_ref idref="oc-7a"/>
      </symbol>
      <symbol id="sm-44d">
         <name>SysCtlVoltageEventStatus</name>
         <value>0x5019</value>
         <object_component_ref idref="oc-7a"/>
      </symbol>
      <symbol id="sm-44e">
         <name>SysCtlVoltageEventConfig</name>
         <value>0x5009</value>
         <object_component_ref idref="oc-7a"/>
      </symbol>
      <symbol id="sm-44f">
         <name>SysCtlResetCauseGet</name>
         <value>0x478d</value>
         <object_component_ref idref="oc-7a"/>
      </symbol>
      <symbol id="sm-450">
         <name>SysCtlSleep</name>
         <value>0x4769</value>
         <object_component_ref idref="oc-7a"/>
      </symbol>
      <symbol id="sm-451">
         <name>SysCtlPWMClockGet</name>
         <value>0x4f9d</value>
         <object_component_ref idref="oc-7a"/>
      </symbol>
      <symbol id="sm-452">
         <name>SysCtlDeepSleepPowerSet</name>
         <value>0x4751</value>
         <object_component_ref idref="oc-7a"/>
      </symbol>
      <symbol id="sm-453">
         <name>SysCtlClockOutConfig</name>
         <value>0x5129</value>
         <object_component_ref idref="oc-7a"/>
      </symbol>
      <symbol id="sm-454">
         <name>SysCtlNMIStatus</name>
         <value>0x50f9</value>
         <object_component_ref idref="oc-7a"/>
      </symbol>
      <symbol id="sm-455">
         <name>SysCtlDeepSleepClockConfigSet</name>
         <value>0x4ef9</value>
         <object_component_ref idref="oc-7a"/>
      </symbol>
      <symbol id="sm-456">
         <name>SysCtlDelay</name>
         <value>0x6f4b</value>
         <object_component_ref idref="oc-10b"/>
      </symbol>
      <symbol id="sm-457">
         <name>SysCtlVoltageEventClear</name>
         <value>0x5025</value>
         <object_component_ref idref="oc-7a"/>
      </symbol>
      <symbol id="sm-458">
         <name>SysCtlLDOSleepSet</name>
         <value>0x4711</value>
         <object_component_ref idref="oc-7a"/>
      </symbol>
      <symbol id="sm-459">
         <name>SysCtlMOSCConfigSet</name>
         <value>0x47a7</value>
         <object_component_ref idref="oc-7a"/>
      </symbol>
      <symbol id="sm-45a">
         <name>SysCtlPeripheralEnable</name>
         <value>0x44a5</value>
         <object_component_ref idref="oc-7a"/>
      </symbol>
      <symbol id="sm-45b">
         <name>SysCtlIntEnable</name>
         <value>0x46b9</value>
         <object_component_ref idref="oc-7a"/>
      </symbol>
      <symbol id="sm-45c">
         <name>SysCtlNMIClear</name>
         <value>0x510d</value>
         <object_component_ref idref="oc-7a"/>
      </symbol>
      <symbol id="sm-45d">
         <name>SysCtlPeripheralPowerOff</name>
         <value>0x43e1</value>
         <object_component_ref idref="oc-7a"/>
      </symbol>
      <symbol id="sm-45e">
         <name>SysCtlSleepPowerSet</name>
         <value>0x473d</value>
         <object_component_ref idref="oc-7a"/>
      </symbol>
      <symbol id="sm-45f">
         <name>SysCtlDeepSleep</name>
         <value>0x4771</value>
         <object_component_ref idref="oc-7a"/>
      </symbol>
      <symbol id="sm-460">
         <name>SysCtlLDODeepSleepSet</name>
         <value>0x4727</value>
         <object_component_ref idref="oc-7a"/>
      </symbol>
      <symbol id="sm-461">
         <name>SysCtlPeripheralPowerOn</name>
         <value>0x43a5</value>
         <object_component_ref idref="oc-7a"/>
      </symbol>
      <symbol id="sm-462">
         <name>SysCtlPeripheralDeepSleepDisable</name>
         <value>0x45f5</value>
         <object_component_ref idref="oc-7a"/>
      </symbol>
      <symbol id="sm-463">
         <name>SysCtlPeripheralSleepDisable</name>
         <value>0x4569</value>
         <object_component_ref idref="oc-7a"/>
      </symbol>
      <symbol id="sm-464">
         <name>SysCtlVCOGet</name>
         <value>0x503d</value>
         <object_component_ref idref="oc-7a"/>
      </symbol>
      <symbol id="sm-465">
         <name>SysCtlResetBehaviorSet</name>
         <value>0x480d</value>
         <object_component_ref idref="oc-7a"/>
      </symbol>
      <symbol id="sm-466">
         <name>SysCtlReset</name>
         <value>0x4761</value>
         <object_component_ref idref="oc-7a"/>
      </symbol>
      <symbol id="sm-467">
         <name>SysCtlGPIOAHBDisable</name>
         <value>0x4fcf</value>
         <object_component_ref idref="oc-7a"/>
      </symbol>
      <symbol id="sm-468">
         <name>SysCtlSRAMSizeGet</name>
         <value>0x42c9</value>
         <object_component_ref idref="oc-7a"/>
      </symbol>
      <symbol id="sm-469">
         <name>SysCtlClockGet</name>
         <value>0x4d35</value>
         <object_component_ref idref="oc-7a"/>
      </symbol>
      <symbol id="sm-46a">
         <name>SysCtlPeripheralDisable</name>
         <value>0x44e1</value>
         <object_component_ref idref="oc-7a"/>
      </symbol>
      <symbol id="sm-46b">
         <name>SysCtlPWMClockSet</name>
         <value>0x4f83</value>
         <object_component_ref idref="oc-7a"/>
      </symbol>
      <symbol id="sm-46c">
         <name>SysCtlUSBPLLEnable</name>
         <value>0x4feb</value>
         <object_component_ref idref="oc-7a"/>
      </symbol>
      <symbol id="sm-46d">
         <name>SysCtlPeripheralSleepEnable</name>
         <value>0x4525</value>
         <object_component_ref idref="oc-7a"/>
      </symbol>
      <symbol id="sm-46e">
         <name>SysCtlIntUnregister</name>
         <value>0x46a9</value>
         <object_component_ref idref="oc-7a"/>
      </symbol>
      <symbol id="sm-46f">
         <name>SysCtlUSBPLLDisable</name>
         <value>0x4ff7</value>
         <object_component_ref idref="oc-7a"/>
      </symbol>
      <symbol id="sm-470">
         <name>SysCtlPeripheralReady</name>
         <value>0x4365</value>
         <object_component_ref idref="oc-7a"/>
      </symbol>
      <symbol id="sm-471">
         <name>SysCtlPIOSCCalibrate</name>
         <value>0x47bd</value>
         <object_component_ref idref="oc-7a"/>
      </symbol>
      <symbol id="sm-472">
         <name>SysCtlResetCauseClear</name>
         <value>0x4793</value>
         <object_component_ref idref="oc-7a"/>
      </symbol>
      <symbol id="sm-473">
         <name>SysCtlLDOSleepGet</name>
         <value>0x4721</value>
         <object_component_ref idref="oc-7a"/>
      </symbol>
      <symbol id="sm-474">
         <name>SysCtlClockFreqSet</name>
         <value>0x486d</value>
         <object_component_ref idref="oc-7a"/>
      </symbol>
      <symbol id="sm-475">
         <name>SysCtlPeripheralReset</name>
         <value>0x441d</value>
         <object_component_ref idref="oc-7a"/>
      </symbol>
      <symbol id="sm-4eb">
         <name>UARTClockSourceGet</name>
         <value>0x628b</value>
         <object_component_ref idref="oc-86"/>
      </symbol>
      <symbol id="sm-4ec">
         <name>UARTCharPutNonBlocking</name>
         <value>0x60fd</value>
         <object_component_ref idref="oc-86"/>
      </symbol>
      <symbol id="sm-4ed">
         <name>UARTDMAEnable</name>
         <value>0x6225</value>
         <object_component_ref idref="oc-86"/>
      </symbol>
      <symbol id="sm-4ee">
         <name>UARTTxIntModeSet</name>
         <value>0x6061</value>
         <object_component_ref idref="oc-86"/>
      </symbol>
      <symbol id="sm-4ef">
         <name>UARTFIFODisable</name>
         <value>0x5f0f</value>
         <object_component_ref idref="oc-86"/>
      </symbol>
      <symbol id="sm-4f0">
         <name>UARTIntUnregister</name>
         <value>0x61a5</value>
         <object_component_ref idref="oc-86"/>
      </symbol>
      <symbol id="sm-4f1">
         <name>UARTRxErrorClear</name>
         <value>0x6267</value>
         <object_component_ref idref="oc-86"/>
      </symbol>
      <symbol id="sm-4f2">
         <name>UARTModemControlSet</name>
         <value>0x5fb1</value>
         <object_component_ref idref="oc-86"/>
      </symbol>
      <symbol id="sm-4f3">
         <name>UARTFlowControlSet</name>
         <value>0x6033</value>
         <object_component_ref idref="oc-86"/>
      </symbol>
      <symbol id="sm-4f4">
         <name>UARTConfigSetExpClk</name>
         <value>0x5de9</value>
         <object_component_ref idref="oc-86"/>
      </symbol>
      <symbol id="sm-4f5">
         <name>UARTSmartCardDisable</name>
         <value>0x5f9b</value>
         <object_component_ref idref="oc-86"/>
      </symbol>
      <symbol id="sm-4f6">
         <name>UARTDisable</name>
         <value>0x5ecf</value>
         <object_component_ref idref="oc-86"/>
      </symbol>
      <symbol id="sm-4f7">
         <name>UART9BitDisable</name>
         <value>0x62b1</value>
         <object_component_ref idref="oc-86"/>
      </symbol>
      <symbol id="sm-4f8">
         <name>UARTFIFOLevelGet</name>
         <value>0x5dc1</value>
         <object_component_ref idref="oc-86"/>
      </symbol>
      <symbol id="sm-4f9">
         <name>UARTBusy</name>
         <value>0x6169</value>
         <object_component_ref idref="oc-86"/>
      </symbol>
      <symbol id="sm-4fa">
         <name>UARTDisableSIR</name>
         <value>0x5f53</value>
         <object_component_ref idref="oc-86"/>
      </symbol>
      <symbol id="sm-4fb">
         <name>UARTLoopbackEnable</name>
         <value>0x6335</value>
         <object_component_ref idref="oc-86"/>
      </symbol>
      <symbol id="sm-4fc">
         <name>UARTIntEnable</name>
         <value>0x61c5</value>
         <object_component_ref idref="oc-86"/>
      </symbol>
      <symbol id="sm-4fd">
         <name>UARTCharsAvail</name>
         <value>0x608f</value>
         <object_component_ref idref="oc-86"/>
      </symbol>
      <symbol id="sm-4fe">
         <name>UARTCharGetNonBlocking</name>
         <value>0x60cb</value>
         <object_component_ref idref="oc-86"/>
      </symbol>
      <symbol id="sm-4ff">
         <name>UARTClockSourceSet</name>
         <value>0x6277</value>
         <object_component_ref idref="oc-86"/>
      </symbol>
      <symbol id="sm-500">
         <name>UARTTxIntModeGet</name>
         <value>0x607d</value>
         <object_component_ref idref="oc-86"/>
      </symbol>
      <symbol id="sm-501">
         <name>UARTModemStatusGet</name>
         <value>0x601f</value>
         <object_component_ref idref="oc-86"/>
      </symbol>
      <symbol id="sm-502">
         <name>UARTIntDisable</name>
         <value>0x61dd</value>
         <object_component_ref idref="oc-86"/>
      </symbol>
      <symbol id="sm-503">
         <name>UARTCharPut</name>
         <value>0x6121</value>
         <object_component_ref idref="oc-86"/>
      </symbol>
      <symbol id="sm-504">
         <name>UARTParityModeSet</name>
         <value>0x5d7b</value>
         <object_component_ref idref="oc-86"/>
      </symbol>
      <symbol id="sm-505">
         <name>UARTRxErrorGet</name>
         <value>0x6255</value>
         <object_component_ref idref="oc-86"/>
      </symbol>
      <symbol id="sm-506">
         <name>UARTConfigGetExpClk</name>
         <value>0x5e5f</value>
         <object_component_ref idref="oc-86"/>
      </symbol>
      <symbol id="sm-507">
         <name>UARTEnableSIR</name>
         <value>0x5f25</value>
         <object_component_ref idref="oc-86"/>
      </symbol>
      <symbol id="sm-508">
         <name>UARTEnable</name>
         <value>0x5eab</value>
         <object_component_ref idref="oc-86"/>
      </symbol>
      <symbol id="sm-509">
         <name>UART9BitAddrSend</name>
         <value>0x62ed</value>
         <object_component_ref idref="oc-86"/>
      </symbol>
      <symbol id="sm-50a">
         <name>UARTModemControlGet</name>
         <value>0x600d</value>
         <object_component_ref idref="oc-86"/>
      </symbol>
      <symbol id="sm-50b">
         <name>UARTSmartCardEnable</name>
         <value>0x5f69</value>
         <object_component_ref idref="oc-86"/>
      </symbol>
      <symbol id="sm-50c">
         <name>UARTFlowControlGet</name>
         <value>0x604f</value>
         <object_component_ref idref="oc-86"/>
      </symbol>
      <symbol id="sm-50d">
         <name>UARTFIFOEnable</name>
         <value>0x5ef9</value>
         <object_component_ref idref="oc-86"/>
      </symbol>
      <symbol id="sm-50e">
         <name>UARTIntClear</name>
         <value>0x6213</value>
         <object_component_ref idref="oc-86"/>
      </symbol>
      <symbol id="sm-50f">
         <name>UARTIntStatus</name>
         <value>0x61f5</value>
         <object_component_ref idref="oc-86"/>
      </symbol>
      <symbol id="sm-510">
         <name>UARTDMADisable</name>
         <value>0x623d</value>
         <object_component_ref idref="oc-86"/>
      </symbol>
      <symbol id="sm-511">
         <name>UART9BitEnable</name>
         <value>0x629b</value>
         <object_component_ref idref="oc-86"/>
      </symbol>
      <symbol id="sm-512">
         <name>UARTSpaceAvail</name>
         <value>0x60ad</value>
         <object_component_ref idref="oc-86"/>
      </symbol>
      <symbol id="sm-513">
         <name>UARTCharGet</name>
         <value>0x60e7</value>
         <object_component_ref idref="oc-86"/>
      </symbol>
      <symbol id="sm-514">
         <name>UARTFIFOLevelSet</name>
         <value>0x5da9</value>
         <object_component_ref idref="oc-86"/>
      </symbol>
      <symbol id="sm-515">
         <name>UARTModemControlClear</name>
         <value>0x5fe9</value>
         <object_component_ref idref="oc-86"/>
      </symbol>
      <symbol id="sm-516">
         <name>UARTParityModeGet</name>
         <value>0x5d97</value>
         <object_component_ref idref="oc-86"/>
      </symbol>
      <symbol id="sm-517">
         <name>UARTIntRegister</name>
         <value>0x6187</value>
         <object_component_ref idref="oc-86"/>
      </symbol>
      <symbol id="sm-518">
         <name>UARTBreakCtl</name>
         <value>0x613f</value>
         <object_component_ref idref="oc-86"/>
      </symbol>
      <symbol id="sm-519">
         <name>UART9BitAddrSet</name>
         <value>0x62c7</value>
         <object_component_ref idref="oc-86"/>
      </symbol>
      <symbol id="sm-537">
         <name>memcpy</name>
         <value>0x6d9d</value>
         <object_component_ref idref="oc-47"/>
      </symbol>
      <symbol id="sm-538">
         <name>__aeabi_memcpy</name>
         <value>0x6d9d</value>
         <object_component_ref idref="oc-47"/>
      </symbol>
      <symbol id="sm-539">
         <name>__aeabi_memcpy8</name>
         <value>0x6d9d</value>
         <object_component_ref idref="oc-47"/>
      </symbol>
      <symbol id="sm-53a">
         <name>__aeabi_memcpy4</name>
         <value>0x6d9d</value>
         <object_component_ref idref="oc-47"/>
      </symbol>
      <symbol id="sm-553">
         <name>__TI_zero_init_nomemset</name>
         <value>0x6f11</value>
         <object_component_ref idref="oc-53"/>
      </symbol>
      <symbol id="sm-568">
         <name>__stack</name>
         <value>0x20000270</value>
         <object_component_ref idref="oc-24"/>
      </symbol>
      <symbol id="sm-569">
         <name>_c_int00_noargs</name>
         <value>0x6ebd</value>
         <object_component_ref idref="oc-65"/>
      </symbol>
      <symbol id="sm-592">
         <name>__TI_auto_init_nobinit_nopinit</name>
         <value>0x6e39</value>
         <object_component_ref idref="oc-18d"/>
      </symbol>
      <symbol id="sm-59c">
         <name>_system_pre_init</name>
         <value>0x6f51</value>
         <object_component_ref idref="oc-e1"/>
      </symbol>
      <symbol id="sm-5a8">
         <name>C$$EXIT</name>
         <value>0x6f55</value>
         <object_component_ref idref="oc-181"/>
      </symbol>
      <symbol id="sm-5a9">
         <name>abort</name>
         <value>0x6f55</value>
         <object_component_ref idref="oc-181"/>
      </symbol>
      <symbol id="sm-5ac">
         <name>__TI_static_base__</name>
         <value>0x75a0</value>
      </symbol>
      <symbol id="sm-5ae">
         <name>__mpu_init</name>
         <value>0x0</value>
      </symbol>
      <symbol id="sm-5af">
         <name>_system_post_cinit</name>
         <value>0x0</value>
      </symbol>
   </symbol_table>
   <title>Link successful</title>
</link_info>
