******************************************************************************
                  TI ARM Linker PC v20.2.5                     
******************************************************************************
>> Linked Sat Jul 16 15:37:56 2022

OUTPUT FILE NAME:   <boot_apppart.out>
ENTRY POINT SYMBOL: "_c_int00_noargs"  address: 00006ebd


MEMORY CONFIGURATION

         name            origin    length      used     unused   attr    fill
----------------------  --------  ---------  --------  --------  ----  --------
  FLASH                 00004000   000ff060  000035c4  000fba9c  R  X
  SRAM                  20000000   00040000  00000496  0003fb6a  RW X


SEGMENT ALLOCATION MAP

run origin  load origin   length   init length attrs members
----------  ----------- ---------- ----------- ----- -------
00004000    00004000    000035c4   000035c4    r-x
  00004000    00004000    00000208   00000208    r-- .intvecs
  00004208    00004208    00002d50   00002d50    r-x .text
  00006f58    00006f58    00000648   00000648    r-- .const
  000075a0    000075a0    00000024   00000024    r-- .cinit
20000000    20000000    0000049a   00000000    rw-
  20000000    20000000    0000026c   00000000    rw- .vtable
  20000270    20000270    00000200   00000000    rw- .stack
  20000470    20000470    0000002a   00000000    rw- .bss


SECTION ALLOCATION MAP

 output                                  attributes/
section   page    origin      length       input sections
--------  ----  ----------  ----------   ----------------
.intvecs   0    00004000    00000208     
                  00004000    00000208     tm4c1290nczad_startup_ccs.obj (.intvecs)

.text      0    00004208    00002d50     
                  00004208    00000f80     sysctl.obj (.text)
                  00005188    00000b94     gpio.obj (.text)
                  00005d1c    0000062e     uart.obj (.text)
                  0000634a    00000002     --HOLE-- [fill = 0]
                  0000634c    000003c0     interrupt.obj (.text)
                  0000670c    00000336     ssi.obj (.text)
                  00006a42    00000002     --HOLE-- [fill = 0]
                  00006a44    00000154     bsp_SPI.obj (.text)
                  00006b98    0000010c     API_Uart.obj (.text)
                  00006ca4    000000f8     bsp_Uart.obj (.text)
                  00006d9c    0000009c     rtsv7M4_T_le_v4SPD16_eabi.lib : memcpy_t2.asm.obj (.text)
                  00006e38    00000044                                   : autoinit.c.obj (.text:__TI_auto_init_nobinit_nopinit:__TI_auto_init_nobinit_nopinit)
                  00006e7c    0000003e     cpu.obj (.text)
                  00006eba    00000002     --HOLE-- [fill = 0]
                  00006ebc    00000034     rtsv7M4_T_le_v4SPD16_eabi.lib : boot_cortex_m.c.obj (.text:_c_int00_noargs:_c_int00_noargs)
                  00006ef0    00000020     bsp_Time.obj (.text)
                  00006f10    0000001c     rtsv7M4_T_le_v4SPD16_eabi.lib : copy_zero_init.c.obj (.text:decompress:ZI:__TI_zero_init_nomemset:__TI_zero_init_nomemset)
                  00006f2c    00000012     main.obj (.text)
                  00006f3e    0000000c     tm4c1290nczad_startup_ccs.obj (.text)
                  00006f4a    00000006     sysctl.obj (.text:SysCtlDelay)
                  00006f50    00000004     rtsv7M4_T_le_v4SPD16_eabi.lib : pre_init.c.obj (.text:_system_pre_init)
                  00006f54    00000004                                   : exit.c.obj (.text:abort:abort)

.const     0    00006f58    00000648     
                  00006f58    000001b0     sysctl.obj (.const:g_pppui32XTALtoVCO)
                  00007108    000000d8     gpio.obj (.const:g_ppui32GPIOIntMapSnowflake)
                  000071e0    000000c0     gpio.obj (.const:g_ppui32GPIOIntMapBlizzard)
                  000072a0    0000009c     interrupt.obj (.const:g_pui32Regs)
                  0000733c    00000090     gpio.obj (.const:g_pui32GPIOBaseAddrs)
                  000073cc    0000006c     sysctl.obj (.const:g_pui32Xtals)
                  00007438    00000040     uart.obj (.const:g_ppui32UARTIntMap)
                  00007478    00000040     uart.obj (.const:g_ppui32UARTIntMapSnowflake)
                  000074b8    00000030     sysctl.obj (.const:g_sXTALtoMEMTIM)
                  000074e8    00000020     ssi.obj (.const:g_ppui32SSIIntMap)
                  00007508    00000020     ssi.obj (.const:g_ppui32SSIIntMapSnowflake)
                  00007528    00000020     interrupt.obj (.const:g_pui32Priority)
                  00007548    00000014     interrupt.obj (.const:g_pui32Dii16Regs)
                  0000755c    00000014     interrupt.obj (.const:g_pui32EnRegs)
                  00007570    00000014     interrupt.obj (.const:g_pui32PendRegs)
                  00007584    00000014     interrupt.obj (.const:g_pui32UnpendRegs)
                  00007598    00000008     sysctl.obj (.const:g_pui32VCOFrequencies)

.cinit     0    000075a0    00000024     
                  000075a0    00000008     (.cinit..bss.load) [load image, compression = zero_init]
                  000075a8    00000008     (.cinit..vtable.load) [load image, compression = zero_init]
                  000075b0    00000004     (__TI_handler_table)
                  000075b4    00000010     (__TI_cinit_table)

.init_array 
*          0    00004000    00000000     UNINITIALIZED

.vtable    0    20000000    0000026c     UNINITIALIZED
                  20000000    0000026c     interrupt.obj (.vtable)

.bss       0    20000470    0000002a     UNINITIALIZED
                  20000470    00000010     (.common:Buffer)
                  20000480    00000010     (.common:rxBuffer)
                  20000490    00000008     (.common:g_ui32SysClock)
                  20000498    00000001     (.common:Reciveflag)
                  20000499    00000001     (.common:g_breceiveFlag)

.stack     0    20000270    00000200     UNINITIALIZED
                  20000270    00000004     rtsv7M4_T_le_v4SPD16_eabi.lib : boot_cortex_m.c.obj (.stack)
                  20000274    000001fc     --HOLE--

__llvm_prf_cnts 
*          0    20000000    00000000     UNINITIALIZED

MODULE SUMMARY

       Module                          code    ro data   rw data
       ------                          ----    -------   -------
    .\
       tm4c1290nczad_startup_ccs.obj   12      520       0      
       main.obj                        18      0         42     
    +--+-------------------------------+-------+---------+---------+
       Total:                          30      520       42     
                                                                
    .\MCU_API\src\
       API_Uart.obj                    268     0         0      
    +--+-------------------------------+-------+---------+---------+
       Total:                          268     0         0      
                                                                
    .\MCU_bsp\src\
       bsp_SPI.obj                     340     0         0      
       bsp_Uart.obj                    248     0         0      
       bsp_Time.obj                    32      0         0      
    +--+-------------------------------+-------+---------+---------+
       Total:                          620     0         0      
                                                                
    .\driverlib\
       sysctl.obj                      3974    596       0      
       gpio.obj                        2964    552       0      
       interrupt.obj                   960     268       620    
       uart.obj                        1582    128       0      
       ssi.obj                         822     64        0      
       cpu.obj                         62      0         0      
    +--+-------------------------------+-------+---------+---------+
       Total:                          10364   1608      620    
                                                                
    C:\ti\ccs1120\ccs\tools\compiler\ti-cgt-arm_20.2.5.LTS\lib\rtsv7M4_T_le_v4SPD16_eabi.lib
       memcpy_t2.asm.obj               156     0         0      
       autoinit.c.obj                  68      0         0      
       boot_cortex_m.c.obj             52      0         0      
       copy_zero_init.c.obj            28      0         0      
       exit.c.obj                      4       0         0      
       pre_init.c.obj                  4       0         0      
    +--+-------------------------------+-------+---------+---------+
       Total:                          312     0         0      
                                                                
       Stack:                          0       0         512    
       Linker Generated:               0       36        0      
    +--+-------------------------------+-------+---------+---------+
       Grand Total:                    11594   2164      1174   


LINKER GENERATED COPY TABLES

__TI_cinit_table @ 000075b4 records: 2, size/record: 8, table size: 16
	.bss: load addr=000075a0, load size=00000008 bytes, run addr=20000470, run size=0000002a bytes, compression=zero_init
	.vtable: load addr=000075a8, load size=00000008 bytes, run addr=20000000, run size=0000026c bytes, compression=zero_init


LINKER GENERATED HANDLER TABLE

__TI_handler_table @ 000075b0 records: 1, size/record: 4, table size: 4
	index: 0, handler: __TI_zero_init


GLOBAL SYMBOLS: SORTED ALPHABETICALLY BY Name 

address   name                            
-------   ----                            
20000470  Buffer                          
00006f55  C$$EXIT                         
00006eb1  CPUbasepriGet                   
00006ea3  CPUbasepriSet                   
00006e7d  CPUcpsid                        
00006e93  CPUcpsie                        
00006e89  CPUprimask                      
00006e9f  CPUwfi                          
00005cf5  GPIOADCTriggerDisable           
00005cd7  GPIOADCTriggerEnable            
00005cb9  GPIODMATriggerDisable           
00005c9b  GPIODMATriggerEnable            
00005243  GPIODirModeGet                  
000051e7  GPIODirModeSet                  
000057ab  GPIOIntClear                    
0000576f  GPIOIntDisable                  
00005755  GPIOIntEnable                   
000057bf  GPIOIntRegister                 
000057f7  GPIOIntRegisterPin              
00005789  GPIOIntStatus                   
00005333  GPIOIntTypeGet                  
0000528f  GPIOIntTypeSet                  
000057dd  GPIOIntUnregister               
00005825  GPIOIntUnregisterPin            
00005603  GPIOPadConfigGet                
000053c9  GPIOPadConfigSet                
00005c3d  GPIOPinConfigure                
00005849  GPIOPinRead                     
00005881  GPIOPinTypeADC                  
000058a5  GPIOPinTypeCAN                  
000058c9  GPIOPinTypeComparator           
000058ed  GPIOPinTypeComparatorOutput     
00005911  GPIOPinTypeDIVSCLK              
00005935  GPIOPinTypeEPI                  
00005959  GPIOPinTypeEthernetLED          
0000597d  GPIOPinTypeEthernetMII          
000059a1  GPIOPinTypeGPIOInput            
000059c5  GPIOPinTypeGPIOOutput           
000059e9  GPIOPinTypeGPIOOutputOD         
00005a0d  GPIOPinTypeHibernateRTCCLK      
00005a31  GPIOPinTypeI2C                  
00005a55  GPIOPinTypeI2CSCL               
00005a79  GPIOPinTypeLCD                  
00005a9d  GPIOPinTypeOneWire              
00005ac1  GPIOPinTypePWM                  
00005ae5  GPIOPinTypeQEI                  
00005b09  GPIOPinTypeSSI                  
00005b2d  GPIOPinTypeTimer                
00005b51  GPIOPinTypeTrace                
00005b75  GPIOPinTypeUART                 
00005b99  GPIOPinTypeUSBAnalog            
00005bbd  GPIOPinTypeUSBDigital           
00005be1  GPIOPinTypeWakeHigh             
00005c07  GPIOPinTypeWakeLow              
00005c2d  GPIOPinWakeStatus               
00005861  GPIOPinWrite                    
0000650d  IntDisable                      
0000649b  IntEnable                       
0000657f  IntIsEnabled                    
0000635f  IntMasterDisable                
0000634f  IntMasterEnable                 
00006675  IntPendClear                    
00006605  IntPendSet                      
00006477  IntPriorityGet                  
000063ef  IntPriorityGroupingGet          
000063d5  IntPriorityGroupingSet          
000066cf  IntPriorityMaskGet              
000066c3  IntPriorityMaskSet              
00006427  IntPrioritySet                  
0000636f  IntRegister                     
000066d7  IntTrigger                      
000063c1  IntUnregister                   
20000498  Reciveflag                      
00006f3f  ResetISR                        
00006a45  SPI_Init                        
00006a4d  SSI2IntHandler                  
00006a71  SSI2_Init                       
00006acf  SSI2_RW                         
00006b37  SSI2_Recive                     
00006b03  SSI2_Transmit                   
000069c5  SSIAdvDataPutFrameEnd           
000069eb  SSIAdvDataPutFrameEndNonBlocking
00006a2d  SSIAdvFrameHoldDisable          
00006a17  SSIAdvFrameHoldEnable           
00006993  SSIAdvModeSet                   
00006951  SSIBusy                         
00006983  SSIClockSourceGet               
0000696f  SSIClockSourceSet               
0000676b  SSIConfigSetExpClk              
00006939  SSIDMADisable                   
00006921  SSIDMAEnable                    
000068e3  SSIDataGet                      
000068ff  SSIDataGetNonBlocking           
000068a9  SSIDataPut                      
000068c3  SSIDataPutNonBlocking           
000067fb  SSIDisable                      
000067e5  SSIEnable                       
00006897  SSIIntClear                     
00006861  SSIIntDisable                   
00006849  SSIIntEnable                    
00006811  SSIIntRegister                  
00006879  SSIIntStatus                    
0000682f  SSIIntUnregister                
00005145  SysCtlAltClkConfig              
0000486d  SysCtlClockFreqSet              
00004d35  SysCtlClockGet                  
00005129  SysCtlClockOutConfig            
00004b65  SysCtlClockSet                  
00004771  SysCtlDeepSleep                 
00004ef9  SysCtlDeepSleepClockConfigSet   
00004edb  SysCtlDeepSleepClockSet         
00004751  SysCtlDeepSleepPowerSet         
00006f4b  SysCtlDelay                     
000042ff  SysCtlFlashSectorSizeGet        
000042d3  SysCtlFlashSizeGet              
00004fcf  SysCtlGPIOAHBDisable            
00004fb3  SysCtlGPIOAHBEnable             
000046e5  SysCtlIntClear                  
000046cd  SysCtlIntDisable                
000046b9  SysCtlIntEnable                 
00004691  SysCtlIntRegister               
000046f5  SysCtlIntStatus                 
000046a9  SysCtlIntUnregister             
00004737  SysCtlLDODeepSleepGet           
00004727  SysCtlLDODeepSleepSet           
00004721  SysCtlLDOSleepGet               
00004711  SysCtlLDOSleepSet               
000047a7  SysCtlMOSCConfigSet             
0000510d  SysCtlNMIClear                  
000050f9  SysCtlNMIStatus                 
000047bd  SysCtlPIOSCCalibrate            
00004f9d  SysCtlPWMClockGet               
00004f83  SysCtlPWMClockSet               
0000463d  SysCtlPeripheralClockGating     
000045f5  SysCtlPeripheralDeepSleepDisable
000045a5  SysCtlPeripheralDeepSleepEnable 
000044e1  SysCtlPeripheralDisable         
000044a5  SysCtlPeripheralEnable          
000043e1  SysCtlPeripheralPowerOff        
000043a5  SysCtlPeripheralPowerOn         
00004325  SysCtlPeripheralPresent         
00004365  SysCtlPeripheralReady           
0000441d  SysCtlPeripheralReset           
00004569  SysCtlPeripheralSleepDisable    
00004525  SysCtlPeripheralSleepEnable     
00004761  SysCtlReset                     
0000481d  SysCtlResetBehaviorGet          
0000480d  SysCtlResetBehaviorSet          
00004793  SysCtlResetCauseClear           
0000478d  SysCtlResetCauseGet             
000042c9  SysCtlSRAMSizeGet               
00004769  SysCtlSleep                     
0000473d  SysCtlSleepPowerSet             
00004ff7  SysCtlUSBPLLDisable             
00004feb  SysCtlUSBPLLEnable              
0000503d  SysCtlVCOGet                    
00005025  SysCtlVoltageEventClear         
00005009  SysCtlVoltageEventConfig        
00005019  SysCtlVoltageEventStatus        
00006ef1  Time_Init                       
00006ca7  UART0_Init                      
00006cfd  UART0_IntHandler                
00006d29  UART0_Receive                   
00006b99  UART0_ReceivePacket             
00006d5d  UART0_WriteByte                 
00006c31  UART0_sendPacket                
000062ed  UART9BitAddrSend                
000062c7  UART9BitAddrSet                 
000062b1  UART9BitDisable                 
0000629b  UART9BitEnable                  
0000613f  UARTBreakCtl                    
00006169  UARTBusy                        
000060e7  UARTCharGet                     
000060cb  UARTCharGetNonBlocking          
00006121  UARTCharPut                     
000060fd  UARTCharPutNonBlocking          
0000608f  UARTCharsAvail                  
0000628b  UARTClockSourceGet              
00006277  UARTClockSourceSet              
00005e5f  UARTConfigGetExpClk             
00005de9  UARTConfigSetExpClk             
0000623d  UARTDMADisable                  
00006225  UARTDMAEnable                   
00005ecf  UARTDisable                     
00005f53  UARTDisableSIR                  
00005eab  UARTEnable                      
00005f25  UARTEnableSIR                   
00005f0f  UARTFIFODisable                 
00005ef9  UARTFIFOEnable                  
00005dc1  UARTFIFOLevelGet                
00005da9  UARTFIFOLevelSet                
0000604f  UARTFlowControlGet              
00006033  UARTFlowControlSet              
00006213  UARTIntClear                    
000061dd  UARTIntDisable                  
000061c5  UARTIntEnable                   
00006187  UARTIntRegister                 
000061f5  UARTIntStatus                   
000061a5  UARTIntUnregister               
00006335  UARTLoopbackEnable              
00005fe9  UARTModemControlClear           
0000600d  UARTModemControlGet             
00005fb1  UARTModemControlSet             
0000601f  UARTModemStatusGet              
00005d97  UARTParityModeGet               
00005d7b  UARTParityModeSet               
00006267  UARTRxErrorClear                
00006255  UARTRxErrorGet                  
00005f9b  UARTSmartCardDisable            
00005f69  UARTSmartCardEnable             
000060ad  UARTSpaceAvail                  
0000607d  UARTTxIntModeGet                
00006061  UARTTxIntModeSet                
00006ca5  UART_init                       
20000470  __STACK_END                     
00000200  __STACK_SIZE                    
20000470  __STACK_TOP                     
000075b4  __TI_CINIT_Base                 
000075c4  __TI_CINIT_Limit                
000075b0  __TI_Handler_Table_Base         
000075b4  __TI_Handler_Table_Limit        
00006e39  __TI_auto_init_nobinit_nopinit  
ffffffff  __TI_pprof_out_hndl             
ffffffff  __TI_prof_data_size             
ffffffff  __TI_prof_data_start            
000075a0  __TI_static_base__              
00006f11  __TI_zero_init_nomemset         
00006d9d  __aeabi_memcpy                  
00006d9d  __aeabi_memcpy4                 
00006d9d  __aeabi_memcpy8                 
ffffffff  __binit__                       
ffffffff  __c_args__                      
UNDEFED   __mpu_init                      
20000270  __stack                         
20000000  __start___llvm_prf_cnts         
20000000  __stop___llvm_prf_cnts          
00006ebd  _c_int00_noargs                 
UNDEFED   _system_post_cinit              
00006f51  _system_pre_init                
00006f55  abort                           
ffffffff  binit                           
20000499  g_breceiveFlag                  
20000000  g_pfnRAMVectors                 
00004000  g_pfnVectors                    
20000490  g_ui32SysClock                  
00006f2d  main                            
00006d9d  memcpy                          
20000480  rxBuffer                        


GLOBAL SYMBOLS: SORTED BY Symbol Address 

address   name                            
-------   ----                            
00000200  __STACK_SIZE                    
00004000  g_pfnVectors                    
000042c9  SysCtlSRAMSizeGet               
000042d3  SysCtlFlashSizeGet              
000042ff  SysCtlFlashSectorSizeGet        
00004325  SysCtlPeripheralPresent         
00004365  SysCtlPeripheralReady           
000043a5  SysCtlPeripheralPowerOn         
000043e1  SysCtlPeripheralPowerOff        
0000441d  SysCtlPeripheralReset           
000044a5  SysCtlPeripheralEnable          
000044e1  SysCtlPeripheralDisable         
00004525  SysCtlPeripheralSleepEnable     
00004569  SysCtlPeripheralSleepDisable    
000045a5  SysCtlPeripheralDeepSleepEnable 
000045f5  SysCtlPeripheralDeepSleepDisable
0000463d  SysCtlPeripheralClockGating     
00004691  SysCtlIntRegister               
000046a9  SysCtlIntUnregister             
000046b9  SysCtlIntEnable                 
000046cd  SysCtlIntDisable                
000046e5  SysCtlIntClear                  
000046f5  SysCtlIntStatus                 
00004711  SysCtlLDOSleepSet               
00004721  SysCtlLDOSleepGet               
00004727  SysCtlLDODeepSleepSet           
00004737  SysCtlLDODeepSleepGet           
0000473d  SysCtlSleepPowerSet             
00004751  SysCtlDeepSleepPowerSet         
00004761  SysCtlReset                     
00004769  SysCtlSleep                     
00004771  SysCtlDeepSleep                 
0000478d  SysCtlResetCauseGet             
00004793  SysCtlResetCauseClear           
000047a7  SysCtlMOSCConfigSet             
000047bd  SysCtlPIOSCCalibrate            
0000480d  SysCtlResetBehaviorSet          
0000481d  SysCtlResetBehaviorGet          
0000486d  SysCtlClockFreqSet              
00004b65  SysCtlClockSet                  
00004d35  SysCtlClockGet                  
00004edb  SysCtlDeepSleepClockSet         
00004ef9  SysCtlDeepSleepClockConfigSet   
00004f83  SysCtlPWMClockSet               
00004f9d  SysCtlPWMClockGet               
00004fb3  SysCtlGPIOAHBEnable             
00004fcf  SysCtlGPIOAHBDisable            
00004feb  SysCtlUSBPLLEnable              
00004ff7  SysCtlUSBPLLDisable             
00005009  SysCtlVoltageEventConfig        
00005019  SysCtlVoltageEventStatus        
00005025  SysCtlVoltageEventClear         
0000503d  SysCtlVCOGet                    
000050f9  SysCtlNMIStatus                 
0000510d  SysCtlNMIClear                  
00005129  SysCtlClockOutConfig            
00005145  SysCtlAltClkConfig              
000051e7  GPIODirModeSet                  
00005243  GPIODirModeGet                  
0000528f  GPIOIntTypeSet                  
00005333  GPIOIntTypeGet                  
000053c9  GPIOPadConfigSet                
00005603  GPIOPadConfigGet                
00005755  GPIOIntEnable                   
0000576f  GPIOIntDisable                  
00005789  GPIOIntStatus                   
000057ab  GPIOIntClear                    
000057bf  GPIOIntRegister                 
000057dd  GPIOIntUnregister               
000057f7  GPIOIntRegisterPin              
00005825  GPIOIntUnregisterPin            
00005849  GPIOPinRead                     
00005861  GPIOPinWrite                    
00005881  GPIOPinTypeADC                  
000058a5  GPIOPinTypeCAN                  
000058c9  GPIOPinTypeComparator           
000058ed  GPIOPinTypeComparatorOutput     
00005911  GPIOPinTypeDIVSCLK              
00005935  GPIOPinTypeEPI                  
00005959  GPIOPinTypeEthernetLED          
0000597d  GPIOPinTypeEthernetMII          
000059a1  GPIOPinTypeGPIOInput            
000059c5  GPIOPinTypeGPIOOutput           
000059e9  GPIOPinTypeGPIOOutputOD         
00005a0d  GPIOPinTypeHibernateRTCCLK      
00005a31  GPIOPinTypeI2C                  
00005a55  GPIOPinTypeI2CSCL               
00005a79  GPIOPinTypeLCD                  
00005a9d  GPIOPinTypeOneWire              
00005ac1  GPIOPinTypePWM                  
00005ae5  GPIOPinTypeQEI                  
00005b09  GPIOPinTypeSSI                  
00005b2d  GPIOPinTypeTimer                
00005b51  GPIOPinTypeTrace                
00005b75  GPIOPinTypeUART                 
00005b99  GPIOPinTypeUSBAnalog            
00005bbd  GPIOPinTypeUSBDigital           
00005be1  GPIOPinTypeWakeHigh             
00005c07  GPIOPinTypeWakeLow              
00005c2d  GPIOPinWakeStatus               
00005c3d  GPIOPinConfigure                
00005c9b  GPIODMATriggerEnable            
00005cb9  GPIODMATriggerDisable           
00005cd7  GPIOADCTriggerEnable            
00005cf5  GPIOADCTriggerDisable           
00005d7b  UARTParityModeSet               
00005d97  UARTParityModeGet               
00005da9  UARTFIFOLevelSet                
00005dc1  UARTFIFOLevelGet                
00005de9  UARTConfigSetExpClk             
00005e5f  UARTConfigGetExpClk             
00005eab  UARTEnable                      
00005ecf  UARTDisable                     
00005ef9  UARTFIFOEnable                  
00005f0f  UARTFIFODisable                 
00005f25  UARTEnableSIR                   
00005f53  UARTDisableSIR                  
00005f69  UARTSmartCardEnable             
00005f9b  UARTSmartCardDisable            
00005fb1  UARTModemControlSet             
00005fe9  UARTModemControlClear           
0000600d  UARTModemControlGet             
0000601f  UARTModemStatusGet              
00006033  UARTFlowControlSet              
0000604f  UARTFlowControlGet              
00006061  UARTTxIntModeSet                
0000607d  UARTTxIntModeGet                
0000608f  UARTCharsAvail                  
000060ad  UARTSpaceAvail                  
000060cb  UARTCharGetNonBlocking          
000060e7  UARTCharGet                     
000060fd  UARTCharPutNonBlocking          
00006121  UARTCharPut                     
0000613f  UARTBreakCtl                    
00006169  UARTBusy                        
00006187  UARTIntRegister                 
000061a5  UARTIntUnregister               
000061c5  UARTIntEnable                   
000061dd  UARTIntDisable                  
000061f5  UARTIntStatus                   
00006213  UARTIntClear                    
00006225  UARTDMAEnable                   
0000623d  UARTDMADisable                  
00006255  UARTRxErrorGet                  
00006267  UARTRxErrorClear                
00006277  UARTClockSourceSet              
0000628b  UARTClockSourceGet              
0000629b  UART9BitEnable                  
000062b1  UART9BitDisable                 
000062c7  UART9BitAddrSet                 
000062ed  UART9BitAddrSend                
00006335  UARTLoopbackEnable              
0000634f  IntMasterEnable                 
0000635f  IntMasterDisable                
0000636f  IntRegister                     
000063c1  IntUnregister                   
000063d5  IntPriorityGroupingSet          
000063ef  IntPriorityGroupingGet          
00006427  IntPrioritySet                  
00006477  IntPriorityGet                  
0000649b  IntEnable                       
0000650d  IntDisable                      
0000657f  IntIsEnabled                    
00006605  IntPendSet                      
00006675  IntPendClear                    
000066c3  IntPriorityMaskSet              
000066cf  IntPriorityMaskGet              
000066d7  IntTrigger                      
0000676b  SSIConfigSetExpClk              
000067e5  SSIEnable                       
000067fb  SSIDisable                      
00006811  SSIIntRegister                  
0000682f  SSIIntUnregister                
00006849  SSIIntEnable                    
00006861  SSIIntDisable                   
00006879  SSIIntStatus                    
00006897  SSIIntClear                     
000068a9  SSIDataPut                      
000068c3  SSIDataPutNonBlocking           
000068e3  SSIDataGet                      
000068ff  SSIDataGetNonBlocking           
00006921  SSIDMAEnable                    
00006939  SSIDMADisable                   
00006951  SSIBusy                         
0000696f  SSIClockSourceSet               
00006983  SSIClockSourceGet               
00006993  SSIAdvModeSet                   
000069c5  SSIAdvDataPutFrameEnd           
000069eb  SSIAdvDataPutFrameEndNonBlocking
00006a17  SSIAdvFrameHoldEnable           
00006a2d  SSIAdvFrameHoldDisable          
00006a45  SPI_Init                        
00006a4d  SSI2IntHandler                  
00006a71  SSI2_Init                       
00006acf  SSI2_RW                         
00006b03  SSI2_Transmit                   
00006b37  SSI2_Recive                     
00006b99  UART0_ReceivePacket             
00006c31  UART0_sendPacket                
00006ca5  UART_init                       
00006ca7  UART0_Init                      
00006cfd  UART0_IntHandler                
00006d29  UART0_Receive                   
00006d5d  UART0_WriteByte                 
00006d9d  __aeabi_memcpy                  
00006d9d  __aeabi_memcpy4                 
00006d9d  __aeabi_memcpy8                 
00006d9d  memcpy                          
00006e39  __TI_auto_init_nobinit_nopinit  
00006e7d  CPUcpsid                        
00006e89  CPUprimask                      
00006e93  CPUcpsie                        
00006e9f  CPUwfi                          
00006ea3  CPUbasepriSet                   
00006eb1  CPUbasepriGet                   
00006ebd  _c_int00_noargs                 
00006ef1  Time_Init                       
00006f11  __TI_zero_init_nomemset         
00006f2d  main                            
00006f3f  ResetISR                        
00006f4b  SysCtlDelay                     
00006f51  _system_pre_init                
00006f55  C$$EXIT                         
00006f55  abort                           
000075a0  __TI_static_base__              
000075b0  __TI_Handler_Table_Base         
000075b4  __TI_CINIT_Base                 
000075b4  __TI_Handler_Table_Limit        
000075c4  __TI_CINIT_Limit                
20000000  __start___llvm_prf_cnts         
20000000  __stop___llvm_prf_cnts          
20000000  g_pfnRAMVectors                 
20000270  __stack                         
20000470  Buffer                          
20000470  __STACK_END                     
20000470  __STACK_TOP                     
20000480  rxBuffer                        
20000490  g_ui32SysClock                  
20000498  Reciveflag                      
20000499  g_breceiveFlag                  
ffffffff  __TI_pprof_out_hndl             
ffffffff  __TI_prof_data_size             
ffffffff  __TI_prof_data_start            
ffffffff  __binit__                       
ffffffff  __c_args__                      
ffffffff  binit                           
UNDEFED   __mpu_init                      
UNDEFED   _system_post_cinit              

[248 symbols]
